../Core/Src/main.c:104:6:HAL_I2C_MemRxCpltCallback	16	static
../Core/Src/main.c:109:6:HAL_I2C_MemTxCpltCallback	16	static
../Core/Src/main.c:115:6:serial_message_print	16	static
../Core/Src/main.c:122:6:IC_read_data	72	dynamic
../Core/Src/main.c:143:5:main	8	static
../Core/Src/main.c:238:6:SystemClock_Config	88	static
../Core/Src/main.c:286:13:MX_DAC_Init	16	static
../Core/Src/main.c:326:13:MX_I2C1_Init	8	static
../Core/Src/main.c:360:13:MX_TIM2_Init	32	static
../Core/Src/main.c:405:13:MX_USART2_UART_Init	8	static
../Core/Src/main.c:436:13:MX_DMA_Init	16	static
../Core/Src/main.c:454:13:MX_GPIO_Init	48	static
../Core/Src/main.c:489:6:StartTask1	64	static
../Core/Src/main.c:549:6:StartTask2	16	static
../Core/Src/main.c:567:6:StartTask3	16	static
../Core/Src/main.c:586:6:HAL_TIM_PeriodElapsedCallback	16	static
../Core/Src/main.c:604:6:Error_Handler	4	static,ignoring_inline_asm
