../Core/Src/main.c:116:6:HAL_I2C_MemRxCpltCallback	1
../Core/Src/main.c:121:6:HAL_I2C_MemTxCpltCallback	1
../Core/Src/main.c:127:6:serial_message_print	1
../Core/Src/main.c:134:6:IC_read_data	1
../Core/Src/main.c:155:5:main	1
../Core/Src/main.c:250:6:SystemClock_Config	3
../Core/Src/main.c:298:13:MX_DAC_Init	3
../Core/Src/main.c:338:13:MX_I2C1_Init	2
../Core/Src/main.c:372:13:MX_TIM2_Init	4
../Core/Src/main.c:417:13:MX_USART2_UART_Init	2
../Core/Src/main.c:448:13:MX_DMA_Init	1
../Core/Src/main.c:466:13:MX_GPIO_Init	1
../Core/Src/main.c:501:6:StartTask1	2
../Core/Src/main.c:559:6:StartTask2	1
../Core/Src/main.c:577:6:StartTask3	1
../Core/Src/main.c:596:6:HAL_TIM_PeriodElapsedCallback	2
../Core/Src/main.c:614:6:Error_Handler	1
