../Core/Src/main.c:103:6:HAL_I2C_MemRxCpltCallback	1
../Core/Src/main.c:108:6:HAL_I2C_MemTxCpltCallback	1
../Core/Src/main.c:114:6:serial_message_print	1
../Core/Src/main.c:121:6:IC_read_data	1
../Core/Src/main.c:142:5:main	1
../Core/Src/main.c:237:6:SystemClock_Config	3
../Core/Src/main.c:285:13:MX_DAC_Init	3
../Core/Src/main.c:325:13:MX_I2C1_Init	2
../Core/Src/main.c:359:13:MX_TIM2_Init	4
../Core/Src/main.c:404:13:MX_USART2_UART_Init	2
../Core/Src/main.c:435:13:MX_DMA_Init	1
../Core/Src/main.c:453:13:MX_GPIO_Init	1
../Core/Src/main.c:488:6:StartTask1	2
../Core/Src/main.c:547:6:StartTask2	1
../Core/Src/main.c:565:6:StartTask3	1
../Core/Src/main.c:584:6:HAL_TIM_PeriodElapsedCallback	2
../Core/Src/main.c:602:6:Error_Handler	1
