../Core/Src/main.c:112:6:HAL_UARTEx_RxEventCallback	1
../Core/Src/main.c:131:5:main	1
../Core/Src/main.c:227:6:SystemClock_Config	3
../Core/Src/main.c:275:13:MX_DAC_Init	3
../Core/Src/main.c:315:13:MX_TIM2_Init	4
../Core/Src/main.c:360:13:MX_USART2_UART_Init	2
../Core/Src/main.c:393:13:MX_DMA_Init	1
../Core/Src/main.c:411:13:MX_GPIO_Init	1
../Core/Src/main.c:447:6:StartTask1	10
../Core/Src/main.c:504:6:StartTask2	5
../Core/Src/main.c:542:6:StartTask3	1
../Core/Src/main.c:561:6:HAL_TIM_PeriodElapsedCallback	2
../Core/Src/main.c:579:6:Error_Handler	1
