../Core/Src/main.c:104:6:HAL_UARTEx_RxEventCallback	1
../Core/Src/main.c:123:5:main	1
../Core/Src/main.c:214:6:SystemClock_Config	3
../Core/Src/main.c:262:13:MX_DAC_Init	3
../Core/Src/main.c:302:13:MX_TIM2_Init	4
../Core/Src/main.c:347:13:MX_USART2_UART_Init	2
../Core/Src/main.c:380:13:MX_DMA_Init	1
../Core/Src/main.c:398:13:MX_GPIO_Init	1
../Core/Src/main.c:434:6:StartTask1	3
../Core/Src/main.c:463:6:StartTask2	2
../Core/Src/main.c:488:6:StartTask3	1
../Core/Src/main.c:507:6:HAL_TIM_PeriodElapsedCallback	2
../Core/Src/main.c:525:6:Error_Handler	1
