../Core/Src/main.c:110:6:HAL_UARTEx_RxEventCallback	16	static
../Core/Src/main.c:129:5:main	16	static
../Core/Src/main.c:225:6:SystemClock_Config	88	static
../Core/Src/main.c:273:13:MX_DAC_Init	16	static
../Core/Src/main.c:313:13:MX_TIM2_Init	32	static
../Core/Src/main.c:358:13:MX_USART2_UART_Init	8	static
../Core/Src/main.c:391:13:MX_DMA_Init	16	static
../Core/Src/main.c:409:13:MX_GPIO_Init	48	static
../Core/Src/main.c:445:6:StartTask1	64	static
../Core/Src/main.c:487:6:StartTask2	24	static
../Core/Src/main.c:514:6:StartTask3	16	static
../Core/Src/main.c:533:6:HAL_TIM_PeriodElapsedCallback	16	static
../Core/Src/main.c:551:6:Error_Handler	4	static,ignoring_inline_asm
