../Core/Src/main.c:94:5:main	8	static
../Core/Src/main.c:182:6:SystemClock_Config	88	static
../Core/Src/main.c:230:13:MX_USART2_UART_Init	8	static
../Core/Src/main.c:261:13:MX_DMA_Init	16	static
../Core/Src/main.c:279:13:MX_GPIO_Init	48	static
../Core/Src/main.c:344:6:StartTask1	32	static
../Core/Src/main.c:368:6:StartTask2	16	static
../Core/Src/main.c:386:6:StartTask3	16	static
../Core/Src/main.c:405:6:HAL_TIM_PeriodElapsedCallback	16	static
../Core/Src/main.c:423:6:Error_Handler	4	static,ignoring_inline_asm
