Archive member included to satisfy reference by file (symbol)

E:/Outpost Vault/Outpost Door/Outpost downloads/STMCubeIDE/Cube/STM32CubeIDE/plugins/com.st.stm32cube.ide.mcu.externaltools.gnu-tools-for-stm32.14.3.rel1.win32_1.0.100.202602081740/tools/bin/../lib/gcc/arm-none-eabi/14.3.1/../../../../arm-none-eabi/lib/thumb/v7e-m+fp/hard\libc_nano.a(libc_a-exit.o)
                              E:/Outpost Vault/Outpost Door/Outpost downloads/STMCubeIDE/Cube/STM32CubeIDE/plugins/com.st.stm32cube.ide.mcu.externaltools.gnu-tools-for-stm32.14.3.rel1.win32_1.0.100.202602081740/tools/bin/../lib/gcc/arm-none-eabi/14.3.1/../../../../arm-none-eabi/lib/thumb/v7e-m+fp/hard/crt0.o (exit)
E:/Outpost Vault/Outpost Door/Outpost downloads/STMCubeIDE/Cube/STM32CubeIDE/plugins/com.st.stm32cube.ide.mcu.externaltools.gnu-tools-for-stm32.14.3.rel1.win32_1.0.100.202602081740/tools/bin/../lib/gcc/arm-none-eabi/14.3.1/../../../../arm-none-eabi/lib/thumb/v7e-m+fp/hard\libc_nano.a(libc_a-nano-vfprintf_float.o)
                              (_printf_float)
E:/Outpost Vault/Outpost Door/Outpost downloads/STMCubeIDE/Cube/STM32CubeIDE/plugins/com.st.stm32cube.ide.mcu.externaltools.gnu-tools-for-stm32.14.3.rel1.win32_1.0.100.202602081740/tools/bin/../lib/gcc/arm-none-eabi/14.3.1/../../../../arm-none-eabi/lib/thumb/v7e-m+fp/hard\libc_nano.a(libc_a-nano-vfprintf_i.o)
                              E:/Outpost Vault/Outpost Door/Outpost downloads/STMCubeIDE/Cube/STM32CubeIDE/plugins/com.st.stm32cube.ide.mcu.externaltools.gnu-tools-for-stm32.14.3.rel1.win32_1.0.100.202602081740/tools/bin/../lib/gcc/arm-none-eabi/14.3.1/../../../../arm-none-eabi/lib/thumb/v7e-m+fp/hard\libc_nano.a(libc_a-nano-vfprintf_float.o) (_printf_common)
E:/Outpost Vault/Outpost Door/Outpost downloads/STMCubeIDE/Cube/STM32CubeIDE/plugins/com.st.stm32cube.ide.mcu.externaltools.gnu-tools-for-stm32.14.3.rel1.win32_1.0.100.202602081740/tools/bin/../lib/gcc/arm-none-eabi/14.3.1/../../../../arm-none-eabi/lib/thumb/v7e-m+fp/hard\libc_nano.a(libc_a-findfp.o)
                              ./Middlewares/Third_Party/FreeRTOS/Source/tasks.o (__sf)
E:/Outpost Vault/Outpost Door/Outpost downloads/STMCubeIDE/Cube/STM32CubeIDE/plugins/com.st.stm32cube.ide.mcu.externaltools.gnu-tools-for-stm32.14.3.rel1.win32_1.0.100.202602081740/tools/bin/../lib/gcc/arm-none-eabi/14.3.1/../../../../arm-none-eabi/lib/thumb/v7e-m+fp/hard\libc_nano.a(libc_a-fwalk.o)
                              E:/Outpost Vault/Outpost Door/Outpost downloads/STMCubeIDE/Cube/STM32CubeIDE/plugins/com.st.stm32cube.ide.mcu.externaltools.gnu-tools-for-stm32.14.3.rel1.win32_1.0.100.202602081740/tools/bin/../lib/gcc/arm-none-eabi/14.3.1/../../../../arm-none-eabi/lib/thumb/v7e-m+fp/hard\libc_nano.a(libc_a-findfp.o) (_fwalk_sglue)
E:/Outpost Vault/Outpost Door/Outpost downloads/STMCubeIDE/Cube/STM32CubeIDE/plugins/com.st.stm32cube.ide.mcu.externaltools.gnu-tools-for-stm32.14.3.rel1.win32_1.0.100.202602081740/tools/bin/../lib/gcc/arm-none-eabi/14.3.1/../../../../arm-none-eabi/lib/thumb/v7e-m+fp/hard\libc_nano.a(libc_a-sprintf.o)
                              ./Core/Src/main.o (sprintf)
E:/Outpost Vault/Outpost Door/Outpost downloads/STMCubeIDE/Cube/STM32CubeIDE/plugins/com.st.stm32cube.ide.mcu.externaltools.gnu-tools-for-stm32.14.3.rel1.win32_1.0.100.202602081740/tools/bin/../lib/gcc/arm-none-eabi/14.3.1/../../../../arm-none-eabi/lib/thumb/v7e-m+fp/hard\libc_nano.a(libc_a-stdio.o)
                              E:/Outpost Vault/Outpost Door/Outpost downloads/STMCubeIDE/Cube/STM32CubeIDE/plugins/com.st.stm32cube.ide.mcu.externaltools.gnu-tools-for-stm32.14.3.rel1.win32_1.0.100.202602081740/tools/bin/../lib/gcc/arm-none-eabi/14.3.1/../../../../arm-none-eabi/lib/thumb/v7e-m+fp/hard\libc_nano.a(libc_a-findfp.o) (__sread)
E:/Outpost Vault/Outpost Door/Outpost downloads/STMCubeIDE/Cube/STM32CubeIDE/plugins/com.st.stm32cube.ide.mcu.externaltools.gnu-tools-for-stm32.14.3.rel1.win32_1.0.100.202602081740/tools/bin/../lib/gcc/arm-none-eabi/14.3.1/../../../../arm-none-eabi/lib/thumb/v7e-m+fp/hard\libc_nano.a(libc_a-memset.o)
                              E:/Outpost Vault/Outpost Door/Outpost downloads/STMCubeIDE/Cube/STM32CubeIDE/plugins/com.st.stm32cube.ide.mcu.externaltools.gnu-tools-for-stm32.14.3.rel1.win32_1.0.100.202602081740/tools/bin/../lib/gcc/arm-none-eabi/14.3.1/../../../../arm-none-eabi/lib/thumb/v7e-m+fp/hard/crt0.o (memset)
E:/Outpost Vault/Outpost Door/Outpost downloads/STMCubeIDE/Cube/STM32CubeIDE/plugins/com.st.stm32cube.ide.mcu.externaltools.gnu-tools-for-stm32.14.3.rel1.win32_1.0.100.202602081740/tools/bin/../lib/gcc/arm-none-eabi/14.3.1/../../../../arm-none-eabi/lib/thumb/v7e-m+fp/hard\libc_nano.a(libc_a-localeconv.o)
[...]
Memory Configuration

Name             Origin             Length             Attributes
RAM              0x20000000         0x00020000         xrw
FLASH            0x08000000         0x00080000         xr
*default*        0x00000000         0xffffffff

Linker script and memory map

LOAD E:/Outpost Vault/Outpost Door/Outpost downloads/STMCubeIDE/Cube/STM32CubeIDE/plugins/com.st.stm32cube.ide.mcu.externaltools.gnu-tools-for-stm32.14.3.rel1.win32_1.0.100.202602081740/tools/bin/../lib/gcc/arm-none-eabi/14.3.1/thumb/v7e-m+fp/hard/crti.o
LOAD E:/Outpost Vault/Outpost Door/Outpost downloads/STMCubeIDE/Cube/STM32CubeIDE/plugins/com.st.stm32cube.ide.mcu.externaltools.gnu-tools-for-stm32.14.3.rel1.win32_1.0.100.202602081740/tools/bin/../lib/gcc/arm-none-eabi/14.3.1/thumb/v7e-m+fp/hard/crtbegin.o
LOAD E:/Outpost Vault/Outpost Door/Outpost downloads/STMCubeIDE/Cube/STM32CubeIDE/plugins/com.st.stm32cube.ide.mcu.externaltools.gnu-tools-for-stm32.14.3.rel1.win32_1.0.100.202602081740/tools/bin/../lib/gcc/arm-none-eabi/14.3.1/../../../../arm-none-eabi/lib/thumb/v7e-m+fp/hard/crt0.o
LOAD ./Core/Src/freertos.o
LOAD ./Core/Src/main.o
LOAD ./Core/Src/stm32f4xx_hal_msp.o
LOAD ./Core/Src/stm32f4xx_hal_timebase_tim.o
LOAD ./Core/Src/stm32f4xx_it.o
LOAD ./Core/Src/syscalls.o
LOAD ./Core/Src/sysmem.o
LOAD ./Core/Src/system_stm32f4xx.o
LOAD ./Core/Startup/startup_stm32f446retx.o
LOAD ./Drivers/STM32F4xx_HAL_Driver/Src/stm32f4xx_hal.o
LOAD ./Drivers/STM32F4xx_HAL_Driver/Src/stm32f4xx_hal_cortex.o
LOAD ./Drivers/STM32F4xx_HAL_Driver/Src/stm32f4xx_hal_dac.o
LOAD ./Drivers/STM32F4xx_HAL_Driver/Src/stm32f4xx_hal_dac_ex.o
LOAD ./Drivers/STM32F4xx_HAL_Driver/Src/stm32f4xx_hal_dma.o
LOAD ./Drivers/STM32F4xx_HAL_Driver/Src/stm32f4xx_hal_dma_ex.o
LOAD ./Drivers/STM32F4xx_HAL_Driver/Src/stm32f4xx_hal_exti.o
LOAD ./Drivers/STM32F4xx_HAL_Driver/Src/stm32f4xx_hal_flash.o
LOAD ./Drivers/STM32F4xx_HAL_Driver/Src/stm32f4xx_hal_flash_ex.o
LOAD ./Drivers/STM32F4xx_HAL_Driver/Src/stm32f4xx_hal_flash_ramfunc.o
LOAD ./Drivers/STM32F4xx_HAL_Driver/Src/stm32f4xx_hal_gpio.o
LOAD ./Drivers/STM32F4xx_HAL_Driver/Src/stm32f4xx_hal_i2c.o
LOAD ./Drivers/STM32F4xx_HAL_Driver/Src/stm32f4xx_hal_i2c_ex.o
LOAD ./Drivers/STM32F4xx_HAL_Driver/Src/stm32f4xx_hal_pwr.o
LOAD ./Drivers/STM32F4xx_HAL_Driver/Src/stm32f4xx_hal_pwr_ex.o
LOAD ./Drivers/STM32F4xx_HAL_Driver/Src/stm32f4xx_hal_rcc.o
LOAD ./Drivers/STM32F4xx_HAL_Driver/Src/stm32f4xx_hal_rcc_ex.o
LOAD ./Drivers/STM32F4xx_HAL_Driver/Src/stm32f4xx_hal_tim.o
LOAD ./Drivers/STM32F4xx_HAL_Driver/Src/stm32f4xx_hal_tim_ex.o
LOAD ./Drivers/STM32F4xx_HAL_Driver/Src/stm32f4xx_hal_uart.o
LOAD ./Middlewares/Third_Party/FreeRTOS/Source/CMSIS_RTOS_V2/cmsis_os2.o
LOAD ./Middlewares/Third_Party/FreeRTOS/Source/croutine.o
LOAD ./Middlewares/Third_Party/FreeRTOS/Source/event_groups.o
LOAD ./Middlewares/Third_Party/FreeRTOS/Source/list.o
LOAD ./Middlewares/Third_Party/FreeRTOS/Source/queue.o
LOAD ./Middlewares/Third_Party/FreeRTOS/Source/stream_buffer.o
LOAD ./Middlewares/Third_Party/FreeRTOS/Source/tasks.o
LOAD ./Middlewares/Third_Party/FreeRTOS/Source/timers.o
LOAD ./Middlewares/Third_Party/FreeRTOS/Source/portable/GCC/ARM_CM4F/port.o
LOAD ./Middlewares/Third_Party/FreeRTOS/Source/portable/MemMang/heap_4.o
START GROUP
LOAD E:/Outpost Vault/Outpost Door/Outpost downloads/STMCubeIDE/Cube/STM32CubeIDE/plugins/com.st.stm32cube.ide.mcu.externaltools.gnu-tools-for-stm32.14.3.rel1.win32_1.0.100.202602081740/tools/bin/../lib/gcc/arm-none-eabi/14.3.1/../../../../arm-none-eabi/lib/thumb/v7e-m+fp/hard\libc_nano.a
LOAD E:/Outpost Vault/Outpost Door/Outpost downloads/STMCubeIDE/Cube/STM32CubeIDE/plugins/com.st.stm32cube.ide.mcu.externaltools.gnu-tools-for-stm32.14.3.rel1.win32_1.0.100.202602081740/tools/bin/../lib/gcc/arm-none-eabi/14.3.1/../../../../arm-none-eabi/lib/thumb/v7e-m+fp/hard\libm.a
END GROUP
START GROUP
LOAD E:/Outpost Vault/Outpost Door/Outpost downloads/STMCubeIDE/Cube/STM32CubeIDE/plugins/com.st.stm32cube.ide.mcu.externaltools.gnu-tools-for-stm32.14.3.rel1.win32_1.0.100.202602081740/tools/bin/../lib/gcc/arm-none-eabi/14.3.1/thumb/v7e-m+fp/hard\libgcc.a
LOAD E:/Outpost Vault/Outpost Door/Outpost downloads/STMCubeIDE/Cube/STM32CubeIDE/plugins/com.st.stm32cube.ide.mcu.externaltools.gnu-tools-for-stm32.14.3.rel1.win32_1.0.100.202602081740/tools/bin/../lib/gcc/arm-none-eabi/14.3.1/../../../../arm-none-eabi/lib/thumb/v7e-m+fp/hard\libc_nano.a
END GROUP
START GROUP
LOAD E:/Outpost Vault/Outpost Door/Outpost downloads/STMCubeIDE/Cube/STM32CubeIDE/plugins/com.st.stm32cube.ide.mcu.externaltools.gnu-tools-for-stm32.14.3.rel1.win32_1.0.100.202602081740/tools/bin/../lib/gcc/arm-none-eabi/14.3.1/thumb/v7e-m+fp/hard\libgcc.a
LOAD E:/Outpost Vault/Outpost Door/Outpost downloads/STMCubeIDE/Cube/STM32CubeIDE/plugins/com.st.stm32cube.ide.mcu.externaltools.gnu-tools-for-stm32.14.3.rel1.win32_1.0.100.202602081740/tools/bin/../lib/gcc/arm-none-eabi/14.3.1/../../../../arm-none-eabi/lib/thumb/v7e-m+fp/hard\libc_nano.a
LOAD E:/Outpost Vault/Outpost Door/Outpost downloads/STMCubeIDE/Cube/STM32CubeIDE/plugins/com.st.stm32cube.ide.mcu.externaltools.gnu-tools-for-stm32.14.3.rel1.win32_1.0.100.202602081740/tools/bin/../lib/gcc/arm-none-eabi/14.3.1/../../../../arm-none-eabi/lib/thumb/v7e-m+fp/hard\libnosys.a
END GROUP
START GROUP
LOAD E:/Outpost Vault/Outpost Door/Outpost downloads/STMCubeIDE/Cube/STM32CubeIDE/plugins/com.st.stm32cube.ide.mcu.externaltools.gnu-tools-for-stm32.14.3.rel1.win32_1.0.100.202602081740/tools/bin/../lib/gcc/arm-none-eabi/14.3.1/thumb/v7e-m+fp/hard\libgcc.a
LOAD E:/Outpost Vault/Outpost Door/Outpost downloads/STMCubeIDE/Cube/STM32CubeIDE/plugins/com.st.stm32cube.ide.mcu.externaltools.gnu-tools-for-stm32.14.3.rel1.win32_1.0.100.202602081740/tools/bin/../lib/gcc/arm-none-eabi/14.3.1/../../../../arm-none-eabi/lib/thumb/v7e-m+fp/hard\libc_nano.a
LOAD E:/Outpost Vault/Outpost Door/Outpost downloads/STMCubeIDE/Cube/STM32CubeIDE/plugins/com.st.stm32cube.ide.mcu.externaltools.gnu-tools-for-stm32.14.3.rel1.win32_1.0.100.202602081740/tools/bin/../lib/gcc/arm-none-eabi/14.3.1/../../../../arm-none-eabi/lib/thumb/v7e-m+fp/hard\libnosys.a
END GROUP
LOAD E:/Outpost Vault/Outpost Door/Outpost downloads/STMCubeIDE/Cube/STM32CubeIDE/plugins/com.st.stm32cube.ide.mcu.externaltools.gnu-tools-for-stm32.14.3.rel1.win32_1.0.100.202602081740/tools/bin/../lib/gcc/arm-none-eabi/14.3.1/thumb/v7e-m+fp/hard/crtend.o
LOAD E:/Outpost Vault/Outpost Door/Outpost downloads/STMCubeIDE/Cube/STM32CubeIDE/plugins/com.st.stm32cube.ide.mcu.externaltools.gnu-tools-for-stm32.14.3.rel1.win32_1.0.100.202602081740/tools/bin/../lib/gcc/arm-none-eabi/14.3.1/thumb/v7e-m+fp/hard/crtn.o
                0x20020000                        _estack = (ORIGIN (RAM) + LENGTH (RAM))
                0x00000200                        _Min_Heap_Size = 0x200
                0x00000400                        _Min_Stack_Size = 0x400

.isr_vector     0x08000000      0x1c4
                0x08000000                        . = ALIGN (0x4)
 *(.isr_vector)
 .isr_vector    0x08000000      0x1c4 ./Core/Startup/startup_stm32f446retx.o
                0x08000000                g_pfnVectors
                0x080001c4                        . = ALIGN (0x4)

.text           0x080001d0     0xd490
                0x080001d0                        . = ALIGN (0x4)
 *(.text)
 .text          0x080001d0       0x40 E:/Outpost Vault/Outpost Door/Outpost downloads/STMCubeIDE/Cube/STM32CubeIDE/plugins/com.st.stm32cube.ide.mcu.externaltools.gnu-tools-for-stm32.14.3.rel1.win32_1.0.100.202602081740/tools/bin/../lib/gcc/arm-none-eabi/14.3.1/thumb/v7e-m+fp/hard/crtbegin.o
 .text          0x08000210       0xa0 E:/Outpost Vault/Outpost Door/Outpost downloads/STMCubeIDE/Cube/STM32CubeIDE/plugins/com.st.stm32cube.ide.mcu.externaltools.gnu-tools-for-stm32.14.3.rel1.win32_1.0.100.202602081740/tools/bin/../lib/gcc/arm-none-eabi/14.3.1/../../../../arm-none-eabi/lib/thumb/v7e-m+fp/hard\libc_nano.a(libc_a-memchr.o)
                0x08000210                memchr
 .text          0x080002b0       0x10 E:/Outpost Vault/Outpost Door/Outpost downloads/STMCubeIDE/Cube/STM32CubeIDE/plugins/com.st.stm32cube.ide.mcu.externaltools.gnu-tools-for-stm32.14.3.rel1.win32_1.0.100.202602081740/tools/bin/../lib/gcc/arm-none-eabi/14.3.1/../../../../arm-none-eabi/lib/thumb/v7e-m+fp/hard\libc_nano.a(libc_a-strlen.o)
                0x080002b0                strlen
 .text          0x080002c0      0x378 E:/Outpost Vault/Outpost Door/Outpost downloads/STMCubeIDE/Cube/STM32CubeIDE/plugins/com.st.stm32cube.ide.mcu.externaltools.gnu-tools-for-stm32.14.3.rel1.win32_1.0.100.202602081740/tools/bin/../lib/gcc/arm-none-eabi/14.3.1/thumb/v7e-m+fp/hard\libgcc.a(_arm_addsubdf3.o)
                0x080002c0                __aeabi_drsub
                0x080002c8                __aeabi_dsub
                0x080002c8                __subdf3
                0x080002cc                __aeabi_dadd
                0x080002cc                __adddf3
                0x08000544                __floatunsidf
                0x08000544                __aeabi_ui2d
                0x08000564                __floatsidf
                0x08000564                __aeabi_i2d
                0x08000588                __aeabi_f2d
                0x08000588                __extendsfdf2
                0x080005cc                __floatundidf
                0x080005cc                __aeabi_ul2d
                0x080005dc                __floatdidf
                0x080005dc                __aeabi_l2d
 .text          0x08000638      0x424 E:/Outpost Vault/Outpost Door/Outpost downloads/STMCubeIDE/Cube/STM32CubeIDE/plugins/com.st.stm32cube.ide.mcu.externaltools.gnu-tools-for-stm32.14.3.rel1.win32_1.0.100.202602081740/tools/bin/../lib/gcc/arm-none-eabi/14.3.1/thumb/v7e-m+fp/hard\libgcc.a(_arm_muldivdf3.o)
                0x08000638                __aeabi_dmul
                0x08000638                __muldf3
                0x0800088c                __divdf3
                0x0800088c                __aeabi_ddiv
 .text          0x08000a5c      0x110 E:/Outpost Vault/Outpost Door/Outpost downloads/STMCubeIDE/Cube/STM32CubeIDE/plugins/com.st.stm32cube.ide.mcu.externaltools.gnu-tools-for-stm32.14.3.rel1.win32_1.0.100.202602081740/tools/bin/../lib/gcc/arm-none-eabi/14.3.1/thumb/v7e-m+fp/hard\libgcc.a(_arm_cmpdf2.o)
                0x08000a5c                __gtdf2
                0x08000a5c                __gedf2
                0x08000a64                __ltdf2
                0x08000a64                __ledf2
                0x08000a6c                __nedf2
                0x08000a6c                __eqdf2
                0x08000a6c                __cmpdf2
                0x08000ae8                __aeabi_cdrcmple
                0x08000af8                __aeabi_cdcmpeq
                0x08000af8                __aeabi_cdcmple
                0x08000b08                __aeabi_dcmpeq
                0x08000b1c                __aeabi_dcmplt
                0x08000b30                __aeabi_dcmple
                0x08000b44                __aeabi_dcmpge
                0x08000b58                __aeabi_dcmpgt
 .text          0x08000b6c       0x2c E:/Outpost Vault/Outpost Door/Outpost downloads/STMCubeIDE/Cube/STM32CubeIDE/plugins/com.st.stm32cube.ide.mcu.externaltools.gnu-tools-for-stm32.14.3.rel1.win32_1.0.100.202602081740/tools/bin/../lib/gcc/arm-none-eabi/14.3.1/thumb/v7e-m+fp/hard\libgcc.a(_arm_unorddf2.o)
                0x08000b6c                __unorddf2
                0x08000b6c                __aeabi_dcmpun
 .text          0x08000b98       0x50 E:/Outpost Vault/Outpost Door/Outpost downloads/STMCubeIDE/Cube/STM32CubeIDE/plugins/com.st.stm32cube.ide.mcu.externaltools.gnu-tools-for-stm32.14.3.rel1.win32_1.0.100.202602081740/tools/bin/../lib/gcc/arm-none-eabi/14.3.1/thumb/v7e-m+fp/hard\libgcc.a(_arm_fixdfsi.o)
                0x08000b98                __aeabi_d2iz
                0x08000b98                __fixdfsi
 .text          0x08000be8       0xa0 E:/Outpost Vault/Outpost Door/Outpost downloads/STMCubeIDE/Cube/STM32CubeIDE/plugins/com.st.stm32cube.ide.mcu.externaltools.gnu-tools-for-stm32.14.3.rel1.win32_1.0.100.202602081740/tools/bin/../lib/gcc/arm-none-eabi/14.3.1/thumb/v7e-m+fp/hard\libgcc.a(_arm_truncdfsf2.o)
                0x08000be8                __truncdfsf2
                0x08000be8                __aeabi_d2f
 .text          0x08000c88       0x30 E:/Outpost Vault/Outpost Door/Outpost downloads/STMCubeIDE/Cube/STM32CubeIDE/plugins/com.st.stm32cube.ide.mcu.externaltools.gnu-tools-for-stm32.14.3.rel1.win32_1.0.100.202602081740/tools/bin/../lib/gcc/arm-none-eabi/14.3.1/thumb/v7e-m+fp/hard\libgcc.a(_aeabi_uldivmod.o)
                0x08000c88                __aeabi_uldivmod
 .text          0x08000cb8      0x2f8 E:/Outpost Vault/Outpost Door/Outpost downloads/STMCubeIDE/Cube/STM32CubeIDE/plugins/com.st.stm32cube.ide.mcu.externaltools.gnu-tools-for-stm32.14.3.rel1.win32_1.0.100.202602081740/tools/bin/../lib/gcc/arm-none-eabi/14.3.1/thumb/v7e-m+fp/hard\libgcc.a(_udivmoddi4.o)
                0x08000cb8                __udivmoddi4
 .text          0x08000fb0        0x4 E:/Outpost Vault/Outpost Door/Outpost downloads/STMCubeIDE/Cube/STM32CubeIDE/plugins/com.st.stm32cube.ide.mcu.externaltools.gnu-tools-for-stm32.14.3.rel1.win32_1.0.100.202602081740/tools/bin/../lib/gcc/arm-none-eabi/14.3.1/thumb/v7e-m+fp/hard\libgcc.a(_dvmd_tls.o)
                0x08000fb0                __aeabi_idiv0
                0x08000fb0                __aeabi_ldiv0
 *(.text*)
 .text.serial_message_print
                0x08000fb4       0x30 ./Core/Src/main.o
                0x08000fb4                serial_message_print
 .text.read_data
                0x08000fe4       0xe0 ./Core/Src/main.o
                0x08000fe4                read_data
 .text.print_data
                0x080010c4       0x68 ./Core/Src/main.o
                0x080010c4                print_data
 .text.main     0x0800112c       0x9c ./Core/Src/main.o
                0x0800112c                main
 .text.SystemClock_Config
                0x080011c8       0xdc ./Core/Src/main.o
                0x080011c8                SystemClock_Config
 .text.MX_DAC_Init
                0x080012a4       0x54 ./Core/Src/main.o
 .text.MX_I2C1_Init
                0x080012f8       0x5c ./Core/Src/main.o
 .text.MX_TIM2_Init
                0x08001354       0x9c ./Core/Src/main.o
 .text.MX_USART2_UART_Init
                0x080013f0       0x54 ./Core/Src/main.o
 .text.MX_DMA_Init
                0x08001444       0x40 ./Core/Src/main.o
 .text.MX_GPIO_Init
                0x08001484       0xb4 ./Core/Src/main.o
 .text.StartTask1
                0x08001538      0x16c ./Core/Src/main.o
                0x08001538                StartTask1
 .text.StartTask2
                0x080016a4       0x10 ./Core/Src/main.o
                0x080016a4                StartTask2
 .text.StartTask3
                0x080016b4       0x10 ./Core/Src/main.o
                0x080016b4                StartTask3
 .text.HAL_TIM_PeriodElapsedCallback
                0x080016c4       0x24 ./Core/Src/main.o
                0x080016c4                HAL_TIM_PeriodElapsedCallback
 .text.Error_Handler
                0x080016e8        0xc ./Core/Src/main.o
                0x080016e8                Error_Handler
 .text.HAL_MspInit
                0x080016f4       0x58 ./Core/Src/stm32f4xx_hal_msp.o
                0x080016f4                HAL_MspInit
 .text.HAL_DAC_MspInit
                0x0800174c      0x104 ./Core/Src/stm32f4xx_hal_msp.o
                0x0800174c                HAL_DAC_MspInit
 .text.HAL_I2C_MspInit
                0x08001850       0xb0 ./Core/Src/stm32f4xx_hal_msp.o
                0x08001850                HAL_I2C_MspInit
 .text.HAL_TIM_Base_MspInit
                0x08001900       0x40 ./Core/Src/stm32f4xx_hal_msp.o
                0x08001900                HAL_TIM_Base_MspInit
 .text.HAL_UART_MspInit
                0x08001940       0xa0 ./Core/Src/stm32f4xx_hal_msp.o
                0x08001940                HAL_UART_MspInit
 .text.HAL_InitTick
                0x080019e0       0xf8 ./Core/Src/stm32f4xx_hal_timebase_tim.o
                0x080019e0                HAL_InitTick
 .text.NMI_Handler
                0x08001ad8        0x8 ./Core/Src/stm32f4xx_it.o
                0x08001ad8                NMI_Handler
 .text.HardFault_Handler
                0x08001ae0        0x8 ./Core/Src/stm32f4xx_it.o
                0x08001ae0                HardFault_Handler
 .text.MemManage_Handler
                0x08001ae8        0x8 ./Core/Src/stm32f4xx_it.o
                0x08001ae8                MemManage_Handler
 .text.BusFault_Handler
                0x08001af0        0x8 ./Core/Src/stm32f4xx_it.o
                0x08001af0                BusFault_Handler
 .text.UsageFault_Handler
                0x08001af8        0x8 ./Core/Src/stm32f4xx_it.o
                0x08001af8                UsageFault_Handler
 .text.DebugMon_Handler
                0x08001b00        0xe ./Core/Src/stm32f4xx_it.o
                0x08001b00                DebugMon_Handler
 *fill*         0x08001b0e        0x2 
 .text.DMA1_Stream5_IRQHandler
                0x08001b10       0x14 ./Core/Src/stm32f4xx_it.o
                0x08001b10                DMA1_Stream5_IRQHandler
 .text.I2C1_EV_IRQHandler
                0x08001b24       0x14 ./Core/Src/stm32f4xx_it.o
                0x08001b24                I2C1_EV_IRQHandler
 .text.I2C1_ER_IRQHandler
                0x08001b38       0x14 ./Core/Src/stm32f4xx_it.o
                0x08001b38                I2C1_ER_IRQHandler
 .text.USART2_IRQHandler
                0x08001b4c       0x14 ./Core/Src/stm32f4xx_it.o
                0x08001b4c                USART2_IRQHandler
 .text.TIM6_DAC_IRQHandler
                0x08001b60       0x28 ./Core/Src/stm32f4xx_it.o
                0x08001b60                TIM6_DAC_IRQHandler
 .text._getpid  0x08001b88       0x10 ./Core/Src/syscalls.o
                0x08001b88                _getpid
 .text._kill    0x08001b98       0x20 ./Core/Src/syscalls.o
                0x08001b98                _kill
 .text._exit    0x08001bb8       0x16 ./Core/Src/syscalls.o
                0x08001bb8                _exit
 .text._read    0x08001bce       0x3a ./Core/Src/syscalls.o
                0x08001bce                _read
 .text._write   0x08001c08       0x38 ./Core/Src/syscalls.o
                0x08001c08                _write
 .text._close   0x08001c40       0x18 ./Core/Src/syscalls.o
                0x08001c40                _close
 .text._fstat   0x08001c58       0x20 ./Core/Src/syscalls.o
                0x08001c58                _fstat
 .text._isatty  0x08001c78       0x16 ./Core/Src/syscalls.o
                0x08001c78                _isatty
 .text._lseek   0x08001c8e       0x1a ./Core/Src/syscalls.o
                0x08001c8e                _lseek
 .text._sbrk    0x08001ca8       0x6c ./Core/Src/sysmem.o
                0x08001ca8                _sbrk
 .text.SystemInit
                0x08001d14       0x24 ./Core/Src/system_stm32f4xx.o
                0x08001d14                SystemInit
 .text.Reset_Handler
                0x08001d38       0x50 ./Core/Startup/startup_stm32f446retx.o
                0x08001d38                Reset_Handler
 .text.Default_Handler
                0x08001d88        0x2 ./Core/Startup/startup_stm32f446retx.o
                0x08001d88                RTC_Alarm_IRQHandler
                0x08001d88                EXTI2_IRQHandler
                0x08001d88                TIM8_CC_IRQHandler
                0x08001d88                FMPI2C1_EV_IRQHandler
                0x08001d88                SPI4_IRQHandler
                0x08001d88                TIM1_CC_IRQHandler
                0x08001d88                DMA2_Stream5_IRQHandler
                0x08001d88                PVD_IRQHandler
                0x08001d88                SDIO_IRQHandler
                0x08001d88                TAMP_STAMP_IRQHandler
                0x08001d88                CAN2_RX1_IRQHandler
                0x08001d88                EXTI3_IRQHandler
                0x08001d88                TIM8_TRG_COM_TIM14_IRQHandler
                0x08001d88                TIM1_UP_TIM10_IRQHandler
                0x08001d88                TIM8_UP_TIM13_IRQHandler
                0x08001d88                I2C3_ER_IRQHandler
                0x08001d88                EXTI0_IRQHandler
                0x08001d88                I2C2_EV_IRQHandler
                0x08001d88                DMA1_Stream2_IRQHandler
                0x08001d88                CAN1_RX0_IRQHandler
                0x08001d88                FPU_IRQHandler
                0x08001d88                OTG_HS_WKUP_IRQHandler
                0x08001d88                CAN2_SCE_IRQHandler
                0x08001d88                DMA2_Stream2_IRQHandler
                0x08001d88                SPI1_IRQHandler
                0x08001d88                TIM1_BRK_TIM9_IRQHandler
                0x08001d88                DCMI_IRQHandler
                0x08001d88                CAN2_RX0_IRQHandler
                0x08001d88                DMA2_Stream3_IRQHandler
                0x08001d88                SAI2_IRQHandler
                0x08001d88                USART6_IRQHandler
                0x08001d88                USART3_IRQHandler
                0x08001d88                CAN1_RX1_IRQHandler
                0x08001d88                UART5_IRQHandler
                0x08001d88                DMA2_Stream0_IRQHandler
                0x08001d88                TIM4_IRQHandler
                0x08001d88                QUADSPI_IRQHandler
                0x08001d88                DMA1_Stream6_IRQHandler
                0x08001d88                DMA1_Stream1_IRQHandler
                0x08001d88                UART4_IRQHandler
                0x08001d88                TIM3_IRQHandler
                0x08001d88                RCC_IRQHandler
                0x08001d88                TIM8_BRK_TIM12_IRQHandler
                0x08001d88                Default_Handler
                0x08001d88                CEC_IRQHandler
                0x08001d88                EXTI15_10_IRQHandler
                0x08001d88                ADC_IRQHandler
                0x08001d88                DMA1_Stream7_IRQHandler
                0x08001d88                TIM7_IRQHandler
                0x08001d88                CAN2_TX_IRQHandler
                0x08001d88                TIM5_IRQHandler
                0x08001d88                DMA2_Stream7_IRQHandler
                0x08001d88                I2C3_EV_IRQHandler
                0x08001d88                EXTI9_5_IRQHandler
                0x08001d88                RTC_WKUP_IRQHandler
                0x08001d88                SPDIF_RX_IRQHandler
                0x08001d88                SPI2_IRQHandler
                0x08001d88                OTG_HS_EP1_IN_IRQHandler
                0x08001d88                DMA1_Stream0_IRQHandler
                0x08001d88                CAN1_TX_IRQHandler
                0x08001d88                FMPI2C1_ER_IRQHandler
                0x08001d88                EXTI4_IRQHandler
                0x08001d88                OTG_HS_EP1_OUT_IRQHandler
                0x08001d88                WWDG_IRQHandler
                0x08001d88                TIM2_IRQHandler
                0x08001d88                OTG_FS_WKUP_IRQHandler
                0x08001d88                TIM1_TRG_COM_TIM11_IRQHandler
                0x08001d88                OTG_HS_IRQHandler
                0x08001d88                EXTI1_IRQHandler
                0x08001d88                I2C2_ER_IRQHandler
                0x08001d88                DMA2_Stream1_IRQHandler
                0x08001d88                CAN1_SCE_IRQHandler
                0x08001d88                FLASH_IRQHandler
                0x08001d88                DMA2_Stream4_IRQHandler
                0x08001d88                USART1_IRQHandler
                0x08001d88                OTG_FS_IRQHandler
                0x08001d88                SPI3_IRQHandler
                0x08001d88                DMA1_Stream4_IRQHandler
                0x08001d88                FMC_IRQHandler
                0x08001d88                DMA2_Stream6_IRQHandler
                0x08001d88                SAI1_IRQHandler
                0x08001d88                DMA1_Stream3_IRQHandler
 *fill*         0x08001d8a        0x2 
 .text.HAL_Init
                0x08001d8c       0x44 ./Drivers/STM32F4xx_HAL_Driver/Src/stm32f4xx_hal.o
                0x08001d8c                HAL_Init
 .text.HAL_IncTick
                0x08001dd0       0x28 ./Drivers/STM32F4xx_HAL_Driver/Src/stm32f4xx_hal.o
                0x08001dd0                HAL_IncTick
 .text.HAL_GetTick
                0x08001df8       0x18 ./Drivers/STM32F4xx_HAL_Driver/Src/stm32f4xx_hal.o
                0x08001df8                HAL_GetTick
 .text.__NVIC_SetPriorityGrouping
                0x08001e10       0x48 ./Drivers/STM32F4xx_HAL_Driver/Src/stm32f4xx_hal_cortex.o
 .text.__NVIC_GetPriorityGrouping
                0x08001e58       0x1c ./Drivers/STM32F4xx_HAL_Driver/Src/stm32f4xx_hal_cortex.o
 .text.__NVIC_EnableIRQ
                0x08001e74       0x3c ./Drivers/STM32F4xx_HAL_Driver/Src/stm32f4xx_hal_cortex.o
 .text.__NVIC_SetPriority
                0x08001eb0       0x54 ./Drivers/STM32F4xx_HAL_Driver/Src/stm32f4xx_hal_cortex.o
 .text.NVIC_EncodePriority
                0x08001f04       0x66 ./Drivers/STM32F4xx_HAL_Driver/Src/stm32f4xx_hal_cortex.o
 .text.HAL_NVIC_SetPriorityGrouping
                0x08001f6a       0x16 ./Drivers/STM32F4xx_HAL_Driver/Src/stm32f4xx_hal_cortex.o
                0x08001f6a                HAL_NVIC_SetPriorityGrouping
 .text.HAL_NVIC_SetPriority
                0x08001f80       0x38 ./Drivers/STM32F4xx_HAL_Driver/Src/stm32f4xx_hal_cortex.o
                0x08001f80                HAL_NVIC_SetPriority
 .text.HAL_NVIC_EnableIRQ
                0x08001fb8       0x1c ./Drivers/STM32F4xx_HAL_Driver/Src/stm32f4xx_hal_cortex.o
                0x08001fb8                HAL_NVIC_EnableIRQ
 .text.HAL_DAC_Init
                0x08001fd4       0x44 ./Drivers/STM32F4xx_HAL_Driver/Src/stm32f4xx_hal_dac.o
                0x08001fd4                HAL_DAC_Init
 .text.HAL_DAC_IRQHandler
                0x08002018       0xac ./Drivers/STM32F4xx_HAL_Driver/Src/stm32f4xx_hal_dac.o
                0x08002018                HAL_DAC_IRQHandler
 .text.HAL_DAC_DMAUnderrunCallbackCh1
                0x080020c4       0x14 ./Drivers/STM32F4xx_HAL_Driver/Src/stm32f4xx_hal_dac.o
                0x080020c4                HAL_DAC_DMAUnderrunCallbackCh1
 .text.HAL_DAC_ConfigChannel
                0x080020d8       0xb2 ./Drivers/STM32F4xx_HAL_Driver/Src/stm32f4xx_hal_dac.o
                0x080020d8                HAL_DAC_ConfigChannel
 .text.HAL_DACEx_DMAUnderrunCallbackCh2
                0x0800218a       0x14 ./Drivers/STM32F4xx_HAL_Driver/Src/stm32f4xx_hal_dac_ex.o
                0x0800218a                HAL_DACEx_DMAUnderrunCallbackCh2
 *fill*         0x0800219e        0x2 
 .text.HAL_DMA_Init
                0x080021a0      0x15c ./Drivers/STM32F4xx_HAL_Driver/Src/stm32f4xx_hal_dma.o
                0x080021a0                HAL_DMA_Init
 .text.HAL_DMA_Abort
                0x080022fc       0xe0 ./Drivers/STM32F4xx_HAL_Driver/Src/stm32f4xx_hal_dma.o
                0x080022fc                HAL_DMA_Abort
 .text.HAL_DMA_Abort_IT
                0x080023dc       0x44 ./Drivers/STM32F4xx_HAL_Driver/Src/stm32f4xx_hal_dma.o
                0x080023dc                HAL_DMA_Abort_IT
 .text.HAL_DMA_IRQHandler
                0x08002420      0x314 ./Drivers/STM32F4xx_HAL_Driver/Src/stm32f4xx_hal_dma.o
                0x08002420                HAL_DMA_IRQHandler
 .text.HAL_DMA_GetState
                0x08002734       0x1c ./Drivers/STM32F4xx_HAL_Driver/Src/stm32f4xx_hal_dma.o
                0x08002734                HAL_DMA_GetState
 .text.DMA_CalcBaseAndBitshift
                0x08002750       0x6c ./Drivers/STM32F4xx_HAL_Driver/Src/stm32f4xx_hal_dma.o
 .text.DMA_CheckFifoParam
                0x080027bc       0xf8 ./Drivers/STM32F4xx_HAL_Driver/Src/stm32f4xx_hal_dma.o
 .text.HAL_GPIO_Init
                0x080028b4      0x328 ./Drivers/STM32F4xx_HAL_Driver/Src/stm32f4xx_hal_gpio.o
                0x080028b4                HAL_GPIO_Init
 .text.HAL_I2C_Init
                0x08002bdc      0x288 ./Drivers/STM32F4xx_HAL_Driver/Src/stm32f4xx_hal_i2c.o
                0x08002bdc                HAL_I2C_Init
 .text.I2C_Flush_DR
                0x08002e64       0x2a ./Drivers/STM32F4xx_HAL_Driver/Src/stm32f4xx_hal_i2c.o
 *fill*         0x08002e8e        0x2 
 .text.HAL_I2C_Mem_Write
                0x08002e90      0x1f4 ./Drivers/STM32F4xx_HAL_Driver/Src/stm32f4xx_hal_i2c.o
                0x08002e90                HAL_I2C_Mem_Write
 .text.HAL_I2C_Mem_Read
                0x08003084      0x464 ./Drivers/STM32F4xx_HAL_Driver/Src/stm32f4xx_hal_i2c.o
                0x08003084                HAL_I2C_Mem_Read
 .text.HAL_I2C_EV_IRQHandler
                0x080034e8      0x2e2 ./Drivers/STM32F4xx_HAL_Driver/Src/stm32f4xx_hal_i2c.o
                0x080034e8                HAL_I2C_EV_IRQHandler
 .text.HAL_I2C_ER_IRQHandler
                0x080037ca      0x14e ./Drivers/STM32F4xx_HAL_Driver/Src/stm32f4xx_hal_i2c.o
                0x080037ca                HAL_I2C_ER_IRQHandler
 .text.HAL_I2C_MasterTxCpltCallback
                0x08003918       0x14 ./Drivers/STM32F4xx_HAL_Driver/Src/stm32f4xx_hal_i2c.o
                0x08003918                HAL_I2C_MasterTxCpltCallback
 .text.HAL_I2C_MasterRxCpltCallback
                0x0800392c       0x14 ./Drivers/STM32F4xx_HAL_Driver/Src/stm32f4xx_hal_i2c.o
                0x0800392c                HAL_I2C_MasterRxCpltCallback
 .text.HAL_I2C_SlaveTxCpltCallback
                0x08003940       0x14 ./Drivers/STM32F4xx_HAL_Driver/Src/stm32f4xx_hal_i2c.o
                0x08003940                HAL_I2C_SlaveTxCpltCallback
 .text.HAL_I2C_SlaveRxCpltCallback
                0x08003954       0x14 ./Drivers/STM32F4xx_HAL_Driver/Src/stm32f4xx_hal_i2c.o
                0x08003954                HAL_I2C_SlaveRxCpltCallback
 .text.HAL_I2C_AddrCallback
                0x08003968       0x1c ./Drivers/STM32F4xx_HAL_Driver/Src/stm32f4xx_hal_i2c.o
                0x08003968                HAL_I2C_AddrCallback
 .text.HAL_I2C_ListenCpltCallback
                0x08003984       0x14 ./Drivers/STM32F4xx_HAL_Driver/Src/stm32f4xx_hal_i2c.o
                0x08003984                HAL_I2C_ListenCpltCallback
 .text.HAL_I2C_MemTxCpltCallback
                0x08003998       0x14 ./Drivers/STM32F4xx_HAL_Driver/Src/stm32f4xx_hal_i2c.o
                0x08003998                HAL_I2C_MemTxCpltCallback
 .text.HAL_I2C_MemRxCpltCallback
                0x080039ac       0x14 ./Drivers/STM32F4xx_HAL_Driver/Src/stm32f4xx_hal_i2c.o
                0x080039ac                HAL_I2C_MemRxCpltCallback
 .text.HAL_I2C_ErrorCallback
                0x080039c0       0x14 ./Drivers/STM32F4xx_HAL_Driver/Src/stm32f4xx_hal_i2c.o
                0x080039c0                HAL_I2C_ErrorCallback
 .text.HAL_I2C_AbortCpltCallback
                0x080039d4       0x14 ./Drivers/STM32F4xx_HAL_Driver/Src/stm32f4xx_hal_i2c.o
                0x080039d4                HAL_I2C_AbortCpltCallback
 .text.I2C_MasterTransmit_TXE
                0x080039e8      0x138 ./Drivers/STM32F4xx_HAL_Driver/Src/stm32f4xx_hal_i2c.o
 .text.I2C_MasterTransmit_BTF
                0x08003b20       0xec ./Drivers/STM32F4xx_HAL_Driver/Src/stm32f4xx_hal_i2c.o
 .text.I2C_MemoryTransmit_TXE_BTF
                0x08003c0c      0x130 ./Drivers/STM32F4xx_HAL_Driver/Src/stm32f4xx_hal_i2c.o
 .text.I2C_MasterReceive_RXNE
                0x08003d3c      0x190 ./Drivers/STM32F4xx_HAL_Driver/Src/stm32f4xx_hal_i2c.o
 .text.I2C_MasterReceive_BTF
                0x08003ecc      0x1e2 ./Drivers/STM32F4xx_HAL_Driver/Src/stm32f4xx_hal_i2c.o
 .text.I2C_Master_SB
                0x080040ae      0x10c ./Drivers/STM32F4xx_HAL_Driver/Src/stm32f4xx_hal_i2c.o
 .text.I2C_Master_ADD10
                0x080041ba       0x54 ./Drivers/STM32F4xx_HAL_Driver/Src/stm32f4xx_hal_i2c.o
 .text.I2C_Master_ADDR
                0x0800420e      0x322 ./Drivers/STM32F4xx_HAL_Driver/Src/stm32f4xx_hal_i2c.o
 .text.I2C_SlaveTransmit_TXE
                0x08004530       0x7a ./Drivers/STM32F4xx_HAL_Driver/Src/stm32f4xx_hal_i2c.o
 .text.I2C_SlaveTransmit_BTF
                0x080045aa       0x42 ./Drivers/STM32F4xx_HAL_Driver/Src/stm32f4xx_hal_i2c.o
 .text.I2C_SlaveReceive_RXNE
                0x080045ec       0x7c ./Drivers/STM32F4xx_HAL_Driver/Src/stm32f4xx_hal_i2c.o
 .text.I2C_SlaveReceive_BTF
                0x08004668       0x44 ./Drivers/STM32F4xx_HAL_Driver/Src/stm32f4xx_hal_i2c.o
 .text.I2C_Slave_ADDR
                0x080046ac       0x94 ./Drivers/STM32F4xx_HAL_Driver/Src/stm32f4xx_hal_i2c.o
 .text.I2C_Slave_STOPF
                0x08004740      0x260 ./Drivers/STM32F4xx_HAL_Driver/Src/stm32f4xx_hal_i2c.o
 .text.I2C_Slave_AF
                0x080049a0       0xe8 ./Drivers/STM32F4xx_HAL_Driver/Src/stm32f4xx_hal_i2c.o
 .text.I2C_ITError
                0x08004a88      0x264 ./Drivers/STM32F4xx_HAL_Driver/Src/stm32f4xx_hal_i2c.o
 .text.I2C_RequestMemoryWrite
                0x08004cec      0x12c ./Drivers/STM32F4xx_HAL_Driver/Src/stm32f4xx_hal_i2c.o
 .text.I2C_RequestMemoryRead
                0x08004e18      0x1d0 ./Drivers/STM32F4xx_HAL_Driver/Src/stm32f4xx_hal_i2c.o
 .text.I2C_DMAAbort
                0x08004fe8      0x150 ./Drivers/STM32F4xx_HAL_Driver/Src/stm32f4xx_hal_i2c.o
 .text.I2C_WaitOnFlagUntilTimeout
                0x08005138       0xf4 ./Drivers/STM32F4xx_HAL_Driver/Src/stm32f4xx_hal_i2c.o
 .text.I2C_WaitOnMasterAddressFlagUntilTimeout
                0x0800522c      0x140 ./Drivers/STM32F4xx_HAL_Driver/Src/stm32f4xx_hal_i2c.o
 .text.I2C_WaitOnTXEFlagUntilTimeout
                0x0800536c       0x90 ./Drivers/STM32F4xx_HAL_Driver/Src/stm32f4xx_hal_i2c.o
 .text.I2C_WaitOnBTFFlagUntilTimeout
                0x080053fc       0x90 ./Drivers/STM32F4xx_HAL_Driver/Src/stm32f4xx_hal_i2c.o
 .text.I2C_WaitOnSTOPRequestThroughIT
                0x0800548c       0x64 ./Drivers/STM32F4xx_HAL_Driver/Src/stm32f4xx_hal_i2c.o
 .text.I2C_WaitOnRXNEFlagUntilTimeout
                0x080054f0       0xba ./Drivers/STM32F4xx_HAL_Driver/Src/stm32f4xx_hal_i2c.o
 .text.I2C_IsAcknowledgeFailed
                0x080055aa       0x5e ./Drivers/STM32F4xx_HAL_Driver/Src/stm32f4xx_hal_i2c.o
 .text.I2C_ConvertOtherXferOptions
                0x08005608       0x36 ./Drivers/STM32F4xx_HAL_Driver/Src/stm32f4xx_hal_i2c.o
 *fill*         0x0800563e        0x2 
 .text.HAL_RCC_ClockConfig
                0x08005640      0x1cc ./Drivers/STM32F4xx_HAL_Driver/Src/stm32f4xx_hal_rcc.o
                0x08005640                HAL_RCC_ClockConfig
 .text.HAL_RCC_GetHCLKFreq
                0x0800580c       0x18 ./Drivers/STM32F4xx_HAL_Driver/Src/stm32f4xx_hal_rcc.o
                0x0800580c                HAL_RCC_GetHCLKFreq
 .text.HAL_RCC_GetPCLK1Freq
                0x08005824       0x28 ./Drivers/STM32F4xx_HAL_Driver/Src/stm32f4xx_hal_rcc.o
                0x08005824                HAL_RCC_GetPCLK1Freq
 .text.HAL_RCC_GetPCLK2Freq
                0x0800584c       0x28 ./Drivers/STM32F4xx_HAL_Driver/Src/stm32f4xx_hal_rcc.o
                0x0800584c                HAL_RCC_GetPCLK2Freq
 .text.HAL_RCC_GetClockConfig
                0x08005874       0x64 ./Drivers/STM32F4xx_HAL_Driver/Src/stm32f4xx_hal_rcc.o
                0x08005874                HAL_RCC_GetClockConfig
 .text.HAL_RCC_GetSysClockFreq
                0x080058d8      0x460 ./Drivers/STM32F4xx_HAL_Driver/Src/stm32f4xx_hal_rcc_ex.o
                0x080058d8                HAL_RCC_GetSysClockFreq
 .text.HAL_RCC_OscConfig
                0x08005d38      0x53c ./Drivers/STM32F4xx_HAL_Driver/Src/stm32f4xx_hal_rcc_ex.o
                0x08005d38                HAL_RCC_OscConfig
 .text.HAL_TIM_Base_Init
                0x08006274       0x9e ./Drivers/STM32F4xx_HAL_Driver/Src/stm32f4xx_hal_tim.o
                0x08006274                HAL_TIM_Base_Init
 *fill*         0x08006312        0x2 
 .text.HAL_TIM_Base_Start_IT
                0x08006314       0xe0 ./Drivers/STM32F4xx_HAL_Driver/Src/stm32f4xx_hal_tim.o
                0x08006314                HAL_TIM_Base_Start_IT
 .text.HAL_TIM_IRQHandler
                0x080063f4      0x1e0 ./Drivers/STM32F4xx_HAL_Driver/Src/stm32f4xx_hal_tim.o
                0x080063f4                HAL_TIM_IRQHandler
 .text.HAL_TIM_ConfigClockSource
                0x080065d4      0x18e ./Drivers/STM32F4xx_HAL_Driver/Src/stm32f4xx_hal_tim.o
                0x080065d4                HAL_TIM_ConfigClockSource
 .text.HAL_TIM_OC_DelayElapsedCallback
                0x08006762       0x14 ./Drivers/STM32F4xx_HAL_Driver/Src/stm32f4xx_hal_tim.o
                0x08006762                HAL_TIM_OC_DelayElapsedCallback
 .text.HAL_TIM_IC_CaptureCallback
                0x08006776       0x14 ./Drivers/STM32F4xx_HAL_Driver/Src/stm32f4xx_hal_tim.o
                0x08006776                HAL_TIM_IC_CaptureCallback
 .text.HAL_TIM_PWM_PulseFinishedCallback
                0x0800678a       0x14 ./Drivers/STM32F4xx_HAL_Driver/Src/stm32f4xx_hal_tim.o
                0x0800678a                HAL_TIM_PWM_PulseFinishedCallback
 .text.HAL_TIM_TriggerCallback
                0x0800679e       0x14 ./Drivers/STM32F4xx_HAL_Driver/Src/stm32f4xx_hal_tim.o
                0x0800679e                HAL_TIM_TriggerCallback
 *fill*         0x080067b2        0x2 
 .text.TIM_Base_SetConfig
                0x080067b4      0x14c ./Drivers/STM32F4xx_HAL_Driver/Src/stm32f4xx_hal_tim.o
                0x080067b4                TIM_Base_SetConfig
 .text.TIM_TI1_ConfigInputStage
                0x08006900       0x5e ./Drivers/STM32F4xx_HAL_Driver/Src/stm32f4xx_hal_tim.o
 .text.TIM_TI2_ConfigInputStage
                0x0800695e       0x60 ./Drivers/STM32F4xx_HAL_Driver/Src/stm32f4xx_hal_tim.o
 .text.TIM_ITRx_SetConfig
                0x080069be       0x36 ./Drivers/STM32F4xx_HAL_Driver/Src/stm32f4xx_hal_tim.o
 .text.TIM_ETR_SetConfig
                0x080069f4       0x40 ./Drivers/STM32F4xx_HAL_Driver/Src/stm32f4xx_hal_tim.o
                0x080069f4                TIM_ETR_SetConfig
 .text.HAL_TIMEx_MasterConfigSynchronization
                0x08006a34       0xf8 ./Drivers/STM32F4xx_HAL_Driver/Src/stm32f4xx_hal_tim_ex.o
                0x08006a34                HAL_TIMEx_MasterConfigSynchronization
 .text.HAL_TIMEx_CommutCallback
                0x08006b2c       0x14 ./Drivers/STM32F4xx_HAL_Driver/Src/stm32f4xx_hal_tim_ex.o
                0x08006b2c                HAL_TIMEx_CommutCallback
 .text.HAL_TIMEx_BreakCallback
                0x08006b40       0x14 ./Drivers/STM32F4xx_HAL_Driver/Src/stm32f4xx_hal_tim_ex.o
                0x08006b40                HAL_TIMEx_BreakCallback
 .text.HAL_UART_Init
                0x08006b54       0xa0 ./Drivers/STM32F4xx_HAL_Driver/Src/stm32f4xx_hal_uart.o
                0x08006b54                HAL_UART_Init
 .text.HAL_UART_Transmit
                0x08006bf4      0x116 ./Drivers/STM32F4xx_HAL_Driver/Src/stm32f4xx_hal_uart.o
                0x08006bf4                HAL_UART_Transmit
 *fill*         0x08006d0a        0x2 
 .text.HAL_UART_IRQHandler
                0x08006d0c      0x554 ./Drivers/STM32F4xx_HAL_Driver/Src/stm32f4xx_hal_uart.o
                0x08006d0c                HAL_UART_IRQHandler
 .text.HAL_UART_TxCpltCallback
                0x08007260       0x14 ./Drivers/STM32F4xx_HAL_Driver/Src/stm32f4xx_hal_uart.o
                0x08007260                HAL_UART_TxCpltCallback
 .text.HAL_UART_RxCpltCallback
                0x08007274       0x14 ./Drivers/STM32F4xx_HAL_Driver/Src/stm32f4xx_hal_uart.o
                0x08007274                HAL_UART_RxCpltCallback
 .text.HAL_UART_ErrorCallback
                0x08007288       0x14 ./Drivers/STM32F4xx_HAL_Driver/Src/stm32f4xx_hal_uart.o
                0x08007288                HAL_UART_ErrorCallback
 .text.HAL_UARTEx_RxEventCallback
                0x0800729c       0x18 ./Drivers/STM32F4xx_HAL_Driver/Src/stm32f4xx_hal_uart.o
                0x0800729c                HAL_UARTEx_RxEventCallback
 .text.UART_WaitOnFlagUntilTimeout
                0x080072b4       0xb2 ./Drivers/STM32F4xx_HAL_Driver/Src/stm32f4xx_hal_uart.o
 .text.UART_EndRxTransfer
                0x08007366       0xc6 ./Drivers/STM32F4xx_HAL_Driver/Src/stm32f4xx_hal_uart.o
 .text.UART_DMAAbortOnError
                0x0800742c       0x22 ./Drivers/STM32F4xx_HAL_Driver/Src/stm32f4xx_hal_uart.o
 .text.UART_Transmit_IT
                0x0800744e       0xa0 ./Drivers/STM32F4xx_HAL_Driver/Src/stm32f4xx_hal_uart.o
 .text.UART_EndTransmit_IT
                0x080074ee       0x30 ./Drivers/STM32F4xx_HAL_Driver/Src/stm32f4xx_hal_uart.o
 .text.UART_Receive_IT
                0x0800751e      0x17c ./Drivers/STM32F4xx_HAL_Driver/Src/stm32f4xx_hal_uart.o
 *fill*         0x0800769a        0x2 
 .text.UART_SetConfig
                0x0800769c      0x4e8 ./Drivers/STM32F4xx_HAL_Driver/Src/stm32f4xx_hal_uart.o
 .text.__NVIC_SetPriority
                0x08007b84       0x54 ./Middlewares/Third_Party/FreeRTOS/Source/CMSIS_RTOS_V2/cmsis_os2.o
 .text.SysTick_Handler
                0x08007bd8       0x20 ./Middlewares/Third_Party/FreeRTOS/Source/CMSIS_RTOS_V2/cmsis_os2.o
                0x08007bd8                SysTick_Handler
 .text.SVC_Setup
                0x08007bf8       0x12 ./Middlewares/Third_Party/FreeRTOS/Source/CMSIS_RTOS_V2/cmsis_os2.o
 *fill*         0x08007c0a        0x2 
 .text.osKernelInitialize
                0x08007c0c       0x48 ./Middlewares/Third_Party/FreeRTOS/Source/CMSIS_RTOS_V2/cmsis_os2.o
                0x08007c0c                osKernelInitialize
 .text.osKernelStart
                0x08007c54       0x4c ./Middlewares/Third_Party/FreeRTOS/Source/CMSIS_RTOS_V2/cmsis_os2.o
                0x08007c54                osKernelStart
 .text.osThreadNew
                0x08007ca0      0x124 ./Middlewares/Third_Party/FreeRTOS/Source/CMSIS_RTOS_V2/cmsis_os2.o
                0x08007ca0                osThreadNew
 .text.osDelay  0x08007dc4       0x36 ./Middlewares/Third_Party/FreeRTOS/Source/CMSIS_RTOS_V2/cmsis_os2.o
                0x08007dc4                osDelay
 .text.osMessageQueueNew
                0x08007dfa       0xe6 ./Middlewares/Third_Party/FreeRTOS/Source/CMSIS_RTOS_V2/cmsis_os2.o
                0x08007dfa                osMessageQueueNew
 .text.vApplicationGetIdleTaskMemory
                0x08007ee0       0x34 ./Middlewares/Third_Party/FreeRTOS/Source/CMSIS_RTOS_V2/cmsis_os2.o
                0x08007ee0                vApplicationGetIdleTaskMemory
 .text.vApplicationGetTimerTaskMemory
                0x08007f14       0x34 ./Middlewares/Third_Party/FreeRTOS/Source/CMSIS_RTOS_V2/cmsis_os2.o
                0x08007f14                vApplicationGetTimerTaskMemory
 .text.vListInitialise
                0x08007f48       0x40 ./Middlewares/Third_Party/FreeRTOS/Source/list.o
                0x08007f48                vListInitialise
 .text.vListInitialiseItem
                0x08007f88       0x1a ./Middlewares/Third_Party/FreeRTOS/Source/list.o
                0x08007f88                vListInitialiseItem
 .text.vListInsertEnd
                0x08007fa2       0x48 ./Middlewares/Third_Party/FreeRTOS/Source/list.o
                0x08007fa2                vListInsertEnd
 .text.vListInsert
                0x08007fea       0x72 ./Middlewares/Third_Party/FreeRTOS/Source/list.o
                0x08007fea                vListInsert
 .text.uxListRemove
                0x0800805c       0x54 ./Middlewares/Third_Party/FreeRTOS/Source/list.o
                0x0800805c                uxListRemove
 .text.xQueueGenericReset
                0x080080b0       0xd4 ./Middlewares/Third_Party/FreeRTOS/Source/queue.o
                0x080080b0                xQueueGenericReset
 .text.xQueueGenericCreateStatic
                0x08008184       0xfa ./Middlewares/Third_Party/FreeRTOS/Source/queue.o
                0x08008184                xQueueGenericCreateStatic
 .text.xQueueGenericCreate
                0x0800827e       0x76 ./Middlewares/Third_Party/FreeRTOS/Source/queue.o
                0x0800827e                xQueueGenericCreate
 .text.prvInitialiseNewQueue
                0x080082f4       0x46 ./Middlewares/Third_Party/FreeRTOS/Source/queue.o
 *fill*         0x0800833a        0x2 
 .text.xQueueGenericSend
                0x0800833c      0x204 ./Middlewares/Third_Party/FreeRTOS/Source/queue.o
                0x0800833c                xQueueGenericSend
 .text.xQueueGenericSendFromISR
                0x08008540      0x13c ./Middlewares/Third_Party/FreeRTOS/Source/queue.o
                0x08008540                xQueueGenericSendFromISR
 .text.xQueueReceive
                0x0800867c      0x1c4 ./Middlewares/Third_Party/FreeRTOS/Source/queue.o
                0x0800867c                xQueueReceive
 .text.prvCopyDataToQueue
                0x08008840       0xd4 ./Middlewares/Third_Party/FreeRTOS/Source/queue.o
 .text.prvCopyDataFromQueue
                0x08008914       0x4c ./Middlewares/Third_Party/FreeRTOS/Source/queue.o
 .text.prvUnlockQueue
                0x08008960       0xa4 ./Middlewares/Third_Party/FreeRTOS/Source/queue.o
 .text.prvIsQueueEmpty
                0x08008a04       0x2c ./Middlewares/Third_Party/FreeRTOS/Source/queue.o
 .text.prvIsQueueFull
                0x08008a30       0x30 ./Middlewares/Third_Party/FreeRTOS/Source/queue.o
 .text.vQueueAddToRegistry
                0x08008a60       0x54 ./Middlewares/Third_Party/FreeRTOS/Source/queue.o
                0x08008a60                vQueueAddToRegistry
 .text.vQueueWaitForMessageRestricted
                0x08008ab4       0x68 ./Middlewares/Third_Party/FreeRTOS/Source/queue.o
                0x08008ab4                vQueueWaitForMessageRestricted
 .text.xTaskCreateStatic
                0x08008b1c       0xc0 ./Middlewares/Third_Party/FreeRTOS/Source/tasks.o
                0x08008b1c                xTaskCreateStatic
 .text.xTaskCreate
                0x08008bdc       0x8a ./Middlewares/Third_Party/FreeRTOS/Source/tasks.o
                0x08008bdc                xTaskCreate
 *fill*         0x08008c66        0x2 
 .text.prvInitialiseNewTask
                0x08008c68      0x150 ./Middlewares/Third_Party/FreeRTOS/Source/tasks.o
 .text.prvAddNewTaskToReadyList
                0x08008db8       0xe0 ./Middlewares/Third_Party/FreeRTOS/Source/tasks.o
 .text.vTaskDelay
                0x08008e98       0x6c ./Middlewares/Third_Party/FreeRTOS/Source/tasks.o
                0x08008e98                vTaskDelay
 .text.vTaskStartScheduler
                0x08008f04       0xe0 ./Middlewares/Third_Party/FreeRTOS/Source/tasks.o
                0x08008f04                vTaskStartScheduler
 .text.vTaskSuspendAll
                0x08008fe4       0x1c ./Middlewares/Third_Party/FreeRTOS/Source/tasks.o
                0x08008fe4                vTaskSuspendAll
 .text.xTaskResumeAll
                0x08009000      0x13c ./Middlewares/Third_Party/FreeRTOS/Source/tasks.o
                0x08009000                xTaskResumeAll
 .text.xTaskGetTickCount
                0x0800913c       0x20 ./Middlewares/Third_Party/FreeRTOS/Source/tasks.o
                0x0800913c                xTaskGetTickCount
 .text.xTaskIncrementTick
                0x0800915c      0x174 ./Middlewares/Third_Party/FreeRTOS/Source/tasks.o
                0x0800915c                xTaskIncrementTick
 .text.vTaskSwitchContext
                0x080092d0       0xcc ./Middlewares/Third_Party/FreeRTOS/Source/tasks.o
                0x080092d0                vTaskSwitchContext
 .text.vTaskPlaceOnEventList
                0x0800939c       0x4c ./Middlewares/Third_Party/FreeRTOS/Source/tasks.o
                0x0800939c                vTaskPlaceOnEventList
 .text.vTaskPlaceOnEventListRestricted
                0x080093e8       0x58 ./Middlewares/Third_Party/FreeRTOS/Source/tasks.o
                0x080093e8                vTaskPlaceOnEventListRestricted
 .text.xTaskRemoveFromEventList
                0x08009440       0xc8 ./Middlewares/Third_Party/FreeRTOS/Source/tasks.o
                0x08009440                xTaskRemoveFromEventList
 .text.vTaskInternalSetTimeOutState
                0x08009508       0x2c ./Middlewares/Third_Party/FreeRTOS/Source/tasks.o
                0x08009508                vTaskInternalSetTimeOutState
 .text.xTaskCheckForTimeOut
                0x08009534       0xc8 ./Middlewares/Third_Party/FreeRTOS/Source/tasks.o
                0x08009534                xTaskCheckForTimeOut
 .text.vTaskMissedYield
                0x080095fc       0x18 ./Middlewares/Third_Party/FreeRTOS/Source/tasks.o
                0x080095fc                vTaskMissedYield
 .text.prvIdleTask
                0x08009614       0x30 ./Middlewares/Third_Party/FreeRTOS/Source/tasks.o
 .text.prvInitialiseTaskLists
                0x08009644       0x80 ./Middlewares/Third_Party/FreeRTOS/Source/tasks.o
 .text.prvCheckTasksWaitingTermination
                0x080096c4       0x5c ./Middlewares/Third_Party/FreeRTOS/Source/tasks.o
 .text.prvDeleteTCB
                0x08009720       0x6a ./Middlewares/Third_Party/FreeRTOS/Source/tasks.o
 *fill*         0x0800978a        0x2 
 .text.prvResetNextTaskUnblockTime
                0x0800978c       0x40 ./Middlewares/Third_Party/FreeRTOS/Source/tasks.o
 .text.xTaskGetSchedulerState
                0x080097cc       0x3c ./Middlewares/Third_Party/FreeRTOS/Source/tasks.o
                0x080097cc                xTaskGetSchedulerState
 .text.xTaskPriorityDisinherit
                0x08009808       0xe0 ./Middlewares/Third_Party/FreeRTOS/Source/tasks.o
                0x08009808                xTaskPriorityDisinherit
 .text.prvAddCurrentTaskToDelayedList
                0x080098e8       0xa8 ./Middlewares/Third_Party/FreeRTOS/Source/tasks.o
 .text.xTimerCreateTimerTask
                0x08009990       0x94 ./Middlewares/Third_Party/FreeRTOS/Source/timers.o
                0x08009990                xTimerCreateTimerTask
 .text.xTimerGenericCommand
                0x08009a24       0x9c ./Middlewares/Third_Party/FreeRTOS/Source/timers.o
                0x08009a24                xTimerGenericCommand
 .text.prvProcessExpiredTimer
                0x08009ac0       0x9c ./Middlewares/Third_Party/FreeRTOS/Source/timers.o
 .text.prvTimerTask
                0x08009b5c       0x26 ./Middlewares/Third_Party/FreeRTOS/Source/timers.o
 *fill*         0x08009b82        0x2 
 .text.prvProcessTimerOrBlockTask
                0x08009b84       0x9c ./Middlewares/Third_Party/FreeRTOS/Source/timers.o
 .text.prvGetNextExpireTime
                0x08009c20       0x48 ./Middlewares/Third_Party/FreeRTOS/Source/timers.o
 .text.prvSampleTimeNow
                0x08009c68       0x40 ./Middlewares/Third_Party/FreeRTOS/Source/timers.o
 .text.prvInsertTimerInActiveList
                0x08009ca8       0x84 ./Middlewares/Third_Party/FreeRTOS/Source/timers.o
 .text.prvProcessReceivedCommands
                0x08009d2c      0x1cc ./Middlewares/Third_Party/FreeRTOS/Source/timers.o
 .text.prvSwitchTimerLists
                0x08009ef8       0xcc ./Middlewares/Third_Party/FreeRTOS/Source/timers.o
 .text.prvCheckForValidListAndQueue
                0x08009fc4       0x80 ./Middlewares/Third_Party/FreeRTOS/Source/timers.o
 .text.pxPortInitialiseStack
                0x0800a044       0x68 ./Middlewares/Third_Party/FreeRTOS/Source/portable/GCC/ARM_CM4F/port.o
                0x0800a044                pxPortInitialiseStack
 .text.prvTaskExitError
                0x0800a0ac       0x5c ./Middlewares/Third_Party/FreeRTOS/Source/portable/GCC/ARM_CM4F/port.o
 *fill*         0x0800a108        0x8 
 .text.SVC_Handler
                0x0800a110       0x28 ./Middlewares/Third_Party/FreeRTOS/Source/portable/GCC/ARM_CM4F/port.o
                0x0800a110                SVC_Handler
 .text.prvPortStartFirstTask
                0x0800a138       0x28 ./Middlewares/Third_Party/FreeRTOS/Source/portable/GCC/ARM_CM4F/port.o
 .text.xPortStartScheduler
                0x0800a160      0x148 ./Middlewares/Third_Party/FreeRTOS/Source/portable/GCC/ARM_CM4F/port.o
                0x0800a160                xPortStartScheduler
 .text.vPortEnterCritical
                0x0800a2a8       0x64 ./Middlewares/Third_Party/FreeRTOS/Source/portable/GCC/ARM_CM4F/port.o
                0x0800a2a8                vPortEnterCritical
 .text.vPortExitCritical
                0x0800a30c       0x54 ./Middlewares/Third_Party/FreeRTOS/Source/portable/GCC/ARM_CM4F/port.o
                0x0800a30c                vPortExitCritical
 .text.PendSV_Handler
                0x0800a360       0x68 ./Middlewares/Third_Party/FreeRTOS/Source/portable/GCC/ARM_CM4F/port.o
                0x0800a360                PendSV_Handler
 .text.xPortSysTickHandler
                0x0800a3c8       0x44 ./Middlewares/Third_Party/FreeRTOS/Source/portable/GCC/ARM_CM4F/port.o
                0x0800a3c8                xPortSysTickHandler
 .text.vPortSetupTimerInterrupt
                0x0800a40c       0x48 ./Middlewares/Third_Party/FreeRTOS/Source/portable/GCC/ARM_CM4F/port.o
                0x0800a40c                vPortSetupTimerInterrupt
 .text.vPortEnableVFP
                0x0800a454       0x14 ./Middlewares/Third_Party/FreeRTOS/Source/portable/GCC/ARM_CM4F/port.o
 .text.vPortValidateInterruptPriority
                0x0800a468       0x84 ./Middlewares/Third_Party/FreeRTOS/Source/portable/GCC/ARM_CM4F/port.o
                0x0800a468                vPortValidateInterruptPriority
 .text.pvPortMalloc
                0x0800a4ec      0x19c ./Middlewares/Third_Party/FreeRTOS/Source/portable/MemMang/heap_4.o
                0x0800a4ec                pvPortMalloc
 .text.vPortFree
                0x0800a688       0xc8 ./Middlewares/Third_Party/FreeRTOS/Source/portable/MemMang/heap_4.o
                0x0800a688                vPortFree
 .text.prvHeapInit
                0x0800a750       0xc4 ./Middlewares/Third_Party/FreeRTOS/Source/portable/MemMang/heap_4.o
 .text.prvInsertBlockIntoFreeList
                0x0800a814       0xb4 ./Middlewares/Third_Party/FreeRTOS/Source/portable/MemMang/heap_4.o
 .text.__cvt    0x0800a8c8       0xca E:/Outpost Vault/Outpost Door/Outpost downloads/STMCubeIDE/Cube/STM32CubeIDE/plugins/com.st.stm32cube.ide.mcu.externaltools.gnu-tools-for-stm32.14.3.rel1.win32_1.0.100.202602081740/tools/bin/../lib/gcc/arm-none-eabi/14.3.1/../../../../arm-none-eabi/lib/thumb/v7e-m+fp/hard\libc_nano.a(libc_a-nano-vfprintf_float.o)
                0x0800a8c8                __cvt
 .text.__exponent
                0x0800a992       0x74 E:/Outpost Vault/Outpost Door/Outpost downloads/STMCubeIDE/Cube/STM32CubeIDE/plugins/com.st.stm32cube.ide.mcu.externaltools.gnu-tools-for-stm32.14.3.rel1.win32_1.0.100.202602081740/tools/bin/../lib/gcc/arm-none-eabi/14.3.1/../../../../arm-none-eabi/lib/thumb/v7e-m+fp/hard\libc_nano.a(libc_a-nano-vfprintf_float.o)
                0x0800a992                __exponent
 *fill*         0x0800aa06        0x2 
 .text._printf_float
                0x0800aa08      0x450 E:/Outpost Vault/Outpost Door/Outpost downloads/STMCubeIDE/Cube/STM32CubeIDE/plugins/com.st.stm32cube.ide.mcu.externaltools.gnu-tools-for-stm32.14.3.rel1.win32_1.0.100.202602081740/tools/bin/../lib/gcc/arm-none-eabi/14.3.1/../../../../arm-none-eabi/lib/thumb/v7e-m+fp/hard\libc_nano.a(libc_a-nano-vfprintf_float.o)
                0x0800aa08                _printf_float
 .text._printf_common
                0x0800ae58       0xda E:/Outpost Vault/Outpost Door/Outpost downloads/STMCubeIDE/Cube/STM32CubeIDE/plugins/com.st.stm32cube.ide.mcu.externaltools.gnu-tools-for-stm32.14.3.rel1.win32_1.0.100.202602081740/tools/bin/../lib/gcc/arm-none-eabi/14.3.1/../../../../arm-none-eabi/lib/thumb/v7e-m+fp/hard\libc_nano.a(libc_a-nano-vfprintf_i.o)
                0x0800ae58                _printf_common
 *fill*         0x0800af32        0x2 
 .text._printf_i
                0x0800af34      0x24c E:/Outpost Vault/Outpost Door/Outpost downloads/STMCubeIDE/Cube/STM32CubeIDE/plugins/com.st.stm32cube.ide.mcu.externaltools.gnu-tools-for-stm32.14.3.rel1.win32_1.0.100.202602081740/tools/bin/../lib/gcc/arm-none-eabi/14.3.1/../../../../arm-none-eabi/lib/thumb/v7e-m+fp/hard\libc_nano.a(libc_a-nano-vfprintf_i.o)
                0x0800af34                _printf_i
 .text.std      0x0800b180       0x6c E:/Outpost Vault/Outpost Door/Outpost downloads/STMCubeIDE/Cube/STM32CubeIDE/plugins/com.st.stm32cube.ide.mcu.externaltools.gnu-tools-for-stm32.14.3.rel1.win32_1.0.100.202602081740/tools/bin/../lib/gcc/arm-none-eabi/14.3.1/../../../../arm-none-eabi/lib/thumb/v7e-m+fp/hard\libc_nano.a(libc_a-findfp.o)
 .text.stdio_exit_handler
                0x0800b1ec       0x18 E:/Outpost Vault/Outpost Door/Outpost downloads/STMCubeIDE/Cube/STM32CubeIDE/plugins/com.st.stm32cube.ide.mcu.externaltools.gnu-tools-for-stm32.14.3.rel1.win32_1.0.100.202602081740/tools/bin/../lib/gcc/arm-none-eabi/14.3.1/../../../../arm-none-eabi/lib/thumb/v7e-m+fp/hard\libc_nano.a(libc_a-findfp.o)
 .text.cleanup_stdio
                0x0800b204       0x40 E:/Outpost Vault/Outpost Door/Outpost downloads/STMCubeIDE/Cube/STM32CubeIDE/plugins/com.st.stm32cube.ide.mcu.externaltools.gnu-tools-for-stm32.14.3.rel1.win32_1.0.100.202602081740/tools/bin/../lib/gcc/arm-none-eabi/14.3.1/../../../../arm-none-eabi/lib/thumb/v7e-m+fp/hard\libc_nano.a(libc_a-findfp.o)
 .text.global_stdio_init.part.0
                0x0800b244       0x40 E:/Outpost Vault/Outpost Door/Outpost downloads/STMCubeIDE/Cube/STM32CubeIDE/plugins/com.st.stm32cube.ide.mcu.externaltools.gnu-tools-for-stm32.14.3.rel1.win32_1.0.100.202602081740/tools/bin/../lib/gcc/arm-none-eabi/14.3.1/../../../../arm-none-eabi/lib/thumb/v7e-m+fp/hard\libc_nano.a(libc_a-findfp.o)
 .text.__sfp_lock_acquire
                0x0800b284        0xc E:/Outpost Vault/Outpost Door/Outpost downloads/STMCubeIDE/Cube/STM32CubeIDE/plugins/com.st.stm32cube.ide.mcu.externaltools.gnu-tools-for-stm32.14.3.rel1.win32_1.0.100.202602081740/tools/bin/../lib/gcc/arm-none-eabi/14.3.1/../../../../arm-none-eabi/lib/thumb/v7e-m+fp/hard\libc_nano.a(libc_a-findfp.o)
                0x0800b284                __sfp_lock_acquire
 .text.__sfp_lock_release
                0x0800b290        0xc E:/Outpost Vault/Outpost Door/Outpost downloads/STMCubeIDE/Cube/STM32CubeIDE/plugins/com.st.stm32cube.ide.mcu.externaltools.gnu-tools-for-stm32.14.3.rel1.win32_1.0.100.202602081740/tools/bin/../lib/gcc/arm-none-eabi/14.3.1/../../../../arm-none-eabi/lib/thumb/v7e-m+fp/hard\libc_nano.a(libc_a-findfp.o)
                0x0800b290                __sfp_lock_release
 .text.__sinit  0x0800b29c       0x30 E:/Outpost Vault/Outpost Door/Outpost downloads/STMCubeIDE/Cube/STM32CubeIDE/plugins/com.st.stm32cube.ide.mcu.externaltools.gnu-tools-for-stm32.14.3.rel1.win32_1.0.100.202602081740/tools/bin/../lib/gcc/arm-none-eabi/14.3.1/../../../../arm-none-eabi/lib/thumb/v7e-m+fp/hard\libc_nano.a(libc_a-findfp.o)
                0x0800b29c                __sinit
 .text._fwalk_sglue
                0x0800b2cc       0x3c E:/Outpost Vault/Outpost Door/Outpost downloads/STMCubeIDE/Cube/STM32CubeIDE/plugins/com.st.stm32cube.ide.mcu.externaltools.gnu-tools-for-stm32.14.3.rel1.win32_1.0.100.202602081740/tools/bin/../lib/gcc/arm-none-eabi/14.3.1/../../../../arm-none-eabi/lib/thumb/v7e-m+fp/hard\libc_nano.a(libc_a-fwalk.o)
                0x0800b2cc                _fwalk_sglue
 .text.sprintf  0x0800b308       0x44 E:/Outpost Vault/Outpost Door/Outpost downloads/STMCubeIDE/Cube/STM32CubeIDE/plugins/com.st.stm32cube.ide.mcu.externaltools.gnu-tools-for-stm32.14.3.rel1.win32_1.0.100.202602081740/tools/bin/../lib/gcc/arm-none-eabi/14.3.1/../../../../arm-none-eabi/lib/thumb/v7e-m+fp/hard\libc_nano.a(libc_a-sprintf.o)
                0x0800b308                siprintf
                0x0800b308                sprintf
 .text.__sread  0x0800b34c       0x22 E:/Outpost Vault/Outpost Door/Outpost downloads/STMCubeIDE/Cube/STM32CubeIDE/plugins/com.st.stm32cube.ide.mcu.externaltools.gnu-tools-for-stm32.14.3.rel1.win32_1.0.100.202602081740/tools/bin/../lib/gcc/arm-none-eabi/14.3.1/../../../../arm-none-eabi/lib/thumb/v7e-m+fp/hard\libc_nano.a(libc_a-stdio.o)
                0x0800b34c                __sread
 .text.__swrite
                0x0800b36e       0x38 E:/Outpost Vault/Outpost Door/Outpost downloads/STMCubeIDE/Cube/STM32CubeIDE/plugins/com.st.stm32cube.ide.mcu.externaltools.gnu-tools-for-stm32.14.3.rel1.win32_1.0.100.202602081740/tools/bin/../lib/gcc/arm-none-eabi/14.3.1/../../../../arm-none-eabi/lib/thumb/v7e-m+fp/hard\libc_nano.a(libc_a-stdio.o)
                0x0800b36e                __swrite
 .text.__sseek  0x0800b3a6       0x26 E:/Outpost Vault/Outpost Door/Outpost downloads/STMCubeIDE/Cube/STM32CubeIDE/plugins/com.st.stm32cube.ide.mcu.externaltools.gnu-tools-for-stm32.14.3.rel1.win32_1.0.100.202602081740/tools/bin/../lib/gcc/arm-none-eabi/14.3.1/../../../../arm-none-eabi/lib/thumb/v7e-m+fp/hard\libc_nano.a(libc_a-stdio.o)
                0x0800b3a6                __sseek
 .text.__sclose
                0x0800b3cc        0x8 E:/Outpost Vault/Outpost Door/Outpost downloads/STMCubeIDE/Cube/STM32CubeIDE/plugins/com.st.stm32cube.ide.mcu.externaltools.gnu-tools-for-stm32.14.3.rel1.win32_1.0.100.202602081740/tools/bin/../lib/gcc/arm-none-eabi/14.3.1/../../../../arm-none-eabi/lib/thumb/v7e-m+fp/hard\libc_nano.a(libc_a-stdio.o)
                0x0800b3cc                __sclose
 .text.memset   0x0800b3d4       0x10 E:/Outpost Vault/Outpost Door/Outpost downloads/STMCubeIDE/Cube/STM32CubeIDE/plugins/com.st.stm32cube.ide.mcu.externaltools.gnu-tools-for-stm32.14.3.rel1.win32_1.0.100.202602081740/tools/bin/../lib/gcc/arm-none-eabi/14.3.1/../../../../arm-none-eabi/lib/thumb/v7e-m+fp/hard\libc_nano.a(libc_a-memset.o)
                0x0800b3d4                memset
 .text._localeconv_r
                0x0800b3e4        0x8 E:/Outpost Vault/Outpost Door/Outpost downloads/STMCubeIDE/Cube/STM32CubeIDE/plugins/com.st.stm32cube.ide.mcu.externaltools.gnu-tools-for-stm32.14.3.rel1.win32_1.0.100.202602081740/tools/bin/../lib/gcc/arm-none-eabi/14.3.1/../../../../arm-none-eabi/lib/thumb/v7e-m+fp/hard\libc_nano.a(libc_a-localeconv.o)
                0x0800b3e4                _localeconv_r
 .text._close_r
                0x0800b3ec       0x20 E:/Outpost Vault/Outpost Door/Outpost downloads/STMCubeIDE/Cube/STM32CubeIDE/plugins/com.st.stm32cube.ide.mcu.externaltools.gnu-tools-for-stm32.14.3.rel1.win32_1.0.100.202602081740/tools/bin/../lib/gcc/arm-none-eabi/14.3.1/../../../../arm-none-eabi/lib/thumb/v7e-m+fp/hard\libc_nano.a(libc_a-closer.o)
                0x0800b3ec                _close_r
 .text._reclaim_reent
                0x0800b40c       0xbc E:/Outpost Vault/Outpost Door/Outpost downloads/STMCubeIDE/Cube/STM32CubeIDE/plugins/com.st.stm32cube.ide.mcu.externaltools.gnu-tools-for-stm32.14.3.rel1.win32_1.0.100.202602081740/tools/bin/../lib/gcc/arm-none-eabi/14.3.1/../../../../arm-none-eabi/lib/thumb/v7e-m+fp/hard\libc_nano.a(libc_a-reent.o)
                0x0800b40c                _reclaim_reent
 .text._lseek_r
                0x0800b4c8       0x24 E:/Outpost Vault/Outpost Door/Outpost downloads/STMCubeIDE/Cube/STM32CubeIDE/plugins/com.st.stm32cube.ide.mcu.externaltools.gnu-tools-for-stm32.14.3.rel1.win32_1.0.100.202602081740/tools/bin/../lib/gcc/arm-none-eabi/14.3.1/../../../../arm-none-eabi/lib/thumb/v7e-m+fp/hard\libc_nano.a(libc_a-lseekr.o)
                0x0800b4c8                _lseek_r
 .text._read_r  0x0800b4ec       0x24 E:/Outpost Vault/Outpost Door/Outpost downloads/STMCubeIDE/Cube/STM32CubeIDE/plugins/com.st.stm32cube.ide.mcu.externaltools.gnu-tools-for-stm32.14.3.rel1.win32_1.0.100.202602081740/tools/bin/../lib/gcc/arm-none-eabi/14.3.1/../../../../arm-none-eabi/lib/thumb/v7e-m+fp/hard\libc_nano.a(libc_a-readr.o)
                0x0800b4ec                _read_r
 .text._write_r
                0x0800b510       0x24 E:/Outpost Vault/Outpost Door/Outpost downloads/STMCubeIDE/Cube/STM32CubeIDE/plugins/com.st.stm32cube.ide.mcu.externaltools.gnu-tools-for-stm32.14.3.rel1.win32_1.0.100.202602081740/tools/bin/../lib/gcc/arm-none-eabi/14.3.1/../../../../arm-none-eabi/lib/thumb/v7e-m+fp/hard\libc_nano.a(libc_a-writer.o)
                0x0800b510                _write_r
 .text.__errno  0x0800b534        0xc E:/Outpost Vault/Outpost Door/Outpost downloads/STMCubeIDE/Cube/STM32CubeIDE/plugins/com.st.stm32cube.ide.mcu.externaltools.gnu-tools-for-stm32.14.3.rel1.win32_1.0.100.202602081740/tools/bin/../lib/gcc/arm-none-eabi/14.3.1/../../../../arm-none-eabi/lib/thumb/v7e-m+fp/hard\libc_nano.a(libc_a-errno.o)
                0x0800b534                __errno
 .text.__libc_init_array
                0x0800b540       0x48 E:/Outpost Vault/Outpost Door/Outpost downloads/STMCubeIDE/Cube/STM32CubeIDE/plugins/com.st.stm32cube.ide.mcu.externaltools.gnu-tools-for-stm32.14.3.rel1.win32_1.0.100.202602081740/tools/bin/../lib/gcc/arm-none-eabi/14.3.1/../../../../arm-none-eabi/lib/thumb/v7e-m+fp/hard\libc_nano.a(libc_a-init.o)
                0x0800b540                __libc_init_array
 .text.__retarget_lock_init_recursive
                0x0800b588        0x2 E:/Outpost Vault/Outpost Door/Outpost downloads/STMCubeIDE/Cube/STM32CubeIDE/plugins/com.st.stm32cube.ide.mcu.externaltools.gnu-tools-for-stm32.14.3.rel1.win32_1.0.100.202602081740/tools/bin/../lib/gcc/arm-none-eabi/14.3.1/../../../../arm-none-eabi/lib/thumb/v7e-m+fp/hard\libc_nano.a(libc_a-lock.o)
                0x0800b588                __retarget_lock_init_recursive
 .text.__retarget_lock_acquire_recursive
                0x0800b58a        0x2 E:/Outpost Vault/Outpost Door/Outpost downloads/STMCubeIDE/Cube/STM32CubeIDE/plugins/com.st.stm32cube.ide.mcu.externaltools.gnu-tools-for-stm32.14.3.rel1.win32_1.0.100.202602081740/tools/bin/../lib/gcc/arm-none-eabi/14.3.1/../../../../arm-none-eabi/lib/thumb/v7e-m+fp/hard\libc_nano.a(libc_a-lock.o)
                0x0800b58a                __retarget_lock_acquire_recursive
 .text.__retarget_lock_release_recursive
                0x0800b58c        0x2 E:/Outpost Vault/Outpost Door/Outpost downloads/STMCubeIDE/Cube/STM32CubeIDE/plugins/com.st.stm32cube.ide.mcu.externaltools.gnu-tools-for-stm32.14.3.rel1.win32_1.0.100.202602081740/tools/bin/../lib/gcc/arm-none-eabi/14.3.1/../../../../arm-none-eabi/lib/thumb/v7e-m+fp/hard\libc_nano.a(libc_a-lock.o)
                0x0800b58c                __retarget_lock_release_recursive
 .text.memcpy   0x0800b58e       0x1c E:/Outpost Vault/Outpost Door/Outpost downloads/STMCubeIDE/Cube/STM32CubeIDE/plugins/com.st.stm32cube.ide.mcu.externaltools.gnu-tools-for-stm32.14.3.rel1.win32_1.0.100.202602081740/tools/bin/../lib/gcc/arm-none-eabi/14.3.1/../../../../arm-none-eabi/lib/thumb/v7e-m+fp/hard\libc_nano.a(libc_a-memcpy-stub.o)
                0x0800b58e                memcpy
 .text.quorem   0x0800b5aa      0x110 E:/Outpost Vault/Outpost Door/Outpost downloads/STMCubeIDE/Cube/STM32CubeIDE/plugins/com.st.stm32cube.ide.mcu.externaltools.gnu-tools-for-stm32.14.3.rel1.win32_1.0.100.202602081740/tools/bin/../lib/gcc/arm-none-eabi/14.3.1/../../../../arm-none-eabi/lib/thumb/v7e-m+fp/hard\libc_nano.a(libc_a-dtoa.o)
 *fill*         0x0800b6ba        0x6 
 .text._dtoa_r  0x0800b6c0      0xbb8 E:/Outpost Vault/Outpost Door/Outpost downloads/STMCubeIDE/Cube/STM32CubeIDE/plugins/com.st.stm32cube.ide.mcu.externaltools.gnu-tools-for-stm32.14.3.rel1.win32_1.0.100.202602081740/tools/bin/../lib/gcc/arm-none-eabi/14.3.1/../../../../arm-none-eabi/lib/thumb/v7e-m+fp/hard\libc_nano.a(libc_a-dtoa.o)
                0x0800b6c0                _dtoa_r
 .text._free_r  0x0800c278       0x94 E:/Outpost Vault/Outpost Door/Outpost downloads/STMCubeIDE/Cube/STM32CubeIDE/plugins/com.st.stm32cube.ide.mcu.externaltools.gnu-tools-for-stm32.14.3.rel1.win32_1.0.100.202602081740/tools/bin/../lib/gcc/arm-none-eabi/14.3.1/../../../../arm-none-eabi/lib/thumb/v7e-m+fp/hard\libc_nano.a(libc_a-freer.o)
                0x0800c278                _free_r
 .text.malloc   0x0800c30c       0x10 E:/Outpost Vault/Outpost Door/Outpost downloads/STMCubeIDE/Cube/STM32CubeIDE/plugins/com.st.stm32cube.ide.mcu.externaltools.gnu-tools-for-stm32.14.3.rel1.win32_1.0.100.202602081740/tools/bin/../lib/gcc/arm-none-eabi/14.3.1/../../../../arm-none-eabi/lib/thumb/v7e-m+fp/hard\libc_nano.a(libc_a-malloc.o)
                0x0800c30c                malloc
 .text.sbrk_aligned
                0x0800c31c       0x44 E:/Outpost Vault/Outpost Door/Outpost downloads/STMCubeIDE/Cube/STM32CubeIDE/plugins/com.st.stm32cube.ide.mcu.externaltools.gnu-tools-for-stm32.14.3.rel1.win32_1.0.100.202602081740/tools/bin/../lib/gcc/arm-none-eabi/14.3.1/../../../../arm-none-eabi/lib/thumb/v7e-m+fp/hard\libc_nano.a(libc_a-mallocr.o)
 .text._malloc_r
                0x0800c360      0x100 E:/Outpost Vault/Outpost Door/Outpost downloads/STMCubeIDE/Cube/STM32CubeIDE/plugins/com.st.stm32cube.ide.mcu.externaltools.gnu-tools-for-stm32.14.3.rel1.win32_1.0.100.202602081740/tools/bin/../lib/gcc/arm-none-eabi/14.3.1/../../../../arm-none-eabi/lib/thumb/v7e-m+fp/hard\libc_nano.a(libc_a-mallocr.o)
                0x0800c360                _malloc_r
 .text.__malloc_lock
                0x0800c460        0xc E:/Outpost Vault/Outpost Door/Outpost downloads/STMCubeIDE/Cube/STM32CubeIDE/plugins/com.st.stm32cube.ide.mcu.externaltools.gnu-tools-for-stm32.14.3.rel1.win32_1.0.100.202602081740/tools/bin/../lib/gcc/arm-none-eabi/14.3.1/../../../../arm-none-eabi/lib/thumb/v7e-m+fp/hard\libc_nano.a(libc_a-mlock.o)
                0x0800c460                __malloc_lock
 .text.__malloc_unlock
                0x0800c46c        0xc E:/Outpost Vault/Outpost Door/Outpost downloads/STMCubeIDE/Cube/STM32CubeIDE/plugins/com.st.stm32cube.ide.mcu.externaltools.gnu-tools-for-stm32.14.3.rel1.win32_1.0.100.202602081740/tools/bin/../lib/gcc/arm-none-eabi/14.3.1/../../../../arm-none-eabi/lib/thumb/v7e-m+fp/hard\libc_nano.a(libc_a-mlock.o)
                0x0800c46c                __malloc_unlock
 .text._Balloc  0x0800c478       0x7c E:/Outpost Vault/Outpost Door/Outpost downloads/STMCubeIDE/Cube/STM32CubeIDE/plugins/com.st.stm32cube.ide.mcu.externaltools.gnu-tools-for-stm32.14.3.rel1.win32_1.0.100.202602081740/tools/bin/../lib/gcc/arm-none-eabi/14.3.1/../../../../arm-none-eabi/lib/thumb/v7e-m+fp/hard\libc_nano.a(libc_a-mprec.o)
                0x0800c478                _Balloc
 .text._Bfree   0x0800c4f4       0x44 E:/Outpost Vault/Outpost Door/Outpost downloads/STMCubeIDE/Cube/STM32CubeIDE/plugins/com.st.stm32cube.ide.mcu.externaltools.gnu-tools-for-stm32.14.3.rel1.win32_1.0.100.202602081740/tools/bin/../lib/gcc/arm-none-eabi/14.3.1/../../../../arm-none-eabi/lib/thumb/v7e-m+fp/hard\libc_nano.a(libc_a-mprec.o)
                0x0800c4f4                _Bfree
 .text.__multadd
                0x0800c538       0x8c E:/Outpost Vault/Outpost Door/Outpost downloads/STMCubeIDE/Cube/STM32CubeIDE/plugins/com.st.stm32cube.ide.mcu.externaltools.gnu-tools-for-stm32.14.3.rel1.win32_1.0.100.202602081740/tools/bin/../lib/gcc/arm-none-eabi/14.3.1/../../../../arm-none-eabi/lib/thumb/v7e-m+fp/hard\libc_nano.a(libc_a-mprec.o)
                0x0800c538                __multadd
 .text.__hi0bits
                0x0800c5c4       0x3e E:/Outpost Vault/Outpost Door/Outpost downloads/STMCubeIDE/Cube/STM32CubeIDE/plugins/com.st.stm32cube.ide.mcu.externaltools.gnu-tools-for-stm32.14.3.rel1.win32_1.0.100.202602081740/tools/bin/../lib/gcc/arm-none-eabi/14.3.1/../../../../arm-none-eabi/lib/thumb/v7e-m+fp/hard\libc_nano.a(libc_a-mprec.o)
                0x0800c5c4                __hi0bits
 .text.__lo0bits
                0x0800c602       0x5a E:/Outpost Vault/Outpost Door/Outpost downloads/STMCubeIDE/Cube/STM32CubeIDE/plugins/com.st.stm32cube.ide.mcu.externaltools.gnu-tools-for-stm32.14.3.rel1.win32_1.0.100.202602081740/tools/bin/../lib/gcc/arm-none-eabi/14.3.1/../../../../arm-none-eabi/lib/thumb/v7e-m+fp/hard\libc_nano.a(libc_a-mprec.o)
                0x0800c602                __lo0bits
 .text.__i2b    0x0800c65c       0x2c E:/Outpost Vault/Outpost Door/Outpost downloads/STMCubeIDE/Cube/STM32CubeIDE/plugins/com.st.stm32cube.ide.mcu.externaltools.gnu-tools-for-stm32.14.3.rel1.win32_1.0.100.202602081740/tools/bin/../lib/gcc/arm-none-eabi/14.3.1/../../../../arm-none-eabi/lib/thumb/v7e-m+fp/hard\libc_nano.a(libc_a-mprec.o)
                0x0800c65c                __i2b
 .text.__multiply
                0x0800c688      0x154 E:/Outpost Vault/Outpost Door/Outpost downloads/STMCubeIDE/Cube/STM32CubeIDE/plugins/com.st.stm32cube.ide.mcu.externaltools.gnu-tools-for-stm32.14.3.rel1.win32_1.0.100.202602081740/tools/bin/../lib/gcc/arm-none-eabi/14.3.1/../../../../arm-none-eabi/lib/thumb/v7e-m+fp/hard\libc_nano.a(libc_a-mprec.o)
                0x0800c688                __multiply
 .text.__pow5mult
                0x0800c7dc       0xb8 E:/Outpost Vault/Outpost Door/Outpost downloads/STMCubeIDE/Cube/STM32CubeIDE/plugins/com.st.stm32cube.ide.mcu.externaltools.gnu-tools-for-stm32.14.3.rel1.win32_1.0.100.202602081740/tools/bin/../lib/gcc/arm-none-eabi/14.3.1/../../../../arm-none-eabi/lib/thumb/v7e-m+fp/hard\libc_nano.a(libc_a-mprec.o)
                0x0800c7dc                __pow5mult
 .text.__lshift
                0x0800c894       0xdc E:/Outpost Vault/Outpost Door/Outpost downloads/STMCubeIDE/Cube/STM32CubeIDE/plugins/com.st.stm32cube.ide.mcu.externaltools.gnu-tools-for-stm32.14.3.rel1.win32_1.0.100.202602081740/tools/bin/../lib/gcc/arm-none-eabi/14.3.1/../../../../arm-none-eabi/lib/thumb/v7e-m+fp/hard\libc_nano.a(libc_a-mprec.o)
                0x0800c894                __lshift
 .text.__mcmp   0x0800c970       0x36 E:/Outpost Vault/Outpost Door/Outpost downloads/STMCubeIDE/Cube/STM32CubeIDE/plugins/com.st.stm32cube.ide.mcu.externaltools.gnu-tools-for-stm32.14.3.rel1.win32_1.0.100.202602081740/tools/bin/../lib/gcc/arm-none-eabi/14.3.1/../../../../arm-none-eabi/lib/thumb/v7e-m+fp/hard\libc_nano.a(libc_a-mprec.o)
                0x0800c970                __mcmp
 *fill*         0x0800c9a6        0x2 
 .text.__mdiff  0x0800c9a8      0x130 E:/Outpost Vault/Outpost Door/Outpost downloads/STMCubeIDE/Cube/STM32CubeIDE/plugins/com.st.stm32cube.ide.mcu.externaltools.gnu-tools-for-stm32.14.3.rel1.win32_1.0.100.202602081740/tools/bin/../lib/gcc/arm-none-eabi/14.3.1/../../../../arm-none-eabi/lib/thumb/v7e-m+fp/hard\libc_nano.a(libc_a-mprec.o)
                0x0800c9a8                __mdiff
 .text.__d2b    0x0800cad8       0xb0 E:/Outpost Vault/Outpost Door/Outpost downloads/STMCubeIDE/Cube/STM32CubeIDE/plugins/com.st.stm32cube.ide.mcu.externaltools.gnu-tools-for-stm32.14.3.rel1.win32_1.0.100.202602081740/tools/bin/../lib/gcc/arm-none-eabi/14.3.1/../../../../arm-none-eabi/lib/thumb/v7e-m+fp/hard\libc_nano.a(libc_a-mprec.o)
                0x0800cad8                __d2b
 .text.__ssputs_r
                0x0800cb88       0xc0 E:/Outpost Vault/Outpost Door/Outpost downloads/STMCubeIDE/Cube/STM32CubeIDE/plugins/com.st.stm32cube.ide.mcu.externaltools.gnu-tools-for-stm32.14.3.rel1.win32_1.0.100.202602081740/tools/bin/../lib/gcc/arm-none-eabi/14.3.1/../../../../arm-none-eabi/lib/thumb/v7e-m+fp/hard\libc_nano.a(libc_a-nano-svfprintf.o)
                0x0800cb88                __ssputs_r
 .text._svfprintf_r
                0x0800cc48      0x1f0 E:/Outpost Vault/Outpost Door/Outpost downloads/STMCubeIDE/Cube/STM32CubeIDE/plugins/com.st.stm32cube.ide.mcu.externaltools.gnu-tools-for-stm32.14.3.rel1.win32_1.0.100.202602081740/tools/bin/../lib/gcc/arm-none-eabi/14.3.1/../../../../arm-none-eabi/lib/thumb/v7e-m+fp/hard\libc_nano.a(libc_a-nano-svfprintf.o)
                0x0800cc48                _svfiprintf_r
                0x0800cc48                _svfprintf_r
 .text.__sflush_r
                0x0800ce38      0x104 E:/Outpost Vault/Outpost Door/Outpost downloads/STMCubeIDE/Cube/STM32CubeIDE/plugins/com.st.stm32cube.ide.mcu.externaltools.gnu-tools-for-stm32.14.3.rel1.win32_1.0.100.202602081740/tools/bin/../lib/gcc/arm-none-eabi/14.3.1/../../../../arm-none-eabi/lib/thumb/v7e-m+fp/hard\libc_nano.a(libc_a-fflush.o)
                0x0800ce38                __sflush_r
 .text._fflush_r
                0x0800cf3c       0x50 E:/Outpost Vault/Outpost Door/Outpost downloads/STMCubeIDE/Cube/STM32CubeIDE/plugins/com.st.stm32cube.ide.mcu.externaltools.gnu-tools-for-stm32.14.3.rel1.win32_1.0.100.202602081740/tools/bin/../lib/gcc/arm-none-eabi/14.3.1/../../../../arm-none-eabi/lib/thumb/v7e-m+fp/hard\libc_nano.a(libc_a-fflush.o)
                0x0800cf3c                _fflush_r
 .text.memmove  0x0800cf8c       0x32 E:/Outpost Vault/Outpost Door/Outpost downloads/STMCubeIDE/Cube/STM32CubeIDE/plugins/com.st.stm32cube.ide.mcu.externaltools.gnu-tools-for-stm32.14.3.rel1.win32_1.0.100.202602081740/tools/bin/../lib/gcc/arm-none-eabi/14.3.1/../../../../arm-none-eabi/lib/thumb/v7e-m+fp/hard\libc_nano.a(libc_a-memmove.o)
                0x0800cf8c                memmove
 *fill*         0x0800cfbe        0x2 
 .text._sbrk_r  0x0800cfc0       0x20 E:/Outpost Vault/Outpost Door/Outpost downloads/STMCubeIDE/Cube/STM32CubeIDE/plugins/com.st.stm32cube.ide.mcu.externaltools.gnu-tools-for-stm32.14.3.rel1.win32_1.0.100.202602081740/tools/bin/../lib/gcc/arm-none-eabi/14.3.1/../../../../arm-none-eabi/lib/thumb/v7e-m+fp/hard\libc_nano.a(libc_a-sbrkr.o)
                0x0800cfc0                _sbrk_r
 .text.__assert_func
                0x0800cfe0       0x3c E:/Outpost Vault/Outpost Door/Outpost downloads/STMCubeIDE/Cube/STM32CubeIDE/plugins/com.st.stm32cube.ide.mcu.externaltools.gnu-tools-for-stm32.14.3.rel1.win32_1.0.100.202602081740/tools/bin/../lib/gcc/arm-none-eabi/14.3.1/../../../../arm-none-eabi/lib/thumb/v7e-m+fp/hard\libc_nano.a(libc_a-assert.o)
                0x0800cfe0                __assert_func
 .text._calloc_r
                0x0800d01c       0x28 E:/Outpost Vault/Outpost Door/Outpost downloads/STMCubeIDE/Cube/STM32CubeIDE/plugins/com.st.stm32cube.ide.mcu.externaltools.gnu-tools-for-stm32.14.3.rel1.win32_1.0.100.202602081740/tools/bin/../lib/gcc/arm-none-eabi/14.3.1/../../../../arm-none-eabi/lib/thumb/v7e-m+fp/hard\libc_nano.a(libc_a-callocr.o)
                0x0800d01c                _calloc_r
 .text.__ascii_mbtowc
                0x0800d044       0x24 E:/Outpost Vault/Outpost Door/Outpost downloads/STMCubeIDE/Cube/STM32CubeIDE/plugins/com.st.stm32cube.ide.mcu.externaltools.gnu-tools-for-stm32.14.3.rel1.win32_1.0.100.202602081740/tools/bin/../lib/gcc/arm-none-eabi/14.3.1/../../../../arm-none-eabi/lib/thumb/v7e-m+fp/hard\libc_nano.a(libc_a-mbtowc_r.o)
                0x0800d044                __ascii_mbtowc
 .text._realloc_r
                0x0800d068       0x5c E:/Outpost Vault/Outpost Door/Outpost downloads/STMCubeIDE/Cube/STM32CubeIDE/plugins/com.st.stm32cube.ide.mcu.externaltools.gnu-tools-for-stm32.14.3.rel1.win32_1.0.100.202602081740/tools/bin/../lib/gcc/arm-none-eabi/14.3.1/../../../../arm-none-eabi/lib/thumb/v7e-m+fp/hard\libc_nano.a(libc_a-reallocr.o)
                0x0800d068                _realloc_r
 .text.__ascii_wctomb
                0x0800d0c4       0x1a E:/Outpost Vault/Outpost Door/Outpost downloads/STMCubeIDE/Cube/STM32CubeIDE/plugins/com.st.stm32cube.ide.mcu.externaltools.gnu-tools-for-stm32.14.3.rel1.win32_1.0.100.202602081740/tools/bin/../lib/gcc/arm-none-eabi/14.3.1/../../../../arm-none-eabi/lib/thumb/v7e-m+fp/hard\libc_nano.a(libc_a-wctomb_r.o)
                0x0800d0c4                __ascii_wctomb
 *fill*         0x0800d0de        0x2 
 .text.fprintf  0x0800d0e0       0x24 E:/Outpost Vault/Outpost Door/Outpost downloads/STMCubeIDE/Cube/STM32CubeIDE/plugins/com.st.stm32cube.ide.mcu.externaltools.gnu-tools-for-stm32.14.3.rel1.win32_1.0.100.202602081740/tools/bin/../lib/gcc/arm-none-eabi/14.3.1/../../../../arm-none-eabi/lib/thumb/v7e-m+fp/hard\libc_nano.a(libc_a-fprintf.o)
                0x0800d0e0                fiprintf
                0x0800d0e0                fprintf
 .text.abort    0x0800d104        0xe E:/Outpost Vault/Outpost Door/Outpost downloads/STMCubeIDE/Cube/STM32CubeIDE/plugins/com.st.stm32cube.ide.mcu.externaltools.gnu-tools-for-stm32.14.3.rel1.win32_1.0.100.202602081740/tools/bin/../lib/gcc/arm-none-eabi/14.3.1/../../../../arm-none-eabi/lib/thumb/v7e-m+fp/hard\libc_nano.a(libc_a-abort.o)
                0x0800d104                abort
 .text._malloc_usable_size_r
                0x0800d112       0x10 E:/Outpost Vault/Outpost Door/Outpost downloads/STMCubeIDE/Cube/STM32CubeIDE/plugins/com.st.stm32cube.ide.mcu.externaltools.gnu-tools-for-stm32.14.3.rel1.win32_1.0.100.202602081740/tools/bin/../lib/gcc/arm-none-eabi/14.3.1/../../../../arm-none-eabi/lib/thumb/v7e-m+fp/hard\libc_nano.a(libc_a-msizer.o)
                0x0800d112                _malloc_usable_size_r
 .text.__sfputc_r
                0x0800d122       0x2e E:/Outpost Vault/Outpost Door/Outpost downloads/STMCubeIDE/Cube/STM32CubeIDE/plugins/com.st.stm32cube.ide.mcu.externaltools.gnu-tools-for-stm32.14.3.rel1.win32_1.0.100.202602081740/tools/bin/../lib/gcc/arm-none-eabi/14.3.1/../../../../arm-none-eabi/lib/thumb/v7e-m+fp/hard\libc_nano.a(libc_a-nano-vfprintf.o)
 .text.__sfputs_r
                0x0800d150       0x24 E:/Outpost Vault/Outpost Door/Outpost downloads/STMCubeIDE/Cube/STM32CubeIDE/plugins/com.st.stm32cube.ide.mcu.externaltools.gnu-tools-for-stm32.14.3.rel1.win32_1.0.100.202602081740/tools/bin/../lib/gcc/arm-none-eabi/14.3.1/../../../../arm-none-eabi/lib/thumb/v7e-m+fp/hard\libc_nano.a(libc_a-nano-vfprintf.o)
                0x0800d150                __sfputs_r
 .text._vfprintf_r
                0x0800d174      0x228 E:/Outpost Vault/Outpost Door/Outpost downloads/STMCubeIDE/Cube/STM32CubeIDE/plugins/com.st.stm32cube.ide.mcu.externaltools.gnu-tools-for-stm32.14.3.rel1.win32_1.0.100.202602081740/tools/bin/../lib/gcc/arm-none-eabi/14.3.1/../../../../arm-none-eabi/lib/thumb/v7e-m+fp/hard\libc_nano.a(libc_a-nano-vfprintf.o)
                0x0800d174                _vfprintf_r
                0x0800d174                _vfiprintf_r
 .text.__swbuf_r
                0x0800d39c       0x7c E:/Outpost Vault/Outpost Door/Outpost downloads/STMCubeIDE/Cube/STM32CubeIDE/plugins/com.st.stm32cube.ide.mcu.externaltools.gnu-tools-for-stm32.14.3.rel1.win32_1.0.100.202602081740/tools/bin/../lib/gcc/arm-none-eabi/14.3.1/../../../../arm-none-eabi/lib/thumb/v7e-m+fp/hard\libc_nano.a(libc_a-wbuf.o)
                0x0800d39c                __swbuf_r
 .text.__swsetup_r
                0x0800d418       0xa8 E:/Outpost Vault/Outpost Door/Outpost downloads/STMCubeIDE/Cube/STM32CubeIDE/plugins/com.st.stm32cube.ide.mcu.externaltools.gnu-tools-for-stm32.14.3.rel1.win32_1.0.100.202602081740/tools/bin/../lib/gcc/arm-none-eabi/14.3.1/../../../../arm-none-eabi/lib/thumb/v7e-m+fp/hard\libc_nano.a(libc_a-wsetup.o)
                0x0800d418                __swsetup_r
 .text._raise_r
                0x0800d4c0       0x50 E:/Outpost Vault/Outpost Door/Outpost downloads/STMCubeIDE/Cube/STM32CubeIDE/plugins/com.st.stm32cube.ide.mcu.externaltools.gnu-tools-for-stm32.14.3.rel1.win32_1.0.100.202602081740/tools/bin/../lib/gcc/arm-none-eabi/14.3.1/../../../../arm-none-eabi/lib/thumb/v7e-m+fp/hard\libc_nano.a(libc_a-signal.o)
                0x0800d4c0                _raise_r
 .text.raise    0x0800d510       0x10 E:/Outpost Vault/Outpost Door/Outpost downloads/STMCubeIDE/Cube/STM32CubeIDE/plugins/com.st.stm32cube.ide.mcu.externaltools.gnu-tools-for-stm32.14.3.rel1.win32_1.0.100.202602081740/tools/bin/../lib/gcc/arm-none-eabi/14.3.1/../../../../arm-none-eabi/lib/thumb/v7e-m+fp/hard\libc_nano.a(libc_a-signal.o)
                0x0800d510                raise
 .text._kill_r  0x0800d520       0x24 E:/Outpost Vault/Outpost Door/Outpost downloads/STMCubeIDE/Cube/STM32CubeIDE/plugins/com.st.stm32cube.ide.mcu.externaltools.gnu-tools-for-stm32.14.3.rel1.win32_1.0.100.202602081740/tools/bin/../lib/gcc/arm-none-eabi/14.3.1/../../../../arm-none-eabi/lib/thumb/v7e-m+fp/hard\libc_nano.a(libc_a-signalr.o)
                0x0800d520                _kill_r
 .text._getpid_r
                0x0800d544        0x4 E:/Outpost Vault/Outpost Door/Outpost downloads/STMCubeIDE/Cube/STM32CubeIDE/plugins/com.st.stm32cube.ide.mcu.externaltools.gnu-tools-for-stm32.14.3.rel1.win32_1.0.100.202602081740/tools/bin/../lib/gcc/arm-none-eabi/14.3.1/../../../../arm-none-eabi/lib/thumb/v7e-m+fp/hard\libc_nano.a(libc_a-signalr.o)
                0x0800d544                _getpid_r
 .text.__swhatbuf_r
                0x0800d548       0x48 E:/Outpost Vault/Outpost Door/Outpost downloads/STMCubeIDE/Cube/STM32CubeIDE/plugins/com.st.stm32cube.ide.mcu.externaltools.gnu-tools-for-stm32.14.3.rel1.win32_1.0.100.202602081740/tools/bin/../lib/gcc/arm-none-eabi/14.3.1/../../../../arm-none-eabi/lib/thumb/v7e-m+fp/hard\libc_nano.a(libc_a-makebuf.o)
                0x0800d548                __swhatbuf_r
 .text.__smakebuf_r
                0x0800d590       0x72 E:/Outpost Vault/Outpost Door/Outpost downloads/STMCubeIDE/Cube/STM32CubeIDE/plugins/com.st.stm32cube.ide.mcu.externaltools.gnu-tools-for-stm32.14.3.rel1.win32_1.0.100.202602081740/tools/bin/../lib/gcc/arm-none-eabi/14.3.1/../../../../arm-none-eabi/lib/thumb/v7e-m+fp/hard\libc_nano.a(libc_a-makebuf.o)
                0x0800d590                __smakebuf_r
 *fill*         0x0800d602        0x2 
 .text._fstat_r
                0x0800d604       0x24 E:/Outpost Vault/Outpost Door/Outpost downloads/STMCubeIDE/Cube/STM32CubeIDE/plugins/com.st.stm32cube.ide.mcu.externaltools.gnu-tools-for-stm32.14.3.rel1.win32_1.0.100.202602081740/tools/bin/../lib/gcc/arm-none-eabi/14.3.1/../../../../arm-none-eabi/lib/thumb/v7e-m+fp/hard\libc_nano.a(libc_a-fstatr.o)
                0x0800d604                _fstat_r
 .text._isatty_r
                0x0800d628       0x20 E:/Outpost Vault/Outpost Door/Outpost downloads/STMCubeIDE/Cube/STM32CubeIDE/plugins/com.st.stm32cube.ide.mcu.externaltools.gnu-tools-for-stm32.14.3.rel1.win32_1.0.100.202602081740/tools/bin/../lib/gcc/arm-none-eabi/14.3.1/../../../../arm-none-eabi/lib/thumb/v7e-m+fp/hard\libc_nano.a(libc_a-isattyr.o)
                0x0800d628                _isatty_r
 *(.glue_7)
 .glue_7        0x0800d648        0x0 linker stubs
 *(.glue_7t)
 .glue_7t       0x0800d648        0x0 linker stubs
 *(.eh_frame)
 .eh_frame      0x0800d648        0x0 E:/Outpost Vault/Outpost Door/Outpost downloads/STMCubeIDE/Cube/STM32CubeIDE/plugins/com.st.stm32cube.ide.mcu.externaltools.gnu-tools-for-stm32.14.3.rel1.win32_1.0.100.202602081740/tools/bin/../lib/gcc/arm-none-eabi/14.3.1/thumb/v7e-m+fp/hard/crtbegin.o
 *(.init)
 .init          0x0800d648        0x4 E:/Outpost Vault/Outpost Door/Outpost downloads/STMCubeIDE/Cube/STM32CubeIDE/plugins/com.st.stm32cube.ide.mcu.externaltools.gnu-tools-for-stm32.14.3.rel1.win32_1.0.100.202602081740/tools/bin/../lib/gcc/arm-none-eabi/14.3.1/thumb/v7e-m+fp/hard/crti.o
                0x0800d648                _init
 .init          0x0800d64c        0x8 E:/Outpost Vault/Outpost Door/Outpost downloads/STMCubeIDE/Cube/STM32CubeIDE/plugins/com.st.stm32cube.ide.mcu.externaltools.gnu-tools-for-stm32.14.3.rel1.win32_1.0.100.202602081740/tools/bin/../lib/gcc/arm-none-eabi/14.3.1/thumb/v7e-m+fp/hard/crtn.o
 *(.fini)
 .fini          0x0800d654        0x4 E:/Outpost Vault/Outpost Door/Outpost downloads/STMCubeIDE/Cube/STM32CubeIDE/plugins/com.st.stm32cube.ide.mcu.externaltools.gnu-tools-for-stm32.14.3.rel1.win32_1.0.100.202602081740/tools/bin/../lib/gcc/arm-none-eabi/14.3.1/thumb/v7e-m+fp/hard/crti.o
                0x0800d654                _fini
 .fini          0x0800d658        0x8 E:/Outpost Vault/Outpost Door/Outpost downloads/STMCubeIDE/Cube/STM32CubeIDE/plugins/com.st.stm32cube.ide.mcu.externaltools.gnu-tools-for-stm32.14.3.rel1.win32_1.0.100.202602081740/tools/bin/../lib/gcc/arm-none-eabi/14.3.1/thumb/v7e-m+fp/hard/crtn.o
                0x0800d660                        . = ALIGN (0x4)
                0x0800d660                        _etext = .

.vfp11_veneer   0x0800d660        0x0
 .vfp11_veneer  0x0800d660        0x0 linker stubs

.v4_bx          0x0800d660        0x0
 .v4_bx         0x0800d660        0x0 linker stubs

.iplt           0x0800d660        0x0
 .iplt          0x0800d660        0x0 E:/Outpost Vault/Outpost Door/Outpost downloads/STMCubeIDE/Cube/STM32CubeIDE/plugins/com.st.stm32cube.ide.mcu.externaltools.gnu-tools-for-stm32.14.3.rel1.win32_1.0.100.202602081740/tools/bin/../lib/gcc/arm-none-eabi/14.3.1/thumb/v7e-m+fp/hard/crtbegin.o

.rodata         0x0800d660      0x48c
                0x0800d660                        . = ALIGN (0x4)
 *(.rodata)
 .rodata        0x0800d660       0x59 ./Core/Src/main.o
 *fill*         0x0800d6b9        0x3 
 .rodata        0x0800d6bc        0x5 ./Middlewares/Third_Party/FreeRTOS/Source/tasks.o
 *fill*         0x0800d6c1        0x3 
 .rodata        0x0800d6c4        0xd ./Middlewares/Third_Party/FreeRTOS/Source/timers.o
 *(.rodata*)
 *fill*         0x0800d6d1        0x3 
 .rodata.Task1_attributes
                0x0800d6d4       0x24 ./Core/Src/main.o
                0x0800d6d4                Task1_attributes
 .rodata.Task2_attributes
                0x0800d6f8       0x24 ./Core/Src/main.o
                0x0800d6f8                Task2_attributes
 .rodata.Task3_attributes
                0x0800d71c       0x24 ./Core/Src/main.o
                0x0800d71c                Task3_attributes
 .rodata.FreqQueue_attributes
                0x0800d740       0x18 ./Core/Src/main.o
                0x0800d740                FreqQueue_attributes
 .rodata.AHBPrescTable
                0x0800d758       0x10 ./Core/Src/system_stm32f4xx.o
                0x0800d758                AHBPrescTable
 .rodata.APBPrescTable
                0x0800d768        0x8 ./Core/Src/system_stm32f4xx.o
                0x0800d768                APBPrescTable
 .rodata.flagBitshiftOffset.0
                0x0800d770        0x8 ./Drivers/STM32F4xx_HAL_Driver/Src/stm32f4xx_hal_dma.o
 .rodata._printf_float.str1.1
                0x0800d778      0x171 E:/Outpost Vault/Outpost Door/Outpost downloads/STMCubeIDE/Cube/STM32CubeIDE/plugins/com.st.stm32cube.ide.mcu.externaltools.gnu-tools-for-stm32.14.3.rel1.win32_1.0.100.202602081740/tools/bin/../lib/gcc/arm-none-eabi/14.3.1/../../../../arm-none-eabi/lib/thumb/v7e-m+fp/hard\libc_nano.a(libc_a-nano-vfprintf_float.o)
                                 0x12 (size before relaxing)
 .rodata._printf_i.str1.1
                0x0800d8e9       0x22 E:/Outpost Vault/Outpost Door/Outpost downloads/STMCubeIDE/Cube/STM32CubeIDE/plugins/com.st.stm32cube.ide.mcu.externaltools.gnu-tools-for-stm32.14.3.rel1.win32_1.0.100.202602081740/tools/bin/../lib/gcc/arm-none-eabi/14.3.1/../../../../arm-none-eabi/lib/thumb/v7e-m+fp/hard\libc_nano.a(libc_a-nano-vfprintf_i.o)
 .rodata._dtoa_r.str1.1
                0x0800d8e9       0x8f E:/Outpost Vault/Outpost Door/Outpost downloads/STMCubeIDE/Cube/STM32CubeIDE/plugins/com.st.stm32cube.ide.mcu.externaltools.gnu-tools-for-stm32.14.3.rel1.win32_1.0.100.202602081740/tools/bin/../lib/gcc/arm-none-eabi/14.3.1/../../../../arm-none-eabi/lib/thumb/v7e-m+fp/hard\libc_nano.a(libc_a-dtoa.o)
 .rodata._Balloc.str1.1
                0x0800d8e9       0x70 E:/Outpost Vault/Outpost Door/Outpost downloads/STMCubeIDE/Cube/STM32CubeIDE/plugins/com.st.stm32cube.ide.mcu.externaltools.gnu-tools-for-stm32.14.3.rel1.win32_1.0.100.202602081740/tools/bin/../lib/gcc/arm-none-eabi/14.3.1/../../../../arm-none-eabi/lib/thumb/v7e-m+fp/hard\libc_nano.a(libc_a-mprec.o)
 .rodata.__multadd.str1.1
                0x0800d8e9       0x11 E:/Outpost Vault/Outpost Door/Outpost downloads/STMCubeIDE/Cube/STM32CubeIDE/plugins/com.st.stm32cube.ide.mcu.externaltools.gnu-tools-for-stm32.14.3.rel1.win32_1.0.100.202602081740/tools/bin/../lib/gcc/arm-none-eabi/14.3.1/../../../../arm-none-eabi/lib/thumb/v7e-m+fp/hard\libc_nano.a(libc_a-mprec.o)
 *fill*         0x0800d8e9        0x3 
 .rodata.p05.0  0x0800d8ec        0xc E:/Outpost Vault/Outpost Door/Outpost downloads/STMCubeIDE/Cube/STM32CubeIDE/plugins/com.st.stm32cube.ide.mcu.externaltools.gnu-tools-for-stm32.14.3.rel1.win32_1.0.100.202602081740/tools/bin/../lib/gcc/arm-none-eabi/14.3.1/../../../../arm-none-eabi/lib/thumb/v7e-m+fp/hard\libc_nano.a(libc_a-mprec.o)
 .rodata.__mprec_bigtens
                0x0800d8f8       0x28 E:/Outpost Vault/Outpost Door/Outpost downloads/STMCubeIDE/Cube/STM32CubeIDE/plugins/com.st.stm32cube.ide.mcu.externaltools.gnu-tools-for-stm32.14.3.rel1.win32_1.0.100.202602081740/tools/bin/../lib/gcc/arm-none-eabi/14.3.1/../../../../arm-none-eabi/lib/thumb/v7e-m+fp/hard\libc_nano.a(libc_a-mprec.o)
                0x0800d8f8                __mprec_bigtens
 .rodata.__mprec_tens
                0x0800d920       0xc8 E:/Outpost Vault/Outpost Door/Outpost downloads/STMCubeIDE/Cube/STM32CubeIDE/plugins/com.st.stm32cube.ide.mcu.externaltools.gnu-tools-for-stm32.14.3.rel1.win32_1.0.100.202602081740/tools/bin/../lib/gcc/arm-none-eabi/14.3.1/../../../../arm-none-eabi/lib/thumb/v7e-m+fp/hard\libc_nano.a(libc_a-mprec.o)
                0x0800d920                __mprec_tens
 .rodata._svfprintf_r.str1.1
                0x0800d9e8       0x11 E:/Outpost Vault/Outpost Door/Outpost downloads/STMCubeIDE/Cube/STM32CubeIDE/plugins/com.st.stm32cube.ide.mcu.externaltools.gnu-tools-for-stm32.14.3.rel1.win32_1.0.100.202602081740/tools/bin/../lib/gcc/arm-none-eabi/14.3.1/../../../../arm-none-eabi/lib/thumb/v7e-m+fp/hard\libc_nano.a(libc_a-nano-svfprintf.o)
 .rodata._setlocale_r.str1.1
                0x0800d9e8        0x9 E:/Outpost Vault/Outpost Door/Outpost downloads/STMCubeIDE/Cube/STM32CubeIDE/plugins/com.st.stm32cube.ide.mcu.externaltools.gnu-tools-for-stm32.14.3.rel1.win32_1.0.100.202602081740/tools/bin/../lib/gcc/arm-none-eabi/14.3.1/../../../../arm-none-eabi/lib/thumb/v7e-m+fp/hard\libc_nano.a(libc_a-locale.o)
 .rodata.str1.1
                0x0800d9e8        0x2 E:/Outpost Vault/Outpost Door/Outpost downloads/STMCubeIDE/Cube/STM32CubeIDE/plugins/com.st.stm32cube.ide.mcu.externaltools.gnu-tools-for-stm32.14.3.rel1.win32_1.0.100.202602081740/tools/bin/../lib/gcc/arm-none-eabi/14.3.1/../../../../arm-none-eabi/lib/thumb/v7e-m+fp/hard\libc_nano.a(libc_a-locale.o)
 .rodata.__assert_func.str1.1
                0x0800d9e8       0x3d E:/Outpost Vault/Outpost Door/Outpost downloads/STMCubeIDE/Cube/STM32CubeIDE/plugins/com.st.stm32cube.ide.mcu.externaltools.gnu-tools-for-stm32.14.3.rel1.win32_1.0.100.202602081740/tools/bin/../lib/gcc/arm-none-eabi/14.3.1/../../../../arm-none-eabi/lib/thumb/v7e-m+fp/hard\libc_nano.a(libc_a-assert.o)
 .rodata._ctype_