Archive member included to satisfy reference by file (symbol)

E:/Outpost Vault/Outpost Door/Outpost downloads/STMCubeIDE/Cube/STM32CubeIDE/plugins/com.st.stm32cube.ide.mcu.externaltools.gnu-tools-for-stm32.14.3.rel1.win32_1.0.100.202602081740/tools/bin/../lib/gcc/arm-none-eabi/14.3.1/../../../../arm-none-eabi/lib/thumb/v7e-m+fp/hard\libc_nano.a(libc_a-exit.o)
                              E:/Outpost Vault/Outpost Door/Outpost downloads/STMCubeIDE/Cube/STM32CubeIDE/plugins/com.st.stm32cube.ide.mcu.externaltools.gnu-tools-for-stm32.14.3.rel1.win32_1.0.100.202602081740/tools/bin/../lib/gcc/arm-none-eabi/14.3.1/../../../../arm-none-eabi/lib/thumb/v7e-m+fp/hard/crt0.o (exit)
E:/Outpost Vault/Outpost Door/Outpost downloads/STMCubeIDE/Cube/STM32CubeIDE/plugins/com.st.stm32cube.ide.mcu.externaltools.gnu-tools-for-stm32.14.3.rel1.win32_1.0.100.202602081740/tools/bin/../lib/gcc/arm-none-eabi/14.3.1/../../../../arm-none-eabi/lib/thumb/v7e-m+fp/hard\libc_nano.a(libc_a-nano-vfprintf_float.o)
                              (_printf_float)
E:/Outpost Vault/Outpost Door/Outpost downloads/STMCubeIDE/Cube/STM32CubeIDE/plugins/com.st.stm32cube.ide.mcu.externaltools.gnu-tools-for-stm32.14.3.rel1.win32_1.0.100.202602081740/tools/bin/../lib/gcc/arm-none-eabi/14.3.1/../../../../arm-none-eabi/lib/thumb/v7e-m+fp/hard\libc_nano.a(libc_a-nano-vfprintf_i.o)
                              E:/Outpost Vault/Outpost Door/Outpost downloads/STMCubeIDE/Cube/STM32CubeIDE/plugins/com.st.stm32cube.ide.mcu.externaltools.gnu-tools-for-stm32.14.3.rel1.win32_1.0.100.202602081740/tools/bin/../lib/gcc/arm-none-eabi/14.3.1/../../../../arm-none-eabi/lib/thumb/v7e-m+fp/hard\libc_nano.a(libc_a-nano-vfprintf_float.o) (_printf_common)
E:/Outpost Vault/Outpost Door/Outpost downloads/STMCubeIDE/Cube/STM32CubeIDE/plugins/com.st.stm32cube.ide.mcu.externaltools.gnu-tools-for-stm32.14.3.rel1.win32_1.0.100.202602081740/tools/bin/../lib/gcc/arm-none-eabi/14.3.1/../../../../arm-none-eabi/lib/thumb/v7e-m+fp/hard\libc_nano.a(libc_a-findfp.o)
                              ./Middlewares/Third_Party/FreeRTOS/Source/tasks.o (__sf)
E:/Outpost Vault/Outpost Door/Outpost downloads/STMCubeIDE/Cube/STM32CubeIDE/plugins/com.st.stm32cube.ide.mcu.externaltools.gnu-tools-for-stm32.14.3.rel1.win32_1.0.100.202602081740/tools/bin/../lib/gcc/arm-none-eabi/14.3.1/../../../../arm-none-eabi/lib/thumb/v7e-m+fp/hard\libc_nano.a(libc_a-fwalk.o)
                              E:/Outpost Vault/Outpost Door/Outpost downloads/STMCubeIDE/Cube/STM32CubeIDE/plugins/com.st.stm32cube.ide.mcu.externaltools.gnu-tools-for-stm32.14.3.rel1.win32_1.0.100.202602081740/tools/bin/../lib/gcc/arm-none-eabi/14.3.1/../../../../arm-none-eabi/lib/thumb/v7e-m+fp/hard\libc_nano.a(libc_a-findfp.o) (_fwalk_sglue)
E:/Outpost Vault/Outpost Door/Outpost downloads/STMCubeIDE/Cube/STM32CubeIDE/plugins/com.st.stm32cube.ide.mcu.externaltools.gnu-tools-for-stm32.14.3.rel1.win32_1.0.100.202602081740/tools/bin/../lib/gcc/arm-none-eabi/14.3.1/../../../../arm-none-eabi/lib/thumb/v7e-m+fp/hard\libc_nano.a(libc_a-sprintf.o)
                              ./Core/Src/main.o (sprintf)
E:/Outpost Vault/Outpost Door/Outpost downloads/STMCubeIDE/Cube/STM32CubeIDE/plugins/com.st.stm32cube.ide.mcu.externaltools.gnu-tools-for-stm32.14.3.rel1.win32_1.0.100.202602081740/tools/bin/../lib/gcc/arm-none-eabi/14.3.1/../../../../arm-none-eabi/lib/thumb/v7e-m+fp/hard\libc_nano.a(libc_a-stdio.o)
                              E:/Outpost Vault/Outpost Door/Outpost downloads/STMCubeIDE/Cube/STM32CubeIDE/plugins/com.st.stm32cube.ide.mcu.externaltools.gnu-tools-for-stm32.14.3.rel1.win32_1.0.100.202602081740/tools/bin/../lib/gcc/arm-none-eabi/14.3.1/../../../../arm-none-eabi/lib/thumb/v7e-m+fp/hard\libc_nano.a(libc_a-findfp.o) (__sread)
E:/Outpost Vault/Outpost Door/Outpost downloads/STMCubeIDE/Cube/STM32CubeIDE/plugins/com.st.stm32cube.ide.mcu.externaltools.gnu-tools-for-stm32.14.3.rel1.win32_1.0.100.202602081740/tools/bin/../lib/gcc/arm-none-eabi/14.3.1/../../../../arm-none-eabi/lib/thumb/v7e-m+fp/hard\libc_nano.a(libc_a-memset.o)
                              E:/Outpost Vault/Outpost Door/Outpost downloads/STMCubeIDE/Cube/STM32CubeIDE/plugins/com.st.stm32cube.ide.mcu.externaltools.gnu-tools-for-stm32.14.3.rel1.win32_1.0.100.202602081740/tools/bin/../lib/gcc/arm-none-eabi/14.3.1/../../../../arm-none-eabi/lib/thumb/v7e-m+fp/hard/crt0.o (memset)
E:/Outpost Vault/Outpost Door/Outpost downloads/STMCubeIDE/Cube/STM32CubeIDE/plugins/com.st.stm32cube.ide.mcu.externaltools.gnu-tools-for-stm32.14.3.rel1.win32_1.0.100.202602081740/tools/bin/../lib/gcc/arm-none-eabi/14.3.1/../../../../arm-none-eabi/lib/thumb/v7e-m+fp/hard\libc_nano.a(libc_a-localeconv.o)
[...]
Memory Configuration

Name             Origin             Length             Attributes
RAM              0x20000000         0x00020000         xrw
FLASH            0x08000000         0x00080000         xr
*default*        0x00000000         0xffffffff

Linker script and memory map

LOAD E:/Outpost Vault/Outpost Door/Outpost downloads/STMCubeIDE/Cube/STM32CubeIDE/plugins/com.st.stm32cube.ide.mcu.externaltools.gnu-tools-for-stm32.14.3.rel1.win32_1.0.100.202602081740/tools/bin/../lib/gcc/arm-none-eabi/14.3.1/thumb/v7e-m+fp/hard/crti.o
LOAD E:/Outpost Vault/Outpost Door/Outpost downloads/STMCubeIDE/Cube/STM32CubeIDE/plugins/com.st.stm32cube.ide.mcu.externaltools.gnu-tools-for-stm32.14.3.rel1.win32_1.0.100.202602081740/tools/bin/../lib/gcc/arm-none-eabi/14.3.1/thumb/v7e-m+fp/hard/crtbegin.o
LOAD E:/Outpost Vault/Outpost Door/Outpost downloads/STMCubeIDE/Cube/STM32CubeIDE/plugins/com.st.stm32cube.ide.mcu.externaltools.gnu-tools-for-stm32.14.3.rel1.win32_1.0.100.202602081740/tools/bin/../lib/gcc/arm-none-eabi/14.3.1/../../../../arm-none-eabi/lib/thumb/v7e-m+fp/hard/crt0.o
LOAD ./Core/Src/freertos.o
LOAD ./Core/Src/main.o
LOAD ./Core/Src/stm32f4xx_hal_msp.o
LOAD ./Core/Src/stm32f4xx_hal_timebase_tim.o
LOAD ./Core/Src/stm32f4xx_it.o
LOAD ./Core/Src/syscalls.o
LOAD ./Core/Src/sysmem.o
LOAD ./Core/Src/system_stm32f4xx.o
LOAD ./Core/Startup/startup_stm32f446retx.o
LOAD ./Drivers/STM32F4xx_HAL_Driver/Src/stm32f4xx_hal.o
LOAD ./Drivers/STM32F4xx_HAL_Driver/Src/stm32f4xx_hal_cortex.o
LOAD ./Drivers/STM32F4xx_HAL_Driver/Src/stm32f4xx_hal_dac.o
LOAD ./Drivers/STM32F4xx_HAL_Driver/Src/stm32f4xx_hal_dac_ex.o
LOAD ./Drivers/STM32F4xx_HAL_Driver/Src/stm32f4xx_hal_dma.o
LOAD ./Drivers/STM32F4xx_HAL_Driver/Src/stm32f4xx_hal_dma_ex.o
LOAD ./Drivers/STM32F4xx_HAL_Driver/Src/stm32f4xx_hal_exti.o
LOAD ./Drivers/STM32F4xx_HAL_Driver/Src/stm32f4xx_hal_flash.o
LOAD ./Drivers/STM32F4xx_HAL_Driver/Src/stm32f4xx_hal_flash_ex.o
LOAD ./Drivers/STM32F4xx_HAL_Driver/Src/stm32f4xx_hal_flash_ramfunc.o
LOAD ./Drivers/STM32F4xx_HAL_Driver/Src/stm32f4xx_hal_gpio.o
LOAD ./Drivers/STM32F4xx_HAL_Driver/Src/stm32f4xx_hal_i2c.o
LOAD ./Drivers/STM32F4xx_HAL_Driver/Src/stm32f4xx_hal_i2c_ex.o
LOAD ./Drivers/STM32F4xx_HAL_Driver/Src/stm32f4xx_hal_pwr.o
LOAD ./Drivers/STM32F4xx_HAL_Driver/Src/stm32f4xx_hal_pwr_ex.o
LOAD ./Drivers/STM32F4xx_HAL_Driver/Src/stm32f4xx_hal_rcc.o
LOAD ./Drivers/STM32F4xx_HAL_Driver/Src/stm32f4xx_hal_rcc_ex.o
LOAD ./Drivers/STM32F4xx_HAL_Driver/Src/stm32f4xx_hal_tim.o
LOAD ./Drivers/STM32F4xx_HAL_Driver/Src/stm32f4xx_hal_tim_ex.o
LOAD ./Drivers/STM32F4xx_HAL_Driver/Src/stm32f4xx_hal_uart.o
LOAD ./Middlewares/Third_Party/FreeRTOS/Source/CMSIS_RTOS_V2/cmsis_os2.o
LOAD ./Middlewares/Third_Party/FreeRTOS/Source/croutine.o
LOAD ./Middlewares/Third_Party/FreeRTOS/Source/event_groups.o
LOAD ./Middlewares/Third_Party/FreeRTOS/Source/list.o
LOAD ./Middlewares/Third_Party/FreeRTOS/Source/queue.o
LOAD ./Middlewares/Third_Party/FreeRTOS/Source/stream_buffer.o
LOAD ./Middlewares/Third_Party/FreeRTOS/Source/tasks.o
LOAD ./Middlewares/Third_Party/FreeRTOS/Source/timers.o
LOAD ./Middlewares/Third_Party/FreeRTOS/Source/portable/GCC/ARM_CM4F/port.o
LOAD ./Middlewares/Third_Party/FreeRTOS/Source/portable/MemMang/heap_4.o
START GROUP
LOAD E:/Outpost Vault/Outpost Door/Outpost downloads/STMCubeIDE/Cube/STM32CubeIDE/plugins/com.st.stm32cube.ide.mcu.externaltools.gnu-tools-for-stm32.14.3.rel1.win32_1.0.100.202602081740/tools/bin/../lib/gcc/arm-none-eabi/14.3.1/../../../../arm-none-eabi/lib/thumb/v7e-m+fp/hard\libc_nano.a
LOAD E:/Outpost Vault/Outpost Door/Outpost downloads/STMCubeIDE/Cube/STM32CubeIDE/plugins/com.st.stm32cube.ide.mcu.externaltools.gnu-tools-for-stm32.14.3.rel1.win32_1.0.100.202602081740/tools/bin/../lib/gcc/arm-none-eabi/14.3.1/../../../../arm-none-eabi/lib/thumb/v7e-m+fp/hard\libm.a
END GROUP
START GROUP
LOAD E:/Outpost Vault/Outpost Door/Outpost downloads/STMCubeIDE/Cube/STM32CubeIDE/plugins/com.st.stm32cube.ide.mcu.externaltools.gnu-tools-for-stm32.14.3.rel1.win32_1.0.100.202602081740/tools/bin/../lib/gcc/arm-none-eabi/14.3.1/thumb/v7e-m+fp/hard\libgcc.a
LOAD E:/Outpost Vault/Outpost Door/Outpost downloads/STMCubeIDE/Cube/STM32CubeIDE/plugins/com.st.stm32cube.ide.mcu.externaltools.gnu-tools-for-stm32.14.3.rel1.win32_1.0.100.202602081740/tools/bin/../lib/gcc/arm-none-eabi/14.3.1/../../../../arm-none-eabi/lib/thumb/v7e-m+fp/hard\libc_nano.a
END GROUP
START GROUP
LOAD E:/Outpost Vault/Outpost Door/Outpost downloads/STMCubeIDE/Cube/STM32CubeIDE/plugins/com.st.stm32cube.ide.mcu.externaltools.gnu-tools-for-stm32.14.3.rel1.win32_1.0.100.202602081740/tools/bin/../lib/gcc/arm-none-eabi/14.3.1/thumb/v7e-m+fp/hard\libgcc.a
LOAD E:/Outpost Vault/Outpost Door/Outpost downloads/STMCubeIDE/Cube/STM32CubeIDE/plugins/com.st.stm32cube.ide.mcu.externaltools.gnu-tools-for-stm32.14.3.rel1.win32_1.0.100.202602081740/tools/bin/../lib/gcc/arm-none-eabi/14.3.1/../../../../arm-none-eabi/lib/thumb/v7e-m+fp/hard\libc_nano.a
LOAD E:/Outpost Vault/Outpost Door/Outpost downloads/STMCubeIDE/Cube/STM32CubeIDE/plugins/com.st.stm32cube.ide.mcu.externaltools.gnu-tools-for-stm32.14.3.rel1.win32_1.0.100.202602081740/tools/bin/../lib/gcc/arm-none-eabi/14.3.1/../../../../arm-none-eabi/lib/thumb/v7e-m+fp/hard\libnosys.a
END GROUP
START GROUP
LOAD E:/Outpost Vault/Outpost Door/Outpost downloads/STMCubeIDE/Cube/STM32CubeIDE/plugins/com.st.stm32cube.ide.mcu.externaltools.gnu-tools-for-stm32.14.3.rel1.win32_1.0.100.202602081740/tools/bin/../lib/gcc/arm-none-eabi/14.3.1/thumb/v7e-m+fp/hard\libgcc.a
LOAD E:/Outpost Vault/Outpost Door/Outpost downloads/STMCubeIDE/Cube/STM32CubeIDE/plugins/com.st.stm32cube.ide.mcu.externaltools.gnu-tools-for-stm32.14.3.rel1.win32_1.0.100.202602081740/tools/bin/../lib/gcc/arm-none-eabi/14.3.1/../../../../arm-none-eabi/lib/thumb/v7e-m+fp/hard\libc_nano.a
LOAD E:/Outpost Vault/Outpost Door/Outpost downloads/STMCubeIDE/Cube/STM32CubeIDE/plugins/com.st.stm32cube.ide.mcu.externaltools.gnu-tools-for-stm32.14.3.rel1.win32_1.0.100.202602081740/tools/bin/../lib/gcc/arm-none-eabi/14.3.1/../../../../arm-none-eabi/lib/thumb/v7e-m+fp/hard\libnosys.a
END GROUP
LOAD E:/Outpost Vault/Outpost Door/Outpost downloads/STMCubeIDE/Cube/STM32CubeIDE/plugins/com.st.stm32cube.ide.mcu.externaltools.gnu-tools-for-stm32.14.3.rel1.win32_1.0.100.202602081740/tools/bin/../lib/gcc/arm-none-eabi/14.3.1/thumb/v7e-m+fp/hard/crtend.o
LOAD E:/Outpost Vault/Outpost Door/Outpost downloads/STMCubeIDE/Cube/STM32CubeIDE/plugins/com.st.stm32cube.ide.mcu.externaltools.gnu-tools-for-stm32.14.3.rel1.win32_1.0.100.202602081740/tools/bin/../lib/gcc/arm-none-eabi/14.3.1/thumb/v7e-m+fp/hard/crtn.o
                0x20020000                        _estack = (ORIGIN (RAM) + LENGTH (RAM))
                0x00000200                        _Min_Heap_Size = 0x200
                0x00000400                        _Min_Stack_Size = 0x400

.isr_vector     0x08000000      0x1c4
                0x08000000                        . = ALIGN (0x4)
 *(.isr_vector)
 .isr_vector    0x08000000      0x1c4 ./Core/Startup/startup_stm32f446retx.o
                0x08000000                g_pfnVectors
                0x080001c4                        . = ALIGN (0x4)

.text           0x080001d0     0xd5e0
                0x080001d0                        . = ALIGN (0x4)
 *(.text)
 .text          0x080001d0       0x40 E:/Outpost Vault/Outpost Door/Outpost downloads/STMCubeIDE/Cube/STM32CubeIDE/plugins/com.st.stm32cube.ide.mcu.externaltools.gnu-tools-for-stm32.14.3.rel1.win32_1.0.100.202602081740/tools/bin/../lib/gcc/arm-none-eabi/14.3.1/thumb/v7e-m+fp/hard/crtbegin.o
 .text          0x08000210       0xa0 E:/Outpost Vault/Outpost Door/Outpost downloads/STMCubeIDE/Cube/STM32CubeIDE/plugins/com.st.stm32cube.ide.mcu.externaltools.gnu-tools-for-stm32.14.3.rel1.win32_1.0.100.202602081740/tools/bin/../lib/gcc/arm-none-eabi/14.3.1/../../../../arm-none-eabi/lib/thumb/v7e-m+fp/hard\libc_nano.a(libc_a-memchr.o)
                0x08000210                memchr
 .text          0x080002b0       0x10 E:/Outpost Vault/Outpost Door/Outpost downloads/STMCubeIDE/Cube/STM32CubeIDE/plugins/com.st.stm32cube.ide.mcu.externaltools.gnu-tools-for-stm32.14.3.rel1.win32_1.0.100.202602081740/tools/bin/../lib/gcc/arm-none-eabi/14.3.1/../../../../arm-none-eabi/lib/thumb/v7e-m+fp/hard\libc_nano.a(libc_a-strlen.o)
                0x080002b0                strlen
 .text          0x080002c0      0x378 E:/Outpost Vault/Outpost Door/Outpost downloads/STMCubeIDE/Cube/STM32CubeIDE/plugins/com.st.stm32cube.ide.mcu.externaltools.gnu-tools-for-stm32.14.3.rel1.win32_1.0.100.202602081740/tools/bin/../lib/gcc/arm-none-eabi/14.3.1/thumb/v7e-m+fp/hard\libgcc.a(_arm_addsubdf3.o)
                0x080002c0                __aeabi_drsub
                0x080002c8                __aeabi_dsub
                0x080002c8                __subdf3
                0x080002cc                __aeabi_dadd
                0x080002cc                __adddf3
                0x08000544                __floatunsidf
                0x08000544                __aeabi_ui2d
                0x08000564                __floatsidf
                0x08000564                __aeabi_i2d
                0x08000588                __aeabi_f2d
                0x08000588                __extendsfdf2
                0x080005cc                __floatundidf
                0x080005cc                __aeabi_ul2d
                0x080005dc                __floatdidf
                0x080005dc                __aeabi_l2d
 .text          0x08000638      0x424 E:/Outpost Vault/Outpost Door/Outpost downloads/STMCubeIDE/Cube/STM32CubeIDE/plugins/com.st.stm32cube.ide.mcu.externaltools.gnu-tools-for-stm32.14.3.rel1.win32_1.0.100.202602081740/tools/bin/../lib/gcc/arm-none-eabi/14.3.1/thumb/v7e-m+fp/hard\libgcc.a(_arm_muldivdf3.o)
                0x08000638                __aeabi_dmul
                0x08000638                __muldf3
                0x0800088c                __divdf3
                0x0800088c                __aeabi_ddiv
 .text          0x08000a5c      0x110 E:/Outpost Vault/Outpost Door/Outpost downloads/STMCubeIDE/Cube/STM32CubeIDE/plugins/com.st.stm32cube.ide.mcu.externaltools.gnu-tools-for-stm32.14.3.rel1.win32_1.0.100.202602081740/tools/bin/../lib/gcc/arm-none-eabi/14.3.1/thumb/v7e-m+fp/hard\libgcc.a(_arm_cmpdf2.o)
                0x08000a5c                __gtdf2
                0x08000a5c                __gedf2
                0x08000a64                __ltdf2
                0x08000a64                __ledf2
                0x08000a6c                __nedf2
                0x08000a6c                __eqdf2
                0x08000a6c                __cmpdf2
                0x08000ae8                __aeabi_cdrcmple
                0x08000af8                __aeabi_cdcmpeq
                0x08000af8                __aeabi_cdcmple
                0x08000b08                __aeabi_dcmpeq
                0x08000b1c                __aeabi_dcmplt
                0x08000b30                __aeabi_dcmple
                0x08000b44                __aeabi_dcmpge
                0x08000b58                __aeabi_dcmpgt
 .text          0x08000b6c       0x2c E:/Outpost Vault/Outpost Door/Outpost downloads/STMCubeIDE/Cube/STM32CubeIDE/plugins/com.st.stm32cube.ide.mcu.externaltools.gnu-tools-for-stm32.14.3.rel1.win32_1.0.100.202602081740/tools/bin/../lib/gcc/arm-none-eabi/14.3.1/thumb/v7e-m+fp/hard\libgcc.a(_arm_unorddf2.o)
                0x08000b6c                __unorddf2
                0x08000b6c                __aeabi_dcmpun
 .text          0x08000b98       0x50 E:/Outpost Vault/Outpost Door/Outpost downloads/STMCubeIDE/Cube/STM32CubeIDE/plugins/com.st.stm32cube.ide.mcu.externaltools.gnu-tools-for-stm32.14.3.rel1.win32_1.0.100.202602081740/tools/bin/../lib/gcc/arm-none-eabi/14.3.1/thumb/v7e-m+fp/hard\libgcc.a(_arm_fixdfsi.o)
                0x08000b98                __aeabi_d2iz
                0x08000b98                __fixdfsi
 .text          0x08000be8       0xa0 E:/Outpost Vault/Outpost Door/Outpost downloads/STMCubeIDE/Cube/STM32CubeIDE/plugins/com.st.stm32cube.ide.mcu.externaltools.gnu-tools-for-stm32.14.3.rel1.win32_1.0.100.202602081740/tools/bin/../lib/gcc/arm-none-eabi/14.3.1/thumb/v7e-m+fp/hard\libgcc.a(_arm_truncdfsf2.o)
                0x08000be8                __truncdfsf2
                0x08000be8                __aeabi_d2f
 .text          0x08000c88       0x30 E:/Outpost Vault/Outpost Door/Outpost downloads/STMCubeIDE/Cube/STM32CubeIDE/plugins/com.st.stm32cube.ide.mcu.externaltools.gnu-tools-for-stm32.14.3.rel1.win32_1.0.100.202602081740/tools/bin/../lib/gcc/arm-none-eabi/14.3.1/thumb/v7e-m+fp/hard\libgcc.a(_aeabi_uldivmod.o)
                0x08000c88                __aeabi_uldivmod
 .text          0x08000cb8      0x2f8 E:/Outpost Vault/Outpost Door/Outpost downloads/STMCubeIDE/Cube/STM32CubeIDE/plugins/com.st.stm32cube.ide.mcu.externaltools.gnu-tools-for-stm32.14.3.rel1.win32_1.0.100.202602081740/tools/bin/../lib/gcc/arm-none-eabi/14.3.1/thumb/v7e-m+fp/hard\libgcc.a(_udivmoddi4.o)
                0x08000cb8                __udivmoddi4
 .text          0x08000fb0        0x4 E:/Outpost Vault/Outpost Door/Outpost downloads/STMCubeIDE/Cube/STM32CubeIDE/plugins/com.st.stm32cube.ide.mcu.externaltools.gnu-tools-for-stm32.14.3.rel1.win32_1.0.100.202602081740/tools/bin/../lib/gcc/arm-none-eabi/14.3.1/thumb/v7e-m+fp/hard\libgcc.a(_dvmd_tls.o)
                0x08000fb0                __aeabi_idiv0
                0x08000fb0                __aeabi_ldiv0
 *(.text*)
 .text.serial_message_print
                0x08000fb4       0x30 ./Core/Src/main.o
                0x08000fb4                serial_message_print
 .text.read_accel_data
                0x08000fe4       0xe0 ./Core/Src/main.o
                0x08000fe4                read_accel_data
 *fill*         0x080010c4        0x4 
 .text.read_gyro_data
                0x080010c8       0xe4 ./Core/Src/main.o
                0x080010c8                read_gyro_data
 .text.print_data
                0x080011ac       0x68 ./Core/Src/main.o
                0x080011ac                print_data
 .text.main     0x08001214       0x9c ./Core/Src/main.o
                0x08001214                main
 .text.SystemClock_Config
                0x080012b0       0xdc ./Core/Src/main.o
                0x080012b0                SystemClock_Config
 .text.MX_DAC_Init
                0x0800138c       0x54 ./Core/Src/main.o
 .text.MX_I2C1_Init
                0x080013e0       0x5c ./Core/Src/main.o
 .text.MX_TIM2_Init
                0x0800143c       0x9c ./Core/Src/main.o
 .text.MX_USART2_UART_Init
                0x080014d8       0x54 ./Core/Src/main.o
 .text.MX_DMA_Init
                0x0800152c       0x40 ./Core/Src/main.o
 .text.MX_GPIO_Init
                0x0800156c       0xb4 ./Core/Src/main.o
 .text.StartTask1
                0x08001620      0x1d0 ./Core/Src/main.o
                0x08001620                StartTask1
 .text.StartTask2
                0x080017f0       0x10 ./Core/Src/main.o
                0x080017f0                StartTask2
 .text.StartTask3
                0x08001800       0x10 ./Core/Src/main.o
                0x08001800                StartTask3
 .text.HAL_TIM_PeriodElapsedCallback
                0x08001810       0x24 ./Core/Src/main.o
                0x08001810                HAL_TIM_PeriodElapsedCallback
 .text.Error_Handler
                0x08001834        0xc ./Core/Src/main.o
                0x08001834                Error_Handler
 .text.HAL_MspInit
                0x08001840       0x58 ./Core/Src/stm32f4xx_hal_msp.o
                0x08001840                HAL_MspInit
 .text.HAL_DAC_MspInit
                0x08001898      0x104 ./Core/Src/stm32f4xx_hal_msp.o
                0x08001898                HAL_DAC_MspInit
 .text.HAL_I2C_MspInit
                0x0800199c       0xb0 ./Core/Src/stm32f4xx_hal_msp.o
                0x0800199c                HAL_I2C_MspInit
 .text.HAL_TIM_Base_MspInit
                0x08001a4c       0x40 ./Core/Src/stm32f4xx_hal_msp.o
                0x08001a4c                HAL_TIM_Base_MspInit
 .text.HAL_UART_MspInit
                0x08001a8c       0xa0 ./Core/Src/stm32f4xx_hal_msp.o
                0x08001a8c                HAL_UART_MspInit
 .text.HAL_InitTick
                0x08001b2c       0xf8 ./Core/Src/stm32f4xx_hal_timebase_tim.o
                0x08001b2c                HAL_InitTick
 .text.NMI_Handler
                0x08001c24        0x8 ./Core/Src/stm32f4xx_it.o
                0x08001c24                NMI_Handler
 .text.HardFault_Handler
                0x08001c2c        0x8 ./Core/Src/stm32f4xx_it.o
                0x08001c2c                HardFault_Handler
 .text.MemManage_Handler
                0x08001c34        0x8 ./Core/Src/stm32f4xx_it.o
                0x08001c34                MemManage_Handler
 .text.BusFault_Handler
                0x08001c3c        0x8 ./Core/Src/stm32f4xx_it.o
                0x08001c3c                BusFault_Handler
 .text.UsageFault_Handler
                0x08001c44        0x8 ./Core/Src/stm32f4xx_it.o
                0x08001c44                UsageFault_Handler
 .text.DebugMon_Handler
                0x08001c4c        0xe ./Core/Src/stm32f4xx_it.o
                0x08001c4c                DebugMon_Handler
 *fill*         0x08001c5a        0x2 
 .text.DMA1_Stream5_IRQHandler
                0x08001c5c       0x14 ./Core/Src/stm32f4xx_it.o
                0x08001c5c                DMA1_Stream5_IRQHandler
 .text.I2C1_EV_IRQHandler
                0x08001c70       0x14 ./Core/Src/stm32f4xx_it.o
                0x08001c70                I2C1_EV_IRQHandler
 .text.I2C1_ER_IRQHandler
                0x08001c84       0x14 ./Core/Src/stm32f4xx_it.o
                0x08001c84                I2C1_ER_IRQHandler
 .text.USART2_IRQHandler
                0x08001c98       0x14 ./Core/Src/stm32f4xx_it.o
                0x08001c98                USART2_IRQHandler
 .text.TIM6_DAC_IRQHandler
                0x08001cac       0x28 ./Core/Src/stm32f4xx_it.o
                0x08001cac                TIM6_DAC_IRQHandler
 .text._getpid  0x08001cd4       0x10 ./Core/Src/syscalls.o
                0x08001cd4                _getpid
 .text._kill    0x08001ce4       0x20 ./Core/Src/syscalls.o
                0x08001ce4                _kill
 .text._exit    0x08001d04       0x16 ./Core/Src/syscalls.o
                0x08001d04                _exit
 .text._read    0x08001d1a       0x3a ./Core/Src/syscalls.o
                0x08001d1a                _read
 .text._write   0x08001d54       0x38 ./Core/Src/syscalls.o
                0x08001d54                _write
 .text._close   0x08001d8c       0x18 ./Core/Src/syscalls.o
                0x08001d8c                _close
 .text._fstat   0x08001da4       0x20 ./Core/Src/syscalls.o
                0x08001da4                _fstat
 .text._isatty  0x08001dc4       0x16 ./Core/Src/syscalls.o
                0x08001dc4                _isatty
 .text._lseek   0x08001dda       0x1a ./Core/Src/syscalls.o
                0x08001dda                _lseek
 .text._sbrk    0x08001df4       0x6c ./Core/Src/sysmem.o
                0x08001df4                _sbrk
 .text.SystemInit
                0x08001e60       0x24 ./Core/Src/system_stm32f4xx.o
                0x08001e60                SystemInit
 .text.Reset_Handler
                0x08001e84       0x50 ./Core/Startup/startup_stm32f446retx.o
                0x08001e84                Reset_Handler
 .text.Default_Handler
                0x08001ed4        0x2 ./Core/Startup/startup_stm32f446retx.o
                0x08001ed4                RTC_Alarm_IRQHandler
                0x08001ed4                EXTI2_IRQHandler
                0x08001ed4                TIM8_CC_IRQHandler
                0x08001ed4                FMPI2C1_EV_IRQHandler
                0x08001ed4                SPI4_IRQHandler
                0x08001ed4                TIM1_CC_IRQHandler
                0x08001ed4                DMA2_Stream5_IRQHandler
                0x08001ed4                PVD_IRQHandler
                0x08001ed4                SDIO_IRQHandler
                0x08001ed4                TAMP_STAMP_IRQHandler
                0x08001ed4                CAN2_RX1_IRQHandler
                0x08001ed4                EXTI3_IRQHandler
                0x08001ed4                TIM8_TRG_COM_TIM14_IRQHandler
                0x08001ed4                TIM1_UP_TIM10_IRQHandler
                0x08001ed4                TIM8_UP_TIM13_IRQHandler
                0x08001ed4                I2C3_ER_IRQHandler
                0x08001ed4                EXTI0_IRQHandler
                0x08001ed4                I2C2_EV_IRQHandler
                0x08001ed4                DMA1_Stream2_IRQHandler
                0x08001ed4                CAN1_RX0_IRQHandler
                0x08001ed4                FPU_IRQHandler
                0x08001ed4                OTG_HS_WKUP_IRQHandler
                0x08001ed4                CAN2_SCE_IRQHandler
                0x08001ed4                DMA2_Stream2_IRQHandler
                0x08001ed4                SPI1_IRQHandler
                0x08001ed4                TIM1_BRK_TIM9_IRQHandler
                0x08001ed4                DCMI_IRQHandler
                0x08001ed4                CAN2_RX0_IRQHandler
                0x08001ed4                DMA2_Stream3_IRQHandler
                0x08001ed4                SAI2_IRQHandler
                0x08001ed4                USART6_IRQHandler
                0x08001ed4                USART3_IRQHandler
                0x08001ed4                CAN1_RX1_IRQHandler
                0x08001ed4                UART5_IRQHandler
                0x08001ed4                DMA2_Stream0_IRQHandler
                0x08001ed4                TIM4_IRQHandler
                0x08001ed4                QUADSPI_IRQHandler
                0x08001ed4                DMA1_Stream6_IRQHandler
                0x08001ed4                DMA1_Stream1_IRQHandler
                0x08001ed4                UART4_IRQHandler
                0x08001ed4                TIM3_IRQHandler
                0x08001ed4                RCC_IRQHandler
                0x08001ed4                TIM8_BRK_TIM12_IRQHandler
                0x08001ed4                Default_Handler
                0x08001ed4                CEC_IRQHandler
                0x08001ed4                EXTI15_10_IRQHandler
                0x08001ed4                ADC_IRQHandler
                0x08001ed4                DMA1_Stream7_IRQHandler
                0x08001ed4                TIM7_IRQHandler
                0x08001ed4                CAN2_TX_IRQHandler
                0x08001ed4                TIM5_IRQHandler
                0x08001ed4                DMA2_Stream7_IRQHandler
                0x08001ed4                I2C3_EV_IRQHandler
                0x08001ed4                EXTI9_5_IRQHandler
                0x08001ed4                RTC_WKUP_IRQHandler
                0x08001ed4                SPDIF_RX_IRQHandler
                0x08001ed4                SPI2_IRQHandler
                0x08001ed4                OTG_HS_EP1_IN_IRQHandler
                0x08001ed4                DMA1_Stream0_IRQHandler
                0x08001ed4                CAN1_TX_IRQHandler
                0x08001ed4                FMPI2C1_ER_IRQHandler
                0x08001ed4                EXTI4_IRQHandler
                0x08001ed4                OTG_HS_EP1_OUT_IRQHandler
                0x08001ed4                WWDG_IRQHandler
                0x08001ed4                TIM2_IRQHandler
                0x08001ed4                OTG_FS_WKUP_IRQHandler
                0x08001ed4                TIM1_TRG_COM_TIM11_IRQHandler
                0x08001ed4                OTG_HS_IRQHandler
                0x08001ed4                EXTI1_IRQHandler
                0x08001ed4                I2C2_ER_IRQHandler
                0x08001ed4                DMA2_Stream1_IRQHandler
                0x08001ed4                CAN1_SCE_IRQHandler
                0x08001ed4                FLASH_IRQHandler
                0x08001ed4                DMA2_Stream4_IRQHandler
                0x08001ed4                USART1_IRQHandler
                0x08001ed4                OTG_FS_IRQHandler
                0x08001ed4                SPI3_IRQHandler
                0x08001ed4                DMA1_Stream4_IRQHandler
                0x08001ed4                FMC_IRQHandler
                0x08001ed4                DMA2_Stream6_IRQHandler
                0x08001ed4                SAI1_IRQHandler
                0x08001ed4                DMA1_Stream3_IRQHandler
 *fill*         0x08001ed6        0x2 
 .text.HAL_Init
                0x08001ed8       0x44 ./Drivers/STM32F4xx_HAL_Driver/Src/stm32f4xx_hal.o
                0x08001ed8                HAL_Init
 .text.HAL_IncTick
                0x08001f1c       0x28 ./Drivers/STM32F4xx_HAL_Driver/Src/stm32f4xx_hal.o
                0x08001f1c                HAL_IncTick
 .text.HAL_GetTick
                0x08001f44       0x18 ./Drivers/STM32F4xx_HAL_Driver/Src/stm32f4xx_hal.o
                0x08001f44                HAL_GetTick
 .text.__NVIC_SetPriorityGrouping
                0x08001f5c       0x48 ./Drivers/STM32F4xx_HAL_Driver/Src/stm32f4xx_hal_cortex.o
 .text.__NVIC_GetPriorityGrouping
                0x08001fa4       0x1c ./Drivers/STM32F4xx_HAL_Driver/Src/stm32f4xx_hal_cortex.o
 .text.__NVIC_EnableIRQ
                0x08001fc0       0x3c ./Drivers/STM32F4xx_HAL_Driver/Src/stm32f4xx_hal_cortex.o
 .text.__NVIC_SetPriority
                0x08001ffc       0x54 ./Drivers/STM32F4xx_HAL_Driver/Src/stm32f4xx_hal_cortex.o
 .text.NVIC_EncodePriority
                0x08002050       0x66 ./Drivers/STM32F4xx_HAL_Driver/Src/stm32f4xx_hal_cortex.o
 .text.HAL_NVIC_SetPriorityGrouping
                0x080020b6       0x16 ./Drivers/STM32F4xx_HAL_Driver/Src/stm32f4xx_hal_cortex.o
                0x080020b6                HAL_NVIC_SetPriorityGrouping
 .text.HAL_NVIC_SetPriority
                0x080020cc       0x38 ./Drivers/STM32F4xx_HAL_Driver/Src/stm32f4xx_hal_cortex.o
                0x080020cc                HAL_NVIC_SetPriority
 .text.HAL_NVIC_EnableIRQ
                0x08002104       0x1c ./Drivers/STM32F4xx_HAL_Driver/Src/stm32f4xx_hal_cortex.o
                0x08002104                HAL_NVIC_EnableIRQ
 .text.HAL_DAC_Init
                0x08002120       0x44 ./Drivers/STM32F4xx_HAL_Driver/Src/stm32f4xx_hal_dac.o
                0x08002120                HAL_DAC_Init
 .text.HAL_DAC_IRQHandler
                0x08002164       0xac ./Drivers/STM32F4xx_HAL_Driver/Src/stm32f4xx_hal_dac.o
                0x08002164                HAL_DAC_IRQHandler
 .text.HAL_DAC_DMAUnderrunCallbackCh1
                0x08002210       0x14 ./Drivers/STM32F4xx_HAL_Driver/Src/stm32f4xx_hal_dac.o
                0x08002210                HAL_DAC_DMAUnderrunCallbackCh1
 .text.HAL_DAC_ConfigChannel
                0x08002224       0xb2 ./Drivers/STM32F4xx_HAL_Driver/Src/stm32f4xx_hal_dac.o
                0x08002224                HAL_DAC_ConfigChannel
 .text.HAL_DACEx_DMAUnderrunCallbackCh2
                0x080022d6       0x14 ./Drivers/STM32F4xx_HAL_Driver/Src/stm32f4xx_hal_dac_ex.o
                0x080022d6                HAL_DACEx_DMAUnderrunCallbackCh2
 *fill*         0x080022ea        0x2 
 .text.HAL_DMA_Init
                0x080022ec      0x15c ./Drivers/STM32F4xx_HAL_Driver/Src/stm32f4xx_hal_dma.o
                0x080022ec                HAL_DMA_Init
 .text.HAL_DMA_Abort
                0x08002448       0xe0 ./Drivers/STM32F4xx_HAL_Driver/Src/stm32f4xx_hal_dma.o
                0x08002448                HAL_DMA_Abort
 .text.HAL_DMA_Abort_IT
                0x08002528       0x44 ./Drivers/STM32F4xx_HAL_Driver/Src/stm32f4xx_hal_dma.o
                0x08002528                HAL_DMA_Abort_IT
 .text.HAL_DMA_IRQHandler
                0x0800256c      0x314 ./Drivers/STM32F4xx_HAL_Driver/Src/stm32f4xx_hal_dma.o
                0x0800256c                HAL_DMA_IRQHandler
 .text.HAL_DMA_GetState
                0x08002880       0x1c ./Drivers/STM32F4xx_HAL_Driver/Src/stm32f4xx_hal_dma.o
                0x08002880                HAL_DMA_GetState
 .text.DMA_CalcBaseAndBitshift
                0x0800289c       0x6c ./Drivers/STM32F4xx_HAL_Driver/Src/stm32f4xx_hal_dma.o
 .text.DMA_CheckFifoParam
                0x08002908       0xf8 ./Drivers/STM32F4xx_HAL_Driver/Src/stm32f4xx_hal_dma.o
 .text.HAL_GPIO_Init
                0x08002a00      0x328 ./Drivers/STM32F4xx_HAL_Driver/Src/stm32f4xx_hal_gpio.o
                0x08002a00                HAL_GPIO_Init
 .text.HAL_I2C_Init
                0x08002d28      0x288 ./Drivers/STM32F4xx_HAL_Driver/Src/stm32f4xx_hal_i2c.o
                0x08002d28                HAL_I2C_Init
 .text.I2C_Flush_DR
                0x08002fb0       0x2a ./Drivers/STM32F4xx_HAL_Driver/Src/stm32f4xx_hal_i2c.o
 *fill*         0x08002fda        0x2 
 .text.HAL_I2C_Mem_Write
                0x08002fdc      0x1f4 ./Drivers/STM32F4xx_HAL_Driver/Src/stm32f4xx_hal_i2c.o
                0x08002fdc                HAL_I2C_Mem_Write
 .text.HAL_I2C_Mem_Read
                0x080031d0      0x464 ./Drivers/STM32F4xx_HAL_Driver/Src/stm32f4xx_hal_i2c.o
                0x080031d0                HAL_I2C_Mem_Read
 .text.HAL_I2C_EV_IRQHandler
                0x08003634      0x2e2 ./Drivers/STM32F4xx_HAL_Driver/Src/stm32f4xx_hal_i2c.o
                0x08003634                HAL_I2C_EV_IRQHandler
 .text.HAL_I2C_ER_IRQHandler
                0x08003916      0x14e ./Drivers/STM32F4xx_HAL_Driver/Src/stm32f4xx_hal_i2c.o
                0x08003916                HAL_I2C_ER_IRQHandler
 .text.HAL_I2C_MasterTxCpltCallback
                0x08003a64       0x14 ./Drivers/STM32F4xx_HAL_Driver/Src/stm32f4xx_hal_i2c.o
                0x08003a64                HAL_I2C_MasterTxCpltCallback
 .text.HAL_I2C_MasterRxCpltCallback
                0x08003a78       0x14 ./Drivers/STM32F4xx_HAL_Driver/Src/stm32f4xx_hal_i2c.o
                0x08003a78                HAL_I2C_MasterRxCpltCallback
 .text.HAL_I2C_SlaveTxCpltCallback
                0x08003a8c       0x14 ./Drivers/STM32F4xx_HAL_Driver/Src/stm32f4xx_hal_i2c.o
                0x08003a8c                HAL_I2C_SlaveTxCpltCallback
 .text.HAL_I2C_SlaveRxCpltCallback
                0x08003aa0       0x14 ./Drivers/STM32F4xx_HAL_Driver/Src/stm32f4xx_hal_i2c.o
                0x08003aa0                HAL_I2C_SlaveRxCpltCallback
 .text.HAL_I2C_AddrCallback
                0x08003ab4       0x1c ./Drivers/STM32F4xx_HAL_Driver/Src/stm32f4xx_hal_i2c.o
                0x08003ab4                HAL_I2C_AddrCallback
 .text.HAL_I2C_ListenCpltCallback
                0x08003ad0       0x14 ./Drivers/STM32F4xx_HAL_Driver/Src/stm32f4xx_hal_i2c.o
                0x08003ad0                HAL_I2C_ListenCpltCallback
 .text.HAL_I2C_MemTxCpltCallback
                0x08003ae4       0x14 ./Drivers/STM32F4xx_HAL_Driver/Src/stm32f4xx_hal_i2c.o
                0x08003ae4                HAL_I2C_MemTxCpltCallback
 .text.HAL_I2C_MemRxCpltCallback
                0x08003af8       0x14 ./Drivers/STM32F4xx_HAL_Driver/Src/stm32f4xx_hal_i2c.o
                0x08003af8                HAL_I2C_MemRxCpltCallback
 .text.HAL_I2C_ErrorCallback
                0x08003b0c       0x14 ./Drivers/STM32F4xx_HAL_Driver/Src/stm32f4xx_hal_i2c.o
                0x08003b0c                HAL_I2C_ErrorCallback
 .text.HAL_I2C_AbortCpltCallback
                0x08003b20       0x14 ./Drivers/STM32F4xx_HAL_Driver/Src/stm32f4xx_hal_i2c.o
                0x08003b20                HAL_I2C_AbortCpltCallback
 .text.I2C_MasterTransmit_TXE
                0x08003b34      0x138 ./Drivers/STM32F4xx_HAL_Driver/Src/stm32f4xx_hal_i2c.o
 .text.I2C_MasterTransmit_BTF
                0x08003c6c       0xec ./Drivers/STM32F4xx_HAL_Driver/Src/stm32f4xx_hal_i2c.o
 .text.I2C_MemoryTransmit_TXE_BTF
                0x08003d58      0x130 ./Drivers/STM32F4xx_HAL_Driver/Src/stm32f4xx_hal_i2c.o
 .text.I2C_MasterReceive_RXNE
                0x08003e88      0x190 ./Drivers/STM32F4xx_HAL_Driver/Src/stm32f4xx_hal_i2c.o
 .text.I2C_MasterReceive_BTF
                0x08004018      0x1e2 ./Drivers/STM32F4xx_HAL_Driver/Src/stm32f4xx_hal_i2c.o
 .text.I2C_Master_SB
                0x080041fa      0x10c ./Drivers/STM32F4xx_HAL_Driver/Src/stm32f4xx_hal_i2c.o
 .text.I2C_Master_ADD10
                0x08004306       0x54 ./Drivers/STM32F4xx_HAL_Driver/Src/stm32f4xx_hal_i2c.o
 .text.I2C_Master_ADDR
                0x0800435a      0x322 ./Drivers/STM32F4xx_HAL_Driver/Src/stm32f4xx_hal_i2c.o
 .text.I2C_SlaveTransmit_TXE
                0x0800467c       0x7a ./Drivers/STM32F4xx_HAL_Driver/Src/stm32f4xx_hal_i2c.o
 .text.I2C_SlaveTransmit_BTF
                0x080046f6       0x42 ./Drivers/STM32F4xx_HAL_Driver/Src/stm32f4xx_hal_i2c.o
 .text.I2C_SlaveReceive_RXNE
                0x08004738       0x7c ./Drivers/STM32F4xx_HAL_Driver/Src/stm32f4xx_hal_i2c.o
 .text.I2C_SlaveReceive_BTF
                0x080047b4       0x44 ./Drivers/STM32F4xx_HAL_Driver/Src/stm32f4xx_hal_i2c.o
 .text.I2C_Slave_ADDR
                0x080047f8       0x94 ./Drivers/STM32F4xx_HAL_Driver/Src/stm32f4xx_hal_i2c.o
 .text.I2C_Slave_STOPF
                0x0800488c      0x260 ./Drivers/STM32F4xx_HAL_Driver/Src/stm32f4xx_hal_i2c.o
 .text.I2C_Slave_AF
                0x08004aec       0xe8 ./Drivers/STM32F4xx_HAL_Driver/Src/stm32f4xx_hal_i2c.o
 .text.I2C_ITError
                0x08004bd4      0x264 ./Drivers/STM32F4xx_HAL_Driver/Src/stm32f4xx_hal_i2c.o
 .text.I2C_RequestMemoryWrite
                0x08004e38      0x12c ./Drivers/STM32F4xx_HAL_Driver/Src/stm32f4xx_hal_i2c.o
 .text.I2C_RequestMemoryRead
                0x08004f64      0x1d0 ./Drivers/STM32F4xx_HAL_Driver/Src/stm32f4xx_hal_i2c.o
 .text.I2C_DMAAbort
                0x08005134      0x150 ./Drivers/STM32F4xx_HAL_Driver/Src/stm32f4xx_hal_i2c.o
 .text.I2C_WaitOnFlagUntilTimeout
                0x08005284       0xf4 ./Drivers/STM32F4xx_HAL_Driver/Src/stm32f4xx_hal_i2c.o
 .text.I2C_WaitOnMasterAddressFlagUntilTimeout
                0x08005378      0x140 ./Drivers/STM32F4xx_HAL_Driver/Src/stm32f4xx_hal_i2c.o
 .text.I2C_WaitOnTXEFlagUntilTimeout
                0x080054b8       0x90 ./Drivers/STM32F4xx_HAL_Driver/Src/stm32f4xx_hal_i2c.o
 .text.I2C_WaitOnBTFFlagUntilTimeout
                0x08005548       0x90 ./Drivers/STM32F4xx_HAL_Driver/Src/stm32f4xx_hal_i2c.o
 .text.I2C_WaitOnSTOPRequestThroughIT
                0x080055d8       0x64 ./Drivers/STM32F4xx_HAL_Driver/Src/stm32f4xx_hal_i2c.o
 .text.I2C_WaitOnRXNEFlagUntilTimeout
                0x0800563c       0xba ./Drivers/STM32F4xx_HAL_Driver/Src/stm32f4xx_hal_i2c.o
 .text.I2C_IsAcknowledgeFailed
                0x080056f6       0x5e ./Drivers/STM32F4xx_HAL_Driver/Src/stm32f4xx_hal_i2c.o
 .text.I2C_ConvertOtherXferOptions
                0x08005754       0x36 ./Drivers/STM32F4xx_HAL_Driver/Src/stm32f4xx_hal_i2c.o
 *fill*         0x0800578a        0x2 
 .text.HAL_RCC_ClockConfig
                0x0800578c      0x1cc ./Drivers/STM32F4xx_HAL_Driver/Src/stm32f4xx_hal_rcc.o
                0x0800578c                HAL_RCC_ClockConfig
 .text.HAL_RCC_GetHCLKFreq
                0x08005958       0x18 ./Drivers/STM32F4xx_HAL_Driver/Src/stm32f4xx_hal_rcc.o
                0x08005958                HAL_RCC_GetHCLKFreq
 .text.HAL_RCC_GetPCLK1Freq
                0x08005970       0x28 ./Drivers/STM32F4xx_HAL_Driver/Src/stm32f4xx_hal_rcc.o
                0x08005970                HAL_RCC_GetPCLK1Freq
 .text.HAL_RCC_GetPCLK2Freq
                0x08005998       0x28 ./Drivers/STM32F4xx_HAL_Driver/Src/stm32f4xx_hal_rcc.o
                0x08005998                HAL_RCC_GetPCLK2Freq
 .text.HAL_RCC_GetClockConfig
                0x080059c0       0x64 ./Drivers/STM32F4xx_HAL_Driver/Src/stm32f4xx_hal_rcc.o
                0x080059c0                HAL_RCC_GetClockConfig
 .text.HAL_RCC_GetSysClockFreq
                0x08005a24      0x460 ./Drivers/STM32F4xx_HAL_Driver/Src/stm32f4xx_hal_rcc_ex.o
                0x08005a24                HAL_RCC_GetSysClockFreq
 .text.HAL_RCC_OscConfig
                0x08005e84      0x53c ./Drivers/STM32F4xx_HAL_Driver/Src/stm32f4xx_hal_rcc_ex.o
                0x08005e84                HAL_RCC_OscConfig
 .text.HAL_TIM_Base_Init
                0x080063c0       0x9e ./Drivers/STM32F4xx_HAL_Driver/Src/stm32f4xx_hal_tim.o
                0x080063c0                HAL_TIM_Base_Init
 *fill*         0x0800645e        0x2 
 .text.HAL_TIM_Base_Start_IT
                0x08006460       0xe0 ./Drivers/STM32F4xx_HAL_Driver/Src/stm32f4xx_hal_tim.o
                0x08006460                HAL_TIM_Base_Start_IT
 .text.HAL_TIM_IRQHandler
                0x08006540      0x1e0 ./Drivers/STM32F4xx_HAL_Driver/Src/stm32f4xx_hal_tim.o
                0x08006540                HAL_TIM_IRQHandler
 .text.HAL_TIM_ConfigClockSource
                0x08006720      0x18e ./Drivers/STM32F4xx_HAL_Driver/Src/stm32f4xx_hal_tim.o
                0x08006720                HAL_TIM_ConfigClockSource
 .text.HAL_TIM_OC_DelayElapsedCallback
                0x080068ae       0x14 ./Drivers/STM32F4xx_HAL_Driver/Src/stm32f4xx_hal_tim.o
                0x080068ae                HAL_TIM_OC_DelayElapsedCallback
 .text.HAL_TIM_IC_CaptureCallback
                0x080068c2       0x14 ./Drivers/STM32F4xx_HAL_Driver/Src/stm32f4xx_hal_tim.o
                0x080068c2                HAL_TIM_IC_CaptureCallback
 .text.HAL_TIM_PWM_PulseFinishedCallback
                0x080068d6       0x14 ./Drivers/STM32F4xx_HAL_Driver/Src/stm32f4xx_hal_tim.o
                0x080068d6                HAL_TIM_PWM_PulseFinishedCallback
 .text.HAL_TIM_TriggerCallback
                0x080068ea       0x14 ./Drivers/STM32F4xx_HAL_Driver/Src/stm32f4xx_hal_tim.o
                0x080068ea                HAL_TIM_TriggerCallback
 *fill*         0x080068fe        0x2 
 .text.TIM_Base_SetConfig
                0x08006900      0x14c ./Drivers/STM32F4xx_HAL_Driver/Src/stm32f4xx_hal_tim.o
                0x08006900                TIM_Base_SetConfig
 .text.TIM_TI1_ConfigInputStage
                0x08006a4c       0x5e ./Drivers/STM32F4xx_HAL_Driver/Src/stm32f4xx_hal_tim.o
 .text.TIM_TI2_ConfigInputStage
                0x08006aaa       0x60 ./Drivers/STM32F4xx_HAL_Driver/Src/stm32f4xx_hal_tim.o
 .text.TIM_ITRx_SetConfig
                0x08006b0a       0x36 ./Drivers/STM32F4xx_HAL_Driver/Src/stm32f4xx_hal_tim.o
 .text.TIM_ETR_SetConfig
                0x08006b40       0x40 ./Drivers/STM32F4xx_HAL_Driver/Src/stm32f4xx_hal_tim.o
                0x08006b40                TIM_ETR_SetConfig
 .text.HAL_TIMEx_MasterConfigSynchronization
                0x08006b80       0xf8 ./Drivers/STM32F4xx_HAL_Driver/Src/stm32f4xx_hal_tim_ex.o
                0x08006b80                HAL_TIMEx_MasterConfigSynchronization
 .text.HAL_TIMEx_CommutCallback
                0x08006c78       0x14 ./Drivers/STM32F4xx_HAL_Driver/Src/stm32f4xx_hal_tim_ex.o
                0x08006c78                HAL_TIMEx_CommutCallback
 .text.HAL_TIMEx_BreakCallback
                0x08006c8c       0x14 ./Drivers/STM32F4xx_HAL_Driver/Src/stm32f4xx_hal_tim_ex.o
                0x08006c8c                HAL_TIMEx_BreakCallback
 .text.HAL_UART_Init
                0x08006ca0       0xa0 ./Drivers/STM32F4xx_HAL_Driver/Src/stm32f4xx_hal_uart.o
                0x08006ca0                HAL_UART_Init
 .text.HAL_UART_Transmit
                0x08006d40      0x116 ./Drivers/STM32F4xx_HAL_Driver/Src/stm32f4xx_hal_uart.o
                0x08006d40                HAL_UART_Transmit
 *fill*         0x08006e56        0x2 
 .text.HAL_UART_IRQHandler
                0x08006e58      0x554 ./Drivers/STM32F4xx_HAL_Driver/Src/stm32f4xx_hal_uart.o
                0x08006e58                HAL_UART_IRQHandler
 .text.HAL_UART_TxCpltCallback
                0x080073ac       0x14 ./Drivers/STM32F4xx_HAL_Driver/Src/stm32f4xx_hal_uart.o
                0x080073ac                HAL_UART_TxCpltCallback
 .text.HAL_UART_RxCpltCallback
                0x080073c0       0x14 ./Drivers/STM32F4xx_HAL_Driver/Src/stm32f4xx_hal_uart.o
                0x080073c0                HAL_UART_RxCpltCallback
 .text.HAL_UART_ErrorCallback
                0x080073d4       0x14 ./Drivers/STM32F4xx_HAL_Driver/Src/stm32f4xx_hal_uart.o
                0x080073d4                HAL_UART_ErrorCallback
 .text.HAL_UARTEx_RxEventCallback
                0x080073e8       0x18 ./Drivers/STM32F4xx_HAL_Driver/Src/stm32f4xx_hal_uart.o
                0x080073e8                HAL_UARTEx_RxEventCallback
 .text.UART_WaitOnFlagUntilTimeout
                0x08007400       0xb2 ./Drivers/STM32F4xx_HAL_Driver/Src/stm32f4xx_hal_uart.o
 .text.UART_EndRxTransfer
                0x080074b2       0xc6 ./Drivers/STM32F4xx_HAL_Driver/Src/stm32f4xx_hal_uart.o
 .text.UART_DMAAbortOnError
                0x08007578       0x22 ./Drivers/STM32F4xx_HAL_Driver/Src/stm32f4xx_hal_uart.o
 .text.UART_Transmit_IT
                0x0800759a       0xa0 ./Drivers/STM32F4xx_HAL_Driver/Src/stm32f4xx_hal_uart.o
 .text.UART_EndTransmit_IT
                0x0800763a       0x30 ./Drivers/STM32F4xx_HAL_Driver/Src/stm32f4xx_hal_uart.o
 .text.UART_Receive_IT
                0x0800766a      0x17c ./Drivers/STM32F4xx_HAL_Driver/Src/stm32f4xx_hal_uart.o
 *fill*         0x080077e6        0x2 
 .text.UART_SetConfig
                0x080077e8      0x4e8 ./Drivers/STM32F4xx_HAL_Driver/Src/stm32f4xx_hal_uart.o
 .text.__NVIC_SetPriority
                0x08007cd0       0x54 ./Middlewares/Third_Party/FreeRTOS/Source/CMSIS_RTOS_V2/cmsis_os2.o
 .text.SysTick_Handler
                0x08007d24       0x20 ./Middlewares/Third_Party/FreeRTOS/Source/CMSIS_RTOS_V2/cmsis_os2.o
                0x08007d24                SysTick_Handler
 .text.SVC_Setup
                0x08007d44       0x12 ./Middlewares/Third_Party/FreeRTOS/Source/CMSIS_RTOS_V2/cmsis_os2.o
 *fill*         0x08007d56        0x2 
 .text.osKernelInitialize
                0x08007d58       0x48 ./Middlewares/Third_Party/FreeRTOS/Source/CMSIS_RTOS_V2/cmsis_os2.o
                0x08007d58                osKernelInitialize
 .text.osKernelStart
                0x08007da0       0x4c ./Middlewares/Third_Party/FreeRTOS/Source/CMSIS_RTOS_V2/cmsis_os2.o
                0x08007da0                osKernelStart
 .text.osThreadNew
                0x08007dec      0x124 ./Middlewares/Third_Party/FreeRTOS/Source/CMSIS_RTOS_V2/cmsis_os2.o
                0x08007dec                osThreadNew
 .text.osDelay  0x08007f10       0x36 ./Middlewares/Third_Party/FreeRTOS/Source/CMSIS_RTOS_V2/cmsis_os2.o
                0x08007f10                osDelay
 .text.osMessageQueueNew
                0x08007f46       0xe6 ./Middlewares/Third_Party/FreeRTOS/Source/CMSIS_RTOS_V2/cmsis_os2.o
                0x08007f46                osMessageQueueNew
 .text.vApplicationGetIdleTaskMemory
                0x0800802c       0x34 ./Middlewares/Third_Party/FreeRTOS/Source/CMSIS_RTOS_V2/cmsis_os2.o
                0x0800802c                vApplicationGetIdleTaskMemory
 .text.vApplicationGetTimerTaskMemory
                0x08008060       0x34 ./Middlewares/Third_Party/FreeRTOS/Source/CMSIS_RTOS_V2/cmsis_os2.o
                0x08008060                vApplicationGetTimerTaskMemory
 .text.vListInitialise
                0x08008094       0x40 ./Middlewares/Third_Party/FreeRTOS/Source/list.o
                0x08008094                vListInitialise
 .text.vListInitialiseItem
                0x080080d4       0x1a ./Middlewares/Third_Party/FreeRTOS/Source/list.o
                0x080080d4                vListInitialiseItem
 .text.vListInsertEnd
                0x080080ee       0x48 ./Middlewares/Third_Party/FreeRTOS/Source/list.o
                0x080080ee                vListInsertEnd
 .text.vListInsert
                0x08008136       0x72 ./Middlewares/Third_Party/FreeRTOS/Source/list.o
                0x08008136                vListInsert
 .text.uxListRemove
                0x080081a8       0x54 ./Middlewares/Third_Party/FreeRTOS/Source/list.o
                0x080081a8                uxListRemove
 .text.xQueueGenericReset
                0x080081fc       0xd4 ./Middlewares/Third_Party/FreeRTOS/Source/queue.o
                0x080081fc                xQueueGenericReset
 .text.xQueueGenericCreateStatic
                0x080082d0       0xfa ./Middlewares/Third_Party/FreeRTOS/Source/queue.o
                0x080082d0                xQueueGenericCreateStatic
 .text.xQueueGenericCreate
                0x080083ca       0x76 ./Middlewares/Third_Party/FreeRTOS/Source/queue.o
                0x080083ca                xQueueGenericCreate
 .text.prvInitialiseNewQueue
                0x08008440       0x46 ./Middlewares/Third_Party/FreeRTOS/Source/queue.o
 *fill*         0x08008486        0x2 
 .text.xQueueGenericSend
                0x08008488      0x204 ./Middlewares/Third_Party/FreeRTOS/Source/queue.o
                0x08008488                xQueueGenericSend
 .text.xQueueGenericSendFromISR
                0x0800868c      0x13c ./Middlewares/Third_Party/FreeRTOS/Source/queue.o
                0x0800868c                xQueueGenericSendFromISR
 .text.xQueueReceive
                0x080087c8      0x1c4 ./Middlewares/Third_Party/FreeRTOS/Source/queue.o
                0x080087c8                xQueueReceive
 .text.prvCopyDataToQueue
                0x0800898c       0xd4 ./Middlewares/Third_Party/FreeRTOS/Source/queue.o
 .text.prvCopyDataFromQueue
                0x08008a60       0x4c ./Middlewares/Third_Party/FreeRTOS/Source/queue.o
 .text.prvUnlockQueue
                0x08008aac       0xa4 ./Middlewares/Third_Party/FreeRTOS/Source/queue.o
 .text.prvIsQueueEmpty
                0x08008b50       0x2c ./Middlewares/Third_Party/FreeRTOS/Source/queue.o
 .text.prvIsQueueFull
                0x08008b7c       0x30 ./Middlewares/Third_Party/FreeRTOS/Source/queue.o
 .text.vQueueAddToRegistry
                0x08008bac       0x54 ./Middlewares/Third_Party/FreeRTOS/Source/queue.o
                0x08008bac                vQueueAddToRegistry
 .text.vQueueWaitForMessageRestricted
                0x08008c00       0x68 ./Middlewares/Third_Party/FreeRTOS/Source/queue.o
                0x08008c00                vQueueWaitForMessageRestricted
 .text.xTaskCreateStatic
                0x08008c68       0xc0 ./Middlewares/Third_Party/FreeRTOS/Source/tasks.o
                0x08008c68                xTaskCreateStatic
 .text.xTaskCreate
                0x08008d28       0x8a ./Middlewares/Third_Party/FreeRTOS/Source/tasks.o
                0x08008d28                xTaskCreate
 *fill*         0x08008db2        0x2 
 .text.prvInitialiseNewTask
                0x08008db4      0x150 ./Middlewares/Third_Party/FreeRTOS/Source/tasks.o
 .text.prvAddNewTaskToReadyList
                0x08008f04       0xe0 ./Middlewares/Third_Party/FreeRTOS/Source/tasks.o
 .text.vTaskDelay
                0x08008fe4       0x6c ./Middlewares/Third_Party/FreeRTOS/Source/tasks.o
                0x08008fe4                vTaskDelay
 .text.vTaskStartScheduler
                0x08009050       0xe0 ./Middlewares/Third_Party/FreeRTOS/Source/tasks.o
                0x08009050                vTaskStartScheduler
 .text.vTaskSuspendAll
                0x08009130       0x1c ./Middlewares/Third_Party/FreeRTOS/Source/tasks.o
                0x08009130                vTaskSuspendAll
 .text.xTaskResumeAll
                0x0800914c      0x13c ./Middlewares/Third_Party/FreeRTOS/Source/tasks.o
                0x0800914c                xTaskResumeAll
 .text.xTaskGetTickCount
                0x08009288       0x20 ./Middlewares/Third_Party/FreeRTOS/Source/tasks.o
                0x08009288                xTaskGetTickCount
 .text.xTaskIncrementTick
                0x080092a8      0x174 ./Middlewares/Third_Party/FreeRTOS/Source/tasks.o
                0x080092a8                xTaskIncrementTick
 .text.vTaskSwitchContext
                0x0800941c       0xcc ./Middlewares/Third_Party/FreeRTOS/Source/tasks.o
                0x0800941c                vTaskSwitchContext
 .text.vTaskPlaceOnEventList
                0x080094e8       0x4c ./Middlewares/Third_Party/FreeRTOS/Source/tasks.o
                0x080094e8                vTaskPlaceOnEventList
 .text.vTaskPlaceOnEventListRestricted
                0x08009534       0x58 ./Middlewares/Third_Party/FreeRTOS/Source/tasks.o
                0x08009534                vTaskPlaceOnEventListRestricted
 .text.xTaskRemoveFromEventList
                0x0800958c       0xc8 ./Middlewares/Third_Party/FreeRTOS/Source/tasks.o
                0x0800958c                xTaskRemoveFromEventList
 .text.vTaskInternalSetTimeOutState
                0x08009654       0x2c ./Middlewares/Third_Party/FreeRTOS/Source/tasks.o
                0x08009654                vTaskInternalSetTimeOutState
 .text.xTaskCheckForTimeOut
                0x08009680       0xc8 ./Middlewares/Third_Party/FreeRTOS/Source/tasks.o
                0x08009680                xTaskCheckForTimeOut
 .text.vTaskMissedYield
                0x08009748       0x18 ./Middlewares/Third_Party/FreeRTOS/Source/tasks.o
                0x08009748                vTaskMissedYield
 .text.prvIdleTask
                0x08009760       0x30 ./Middlewares/Third_Party/FreeRTOS/Source/tasks.o
 .text.prvInitialiseTaskLists
                0x08009790       0x80 ./Middlewares/Third_Party/FreeRTOS/Source/tasks.o
 .text.prvCheckTasksWaitingTermination
                0x08009810       0x5c ./Middlewares/Third_Party/FreeRTOS/Source/tasks.o
 .text.prvDeleteTCB
                0x0800986c       0x6a ./Middlewares/Third_Party/FreeRTOS/Source/tasks.o
 *fill*         0x080098d6        0x2 
 .text.prvResetNextTaskUnblockTime
                0x080098d8       0x40 ./Middlewares/Third_Party/FreeRTOS/Source/tasks.o
 .text.xTaskGetSchedulerState
                0x08009918       0x3c ./Middlewares/Third_Party/FreeRTOS/Source/tasks.o
                0x08009918                xTaskGetSchedulerState
 .text.xTaskPriorityDisinherit
                0x08009954       0xe0 ./Middlewares/Third_Party/FreeRTOS/Source/tasks.o
                0x08009954                xTaskPriorityDisinherit
 .text.prvAddCurrentTaskToDelayedList
                0x08009a34       0xa8 ./Middlewares/Third_Party/FreeRTOS/Source/tasks.o
 .text.xTimerCreateTimerTask
                0x08009adc       0x94 ./Middlewares/Third_Party/FreeRTOS/Source/timers.o
                0x08009adc                xTimerCreateTimerTask
 .text.xTimerGenericCommand
                0x08009b70       0x9c ./Middlewares/Third_Party/FreeRTOS/Source/timers.o
                0x08009b70                xTimerGenericCommand
 .text.prvProcessExpiredTimer
                0x08009c0c       0x9c ./Middlewares/Third_Party/FreeRTOS/Source/timers.o
 .text.prvTimerTask
                0x08009ca8       0x26 ./Middlewares/Third_Party/FreeRTOS/Source/timers.o
 *fill*         0x08009cce        0x2 
 .text.prvProcessTimerOrBlockTask
                0x08009cd0       0x9c ./Middlewares/Third_Party/FreeRTOS/Source/timers.o
 .text.prvGetNextExpireTime
                0x08009d6c       0x48 ./Middlewares/Third_Party/FreeRTOS/Source/timers.o
 .text.prvSampleTimeNow
                0x08009db4       0x40 ./Middlewares/Third_Party/FreeRTOS/Source/timers.o
 .text.prvInsertTimerInActiveList
                0x08009df4       0x84 ./Middlewares/Third_Party/FreeRTOS/Source/timers.o
 .text.prvProcessReceivedCommands
                0x08009e78      0x1cc ./Middlewares/Third_Party/FreeRTOS/Source/timers.o
 .text.prvSwitchTimerLists
                0x0800a044       0xcc ./Middlewares/Third_Party/FreeRTOS/Source/timers.o
 .text.prvCheckForValidListAndQueue
                0x0800a110       0x80 ./Middlewares/Third_Party/FreeRTOS/Source/timers.o
 .text.pxPortInitialiseStack
                0x0800a190       0x68 ./Middlewares/Third_Party/FreeRTOS/Source/portable/GCC/ARM_CM4F/port.o
                0x0800a190                pxPortInitialiseStack
 .text.prvTaskExitError
                0x0800a1f8       0x5c ./Middlewares/Third_Party/FreeRTOS/Source/portable/GCC/ARM_CM4F/port.o
 *fill*         0x0800a254        0xc 
 .text.SVC_Handler
                0x0800a260       0x28 ./Middlewares/Third_Party/FreeRTOS/Source/portable/GCC/ARM_CM4F/port.o
                0x0800a260                SVC_Handler
 .text.prvPortStartFirstTask
                0x0800a288       0x28 ./Middlewares/Third_Party/FreeRTOS/Source/portable/GCC/ARM_CM4F/port.o
 .text.xPortStartScheduler
                0x0800a2b0      0x148 ./Middlewares/Third_Party/FreeRTOS/Source/portable/GCC/ARM_CM4F/port.o
                0x0800a2b0                xPortStartScheduler
 .text.vPortEnterCritical
                0x0800a3f8       0x64 ./Middlewares/Third_Party/FreeRTOS/Source/portable/GCC/ARM_CM4F/port.o
                0x0800a3f8                vPortEnterCritical
 .text.vPortExitCritical
                0x0800a45c       0x54 ./Middlewares/Third_Party/FreeRTOS/Source/portable/GCC/ARM_CM4F/port.o
                0x0800a45c                vPortExitCritical
 .text.PendSV_Handler
                0x0800a4b0       0x68 ./Middlewares/Third_Party/FreeRTOS/Source/portable/GCC/ARM_CM4F/port.o
                0x0800a4b0                PendSV_Handler
 .text.xPortSysTickHandler
                0x0800a518       0x44 ./Middlewares/Third_Party/FreeRTOS/Source/portable/GCC/ARM_CM4F/port.o
                0x0800a518                xPortSysTickHandler
 .text.vPortSetupTimerInterrupt
                0x0800a55c       0x48 ./Middlewares/Third_Party/FreeRTOS/Source/portable/GCC/ARM_CM4F/port.o
                0x0800a55c                vPortSetupTimerInterrupt
 .text.vPortEnableVFP
                0x0800a5a4       0x14 ./Middlewares/Third_Party/FreeRTOS/Source/portable/GCC/ARM_CM4F/port.o
 .text.vPortValidateInterruptPriority
                0x0800a5b8       0x84 ./Middlewares/Third_Party/FreeRTOS/Source/portable/GCC/ARM_CM4F/port.o
                0x0800a5b8                vPortValidateInterruptPriority
 .text.pvPortMalloc
                0x0800a63c      0x19c ./Middlewares/Third_Party/FreeRTOS/Source/portable/MemMang/heap_4.o
                0x0800a63c                pvPortMalloc
 .text.vPortFree
                0x0800a7d8       0xc8 ./Middlewares/Third_Party/FreeRTOS/Source/portable/MemMang/heap_4.o
                0x0800a7d8                vPortFree
 .text.prvHeapInit
                0x0800a8a0       0xc4 ./Middlewares/Third_Party/FreeRTOS/Source/portable/MemMang/heap_4.o
 .text.prvInsertBlockIntoFreeList
                0x0800a964       0xb4 ./Middlewares/Third_Party/FreeRTOS/Source/portable/MemMang/heap_4.o
 .text.__cvt    0x0800aa18       0xca E:/Outpost Vault/Outpost Door/Outpost downloads/STMCubeIDE/Cube/STM32CubeIDE/plugins/com.st.stm32cube.ide.mcu.externaltools.gnu-tools-for-stm32.14.3.rel1.win32_1.0.100.202602081740/tools/bin/../lib/gcc/arm-none-eabi/14.3.1/../../../../arm-none-eabi/lib/thumb/v7e-m+fp/hard\libc_nano.a(libc_a-nano-vfprintf_float.o)
                0x0800aa18                __cvt
 .text.__exponent
                0x0800aae2       0x74 E:/Outpost Vault/Outpost Door/Outpost downloads/STMCubeIDE/Cube/STM32CubeIDE/plugins/com.st.stm32cube.ide.mcu.externaltools.gnu-tools-for-stm32.14.3.rel1.win32_1.0.100.202602081740/tools/bin/../lib/gcc/arm-none-eabi/14.3.1/../../../../arm-none-eabi/lib/thumb/v7e-m+fp/hard\libc_nano.a(libc_a-nano-vfprintf_float.o)
                0x0800aae2                __exponent
 *fill*         0x0800ab56        0x2 
 .text._printf_float
                0x0800ab58      0x450 E:/Outpost Vault/Outpost Door/Outpost downloads/STMCubeIDE/Cube/STM32CubeIDE/plugins/com.st.stm32cube.ide.mcu.externaltools.gnu-tools-for-stm32.14.3.rel1.win32_1.0.100.202602081740/tools/bin/../lib/gcc/arm-none-eabi/14.3.1/../../../../arm-none-eabi/lib/thumb/v7e-m+fp/hard\libc_nano.a(libc_a-nano-vfprintf_float.o)
                0x0800ab58                _printf_float
 .text._printf_common
                0x0800afa8       0xda E:/Outpost Vault/Outpost Door/Outpost downloads/STMCubeIDE/Cube/STM32CubeIDE/plugins/com.st.stm32cube.ide.mcu.externaltools.gnu-tools-for-stm32.14.3.rel1.win32_1.0.100.202602081740/tools/bin/../lib/gcc/arm-none-eabi/14.3.1/../../../../arm-none-eabi/lib/thumb/v7e-m+fp/hard\libc_nano.a(libc_a-nano-vfprintf_i.o)
                0x0800afa8                _printf_common
 *fill*         0x0800b082        0x2 
 .text._printf_i
                0x0800b084      0x24c E:/Outpost Vault/Outpost Door/Outpost downloads/STMCubeIDE/Cube/STM32CubeIDE/plugins/com.st.stm32cube.ide.mcu.externaltools.gnu-tools-for-stm32.14.3.rel1.win32_1.0.100.202602081740/tools/bin/../lib/gcc/arm-none-eabi/14.3.1/../../../../arm-none-eabi/lib/thumb/v7e-m+fp/hard\libc_nano.a(libc_a-nano-vfprintf_i.o)
                0x0800b084                _printf_i
 .text.std      0x0800b2d0       0x6c E:/Outpost Vault/Outpost Door/Outpost downloads/STMCubeIDE/Cube/STM32CubeIDE/plugins/com.st.stm32cube.ide.mcu.externaltools.gnu-tools-for-stm32.14.3.rel1.win32_1.0.100.202602081740/tools/bin/../lib/gcc/arm-none-eabi/14.3.1/../../../../arm-none-eabi/lib/thumb/v7e-m+fp/hard\libc_nano.a(libc_a-findfp.o)
 .text.stdio_exit_handler
                0x0800b33c       0x18 E:/Outpost Vault/Outpost Door/Outpost downloads/STMCubeIDE/Cube/STM32CubeIDE/plugins/com.st.stm32cube.ide.mcu.externaltools.gnu-tools-for-stm32.14.3.rel1.win32_1.0.100.202602081740/tools/bin/../lib/gcc/arm-none-eabi/14.3.1/../../../../arm-none-eabi/lib/thumb/v7e-m+fp/hard\libc_nano.a(libc_a-findfp.o)
 .text.cleanup_stdio
                0x0800b354       0x40 E:/Outpost Vault/Outpost Door/Outpost downloads/STMCubeIDE/Cube/STM32CubeIDE/plugins/com.st.stm32cube.ide.mcu.externaltools.gnu-tools-for-stm32.14.3.rel1.win32_1.0.100.202602081740/tools/bin/../lib/gcc/arm-none-eabi/14.3.1/../../../../arm-none-eabi/lib/thumb/v7e-m+fp/hard\libc_nano.a(libc_a-findfp.o)
 .text.global_stdio_init.part.0
                0x0800b394       0x40 E:/Outpost Vault/Outpost Door/Outpost downloads/STMCubeIDE/Cube/STM32CubeIDE/plugins/com.st.stm32cube.ide.mcu.externaltools.gnu-tools-for-stm32.14.3.rel1.win32_1.0.100.202602081740/tools/bin/../lib/gcc/arm-none-eabi/14.3.1/../../../../arm-none-eabi/lib/thumb/v7e-m+fp/hard\libc_nano.a(libc_a-findfp.o)
 .text.__sfp_lock_acquire
                0x0800b3d4        0xc E:/Outpost Vault/Outpost Door/Outpost downloads/STMCubeIDE/Cube/STM32CubeIDE/plugins/com.st.stm32cube.ide.mcu.externaltools.gnu-tools-for-stm32.14.3.rel1.win32_1.0.100.202602081740/tools/bin/../lib/gcc/arm-none-eabi/14.3.1/../../../../arm-none-eabi/lib/thumb/v7e-m+fp/hard\libc_nano.a(libc_a-findfp.o)
                0x0800b3d4                __sfp_lock_acquire
 .text.__sfp_lock_release
                0x0800b3e0        0xc E:/Outpost Vault/Outpost Door/Outpost downloads/STMCubeIDE/Cube/STM32CubeIDE/plugins/com.st.stm32cube.ide.mcu.externaltools.gnu-tools-for-stm32.14.3.rel1.win32_1.0.100.202602081740/tools/bin/../lib/gcc/arm-none-eabi/14.3.1/../../../../arm-none-eabi/lib/thumb/v7e-m+fp/hard\libc_nano.a(libc_a-findfp.o)
                0x0800b3e0                __sfp_lock_release
 .text.__sinit  0x0800b3ec       0x30 E:/Outpost Vault/Outpost Door/Outpost downloads/STMCubeIDE/Cube/STM32CubeIDE/plugins/com.st.stm32cube.ide.mcu.externaltools.gnu-tools-for-stm32.14.3.rel1.win32_1.0.100.202602081740/tools/bin/../lib/gcc/arm-none-eabi/14.3.1/../../../../arm-none-eabi/lib/thumb/v7e-m+fp/hard\libc_nano.a(libc_a-findfp.o)
                0x0800b3ec                __sinit
 .text._fwalk_sglue
                0x0800b41c       0x3c E:/Outpost Vault/Outpost Door/Outpost downloads/STMCubeIDE/Cube/STM32CubeIDE/plugins/com.st.stm32cube.ide.mcu.externaltools.gnu-tools-for-stm32.14.3.rel1.win32_1.0.100.202602081740/tools/bin/../lib/gcc/arm-none-eabi/14.3.1/../../../../arm-none-eabi/lib/thumb/v7e-m+fp/hard\libc_nano.a(libc_a-fwalk.o)
                0x0800b41c                _fwalk_sglue
 .text.sprintf  0x0800b458       0x44 E:/Outpost Vault/Outpost Door/Outpost downloads/STMCubeIDE/Cube/STM32CubeIDE/plugins/com.st.stm32cube.ide.mcu.externaltools.gnu-tools-for-stm32.14.3.rel1.win32_1.0.100.202602081740/tools/bin/../lib/gcc/arm-none-eabi/14.3.1/../../../../arm-none-eabi/lib/thumb/v7e-m+fp/hard\libc_nano.a(libc_a-sprintf.o)
                0x0800b458                siprintf
                0x0800b458                sprintf
 .text.__sread  0x0800b49c       0x22 E:/Outpost Vault/Outpost Door/Outpost downloads/STMCubeIDE/Cube/STM32CubeIDE/plugins/com.st.stm32cube.ide.mcu.externaltools.gnu-tools-for-stm32.14.3.rel1.win32_1.0.100.202602081740/tools/bin/../lib/gcc/arm-none-eabi/14.3.1/../../../../arm-none-eabi/lib/thumb/v7e-m+fp/hard\libc_nano.a(libc_a-stdio.o)
                0x0800b49c                __sread
 .text.__swrite
                0x0800b4be       0x38 E:/Outpost Vault/Outpost Door/Outpost downloads/STMCubeIDE/Cube/STM32CubeIDE/plugins/com.st.stm32cube.ide.mcu.externaltools.gnu-tools-for-stm32.14.3.rel1.win32_1.0.100.202602081740/tools/bin/../lib/gcc/arm-none-eabi/14.3.1/../../../../arm-none-eabi/lib/thumb/v7e-m+fp/hard\libc_nano.a(libc_a-stdio.o)
                0x0800b4be                __swrite
 .text.__sseek  0x0800b4f6       0x26 E:/Outpost Vault/Outpost Door/Outpost downloads/STMCubeIDE/Cube/STM32CubeIDE/plugins/com.st.stm32cube.ide.mcu.externaltools.gnu-tools-for-stm32.14.3.rel1.win32_1.0.100.202602081740/tools/bin/../lib/gcc/arm-none-eabi/14.3.1/../../../../arm-none-eabi/lib/thumb/v7e-m+fp/hard\libc_nano.a(libc_a-stdio.o)
                0x0800b4f6                __sseek
 .text.__sclose
                0x0800b51c        0x8 E:/Outpost Vault/Outpost Door/Outpost downloads/STMCubeIDE/Cube/STM32CubeIDE/plugins/com.st.stm32cube.ide.mcu.externaltools.gnu-tools-for-stm32.14.3.rel1.win32_1.0.100.202602081740/tools/bin/../lib/gcc/arm-none-eabi/14.3.1/../../../../arm-none-eabi/lib/thumb/v7e-m+fp/hard\libc_nano.a(libc_a-stdio.o)
                0x0800b51c                __sclose
 .text.memset   0x0800b524       0x10 E:/Outpost Vault/Outpost Door/Outpost downloads/STMCubeIDE/Cube/STM32CubeIDE/plugins/com.st.stm32cube.ide.mcu.externaltools.gnu-tools-for-stm32.14.3.rel1.win32_1.0.100.202602081740/tools/bin/../lib/gcc/arm-none-eabi/14.3.1/../../../../arm-none-eabi/lib/thumb/v7e-m+fp/hard\libc_nano.a(libc_a-memset.o)
                0x0800b524                memset
 .text._localeconv_r
                0x0800b534        0x8 E:/Outpost Vault/Outpost Door/Outpost downloads/STMCubeIDE/Cube/STM32CubeIDE/plugins/com.st.stm32cube.ide.mcu.externaltools.gnu-tools-for-stm32.14.3.rel1.win32_1.0.100.202602081740/tools/bin/../lib/gcc/arm-none-eabi/14.3.1/../../../../arm-none-eabi/lib/thumb/v7e-m+fp/hard\libc_nano.a(libc_a-localeconv.o)
                0x0800b534                _localeconv_r
 .text._close_r
                0x0800b53c       0x20 E:/Outpost Vault/Outpost Door/Outpost downloads/STMCubeIDE/Cube/STM32CubeIDE/plugins/com.st.stm32cube.ide.mcu.externaltools.gnu-tools-for-stm32.14.3.rel1.win32_1.0.100.202602081740/tools/bin/../lib/gcc/arm-none-eabi/14.3.1/../../../../arm-none-eabi/lib/thumb/v7e-m+fp/hard\libc_nano.a(libc_a-closer.o)
                0x0800b53c                _close_r
 .text._reclaim_reent
                0x0800b55c       0xbc E:/Outpost Vault/Outpost Door/Outpost downloads/STMCubeIDE/Cube/STM32CubeIDE/plugins/com.st.stm32cube.ide.mcu.externaltools.gnu-tools-for-stm32.14.3.rel1.win32_1.0.100.202602081740/tools/bin/../lib/gcc/arm-none-eabi/14.3.1/../../../../arm-none-eabi/lib/thumb/v7e-m+fp/hard\libc_nano.a(libc_a-reent.o)
                0x0800b55c                _reclaim_reent
 .text._lseek_r
                0x0800b618       0x24 E:/Outpost Vault/Outpost Door/Outpost downloads/STMCubeIDE/Cube/STM32CubeIDE/plugins/com.st.stm32cube.ide.mcu.externaltools.gnu-tools-for-stm32.14.3.rel1.win32_1.0.100.202602081740/tools/bin/../lib/gcc/arm-none-eabi/14.3.1/../../../../arm-none-eabi/lib/thumb/v7e-m+fp/hard\libc_nano.a(libc_a-lseekr.o)
                0x0800b618                _lseek_r
 .text._read_r  0x0800b63c       0x24 E:/Outpost Vault/Outpost Door/Outpost downloads/STMCubeIDE/Cube/STM32CubeIDE/plugins/com.st.stm32cube.ide.mcu.externaltools.gnu-tools-for-stm32.14.3.rel1.win32_1.0.100.202602081740/tools/bin/../lib/gcc/arm-none-eabi/14.3.1/../../../../arm-none-eabi/lib/thumb/v7e-m+fp/hard\libc_nano.a(libc_a-readr.o)
                0x0800b63c                _read_r
 .text._write_r
                0x0800b660       0x24 E:/Outpost Vault/Outpost Door/Outpost downloads/STMCubeIDE/Cube/STM32CubeIDE/plugins/com.st.stm32cube.ide.mcu.externaltools.gnu-tools-for-stm32.14.3.rel1.win32_1.0.100.202602081740/tools/bin/../lib/gcc/arm-none-eabi/14.3.1/../../../../arm-none-eabi/lib/thumb/v7e-m+fp/hard\libc_nano.a(libc_a-writer.o)
                0x0800b660                _write_r
 .text.__errno  0x0800b684        0xc E:/Outpost Vault/Outpost Door/Outpost downloads/STMCubeIDE/Cube/STM32CubeIDE/plugins/com.st.stm32cube.ide.mcu.externaltools.gnu-tools-for-stm32.14.3.rel1.win32_1.0.100.202602081740/tools/bin/../lib/gcc/arm-none-eabi/14.3.1/../../../../arm-none-eabi/lib/thumb/v7e-m+fp/hard\libc_nano.a(libc_a-errno.o)
                0x0800b684                __errno
 .text.__libc_init_array
                0x0800b690       0x48 E:/Outpost Vault/Outpost Door/Outpost downloads/STMCubeIDE/Cube/STM32CubeIDE/plugins/com.st.stm32cube.ide.mcu.externaltools.gnu-tools-for-stm32.14.3.rel1.win32_1.0.100.202602081740/tools/bin/../lib/gcc/arm-none-eabi/14.3.1/../../../../arm-none-eabi/lib/thumb/v7e-m+fp/hard\libc_nano.a(libc_a-init.o)
                0x0800b690                __libc_init_array
 .text.__retarget_lock_init_recursive
                0x0800b6d8        0x2 E:/Outpost Vault/Outpost Door/Outpost downloads/STMCubeIDE/Cube/STM32CubeIDE/plugins/com.st.stm32cube.ide.mcu.externaltools.gnu-tools-for-stm32.14.3.rel1.win32_1.0.100.202602081740/tools/bin/../lib/gcc/arm-none-eabi/14.3.1/../../../../arm-none-eabi/lib/thumb/v7e-m+fp/hard\libc_nano.a(libc_a-lock.o)
                0x0800b6d8                __retarget_lock_init_recursive
 .text.__retarget_lock_acquire_recursive
                0x0800b6da        0x2 E:/Outpost Vault/Outpost Door/Outpost downloads/STMCubeIDE/Cube/STM32CubeIDE/plugins/com.st.stm32cube.ide.mcu.externaltools.gnu-tools-for-stm32.14.3.rel1.win32_1.0.100.202602081740/tools/bin/../lib/gcc/arm-none-eabi/14.3.1/../../../../arm-none-eabi/lib/thumb/v7e-m+fp/hard\libc_nano.a(libc_a-lock.o)
                0x0800b6da                __retarget_lock_acquire_recursive
 .text.__retarget_lock_release_recursive
                0x0800b6dc        0x2 E:/Outpost Vault/Outpost Door/Outpost downloads/STMCubeIDE/Cube/STM32CubeIDE/plugins/com.st.stm32cube.ide.mcu.externaltools.gnu-tools-for-stm32.14.3.rel1.win32_1.0.100.202602081740/tools/bin/../lib/gcc/arm-none-eabi/14.3.1/../../../../arm-none-eabi/lib/thumb/v7e-m+fp/hard\libc_nano.a(libc_a-lock.o)
                0x0800b6dc                __retarget_lock_release_recursive
 .text.memcpy   0x0800b6de       0x1c E:/Outpost Vault/Outpost Door/Outpost downloads/STMCubeIDE/Cube/STM32CubeIDE/plugins/com.st.stm32cube.ide.mcu.externaltools.gnu-tools-for-stm32.14.3.rel1.win32_1.0.100.202602081740/tools/bin/../lib/gcc/arm-none-eabi/14.3.1/../../../../arm-none-eabi/lib/thumb/v7e-m+fp/hard\libc_nano.a(libc_a-memcpy-stub.o)
                0x0800b6de                memcpy
 .text.quorem   0x0800b6fa      0x110 E:/Outpost Vault/Outpost Door/Outpost downloads/STMCubeIDE/Cube/STM32CubeIDE/plugins/com.st.stm32cube.ide.mcu.externaltools.gnu-tools-for-stm32.14.3.rel1.win32_1.0.100.202602081740/tools/bin/../lib/gcc/arm-none-eabi/14.3.1/../../../../arm-none-eabi/lib/thumb/v7e-m+fp/hard\libc_nano.a(libc_a-dtoa.o)
 *fill*         0x0800b80a        0x6 
 .text._dtoa_r  0x0800b810      0xbb8 E:/Outpost Vault/Outpost Door/Outpost downloads/STMCubeIDE/Cube/STM32CubeIDE/plugins/com.st.stm32cube.ide.mcu.externaltools.gnu-tools-for-stm32.14.3.rel1.win32_1.0.100.202602081740/tools/bin/../lib/gcc/arm-none-eabi/14.3.1/../../../../arm-none-eabi/lib/thumb/v7e-m+fp/hard\libc_nano.a(libc_a-dtoa.o)
                0x0800b810                _dtoa_r
 .text._free_r  0x0800c3c8       0x94 E:/Outpost Vault/Outpost Door/Outpost downloads/STMCubeIDE/Cube/STM32CubeIDE/plugins/com.st.stm32cube.ide.mcu.externaltools.gnu-tools-for-stm32.14.3.rel1.win32_1.0.100.202602081740/tools/bin/../lib/gcc/arm-none-eabi/14.3.1/../../../../arm-none-eabi/lib/thumb/v7e-m+fp/hard\libc_nano.a(libc_a-freer.o)
                0x0800c3c8                _free_r
 .text.malloc   0x0800c45c       0x10 E:/Outpost Vault/Outpost Door/Outpost downloads/STMCubeIDE/Cube/STM32CubeIDE/plugins/com.st.stm32cube.ide.mcu.externaltools.gnu-tools-for-stm32.14.3.rel1.win32_1.0.100.202602081740/tools/bin/../lib/gcc/arm-none-eabi/14.3.1/../../../../arm-none-eabi/lib/thumb/v7e-m+fp/hard\libc_nano.a(libc_a-malloc.o)
                0x0800c45c                malloc
 .text.sbrk_aligned
                0x0800c46c       0x44 E:/Outpost Vault/Outpost Door/Outpost downloads/STMCubeIDE/Cube/STM32CubeIDE/plugins/com.st.stm32cube.ide.mcu.externaltools.gnu-tools-for-stm32.14.3.rel1.win32_1.0.100.202602081740/tools/bin/../lib/gcc/arm-none-eabi/14.3.1/../../../../arm-none-eabi/lib/thumb/v7e-m+fp/hard\libc_nano.a(libc_a-mallocr.o)
 .text._malloc_r
                0x0800c4b0      0x100 E:/Outpost Vault/Outpost Door/Outpost downloads/STMCubeIDE/Cube/STM32CubeIDE/plugins/com.st.stm32cube.ide.mcu.externaltools.gnu-tools-for-stm32.14.3.rel1.win32_1.0.100.202602081740/tools/bin/../lib/gcc/arm-none-eabi/14.3.1/../../../../arm-none-eabi/lib/thumb/v7e-m+fp/hard\libc_nano.a(libc_a-mallocr.o)
                0x0800c4b0                _malloc_r
 .text.__malloc_lock
                0x0800c5b0        0xc E:/Outpost Vault/Outpost Door/Outpost downloads/STMCubeIDE/Cube/STM32CubeIDE/plugins/com.st.stm32cube.ide.mcu.externaltools.gnu-tools-for-stm32.14.3.rel1.win32_1.0.100.202602081740/tools/bin/../lib/gcc/arm-none-eabi/14.3.1/../../../../arm-none-eabi/lib/thumb/v7e-m+fp/hard\libc_nano.a(libc_a-mlock.o)
                0x0800c5b0                __malloc_lock
 .text.__malloc_unlock
                0x0800c5bc        0xc E:/Outpost Vault/Outpost Door/Outpost downloads/STMCubeIDE/Cube/STM32CubeIDE/plugins/com.st.stm32cube.ide.mcu.externaltools.gnu-tools-for-stm32.14.3.rel1.win32_1.0.100.202602081740/tools/bin/../lib/gcc/arm-none-eabi/14.3.1/../../../../arm-none-eabi/lib/thumb/v7e-m+fp/hard\libc_nano.a(libc_a-mlock.o)
                0x0800c5bc                __malloc_unlock
 .text._Balloc  0x0800c5c8       0x7c E:/Outpost Vault/Outpost Door/Outpost downloads/STMCubeIDE/Cube/STM32CubeIDE/plugins/com.st.stm32cube.ide.mcu.externaltools.gnu-tools-for-stm32.14.3.rel1.win32_1.0.100.202602081740/tools/bin/../lib/gcc/arm-none-eabi/14.3.1/../../../../arm-none-eabi/lib/thumb/v7e-m+fp/hard\libc_nano.a(libc_a-mprec.o)
                0x0800c5c8                _Balloc
 .text._Bfree   0x0800c644       0x44 E:/Outpost Vault/Outpost Door/Outpost downloads/STMCubeIDE/Cube/STM32CubeIDE/plugins/com.st.stm32cube.ide.mcu.externaltools.gnu-tools-for-stm32.14.3.rel1.win32_1.0.100.202602081740/tools/bin/../lib/gcc/arm-none-eabi/14.3.1/../../../../arm-none-eabi/lib/thumb/v7e-m+fp/hard\libc_nano.a(libc_a-mprec.o)
                0x0800c644                _Bfree
 .text.__multadd
                0x0800c688       0x8c E:/Outpost Vault/Outpost Door/Outpost downloads/STMCubeIDE/Cube/STM32CubeIDE/plugins/com.st.stm32cube.ide.mcu.externaltools.gnu-tools-for-stm32.14.3.rel1.win32_1.0.100.202602081740/tools/bin/../lib/gcc/arm-none-eabi/14.3.1/../../../../arm-none-eabi/lib/thumb/v7e-m+fp/hard\libc_nano.a(libc_a-mprec.o)
                0x0800c688                __multadd
 .text.__hi0bits
                0x0800c714       0x3e E:/Outpost Vault/Outpost Door/Outpost downloads/STMCubeIDE/Cube/STM32CubeIDE/plugins/com.st.stm32cube.ide.mcu.externaltools.gnu-tools-for-stm32.14.3.rel1.win32_1.0.100.202602081740/tools/bin/../lib/gcc/arm-none-eabi/14.3.1/../../../../arm-none-eabi/lib/thumb/v7e-m+fp/hard\libc_nano.a(libc_a-mprec.o)
                0x0800c714                __hi0bits
 .text.__lo0bits
                0x0800c752       0x5a E:/Outpost Vault/Outpost Door/Outpost downloads/STMCubeIDE/Cube/STM32CubeIDE/plugins/com.st.stm32cube.ide.mcu.externaltools.gnu-tools-for-stm32.14.3.rel1.win32_1.0.100.202602081740/tools/bin/../lib/gcc/arm-none-eabi/14.3.1/../../../../arm-none-eabi/lib/thumb/v7e-m+fp/hard\libc_nano.a(libc_a-mprec.o)
                0x0800c752                __lo0bits
 .text.__i2b    0x0800c7ac       0x2c E:/Outpost Vault/Outpost Door/Outpost downloads/STMCubeIDE/Cube/STM32CubeIDE/plugins/com.st.stm32cube.ide.mcu.externaltools.gnu-tools-for-stm32.14.3.rel1.win32_1.0.100.202602081740/tools/bin/../lib/gcc/arm-none-eabi/14.3.1/../../../../arm-none-eabi/lib/thumb/v7e-m+fp/hard\libc_nano.a(libc_a-mprec.o)
                0x0800c7ac                __i2b
 .text.__multiply
                0x0800c7d8      0x154 E:/Outpost Vault/Outpost Door/Outpost downloads/STMCubeIDE/Cube/STM32CubeIDE/plugins/com.st.stm32cube.ide.mcu.externaltools.gnu-tools-for-stm32.14.3.rel1.win32_1.0.100.202602081740/tools/bin/../lib/gcc/arm-none-eabi/14.3.1/../../../../arm-none-eabi/lib/thumb/v7e-m+fp/hard\libc_nano.a(libc_a-mprec.o)
                0x0800c7d8                __multiply
 .text.__pow5mult
                0x0800c92c       0xb8 E:/Outpost Vault/Outpost Door/Outpost downloads/STMCubeIDE/Cube/STM32CubeIDE/plugins/com.st.stm32cube.ide.mcu.externaltools.gnu-tools-for-stm32.14.3.rel1.win32_1.0.100.202602081740/tools/bin/../lib/gcc/arm-none-eabi/14.3.1/../../../../arm-none-eabi/lib/thumb/v7e-m+fp/hard\libc_nano.a(libc_a-mprec.o)
                0x0800c92c                __pow5mult
 .text.__lshift
                0x0800c9e4       0xdc E:/Outpost Vault/Outpost Door/Outpost downloads/STMCubeIDE/Cube/STM32CubeIDE/plugins/com.st.stm32cube.ide.mcu.externaltools.gnu-tools-for-stm32.14.3.rel1.win32_1.0.100.202602081740/tools/bin/../lib/gcc/arm-none-eabi/14.3.1/../../../../arm-none-eabi/lib/thumb/v7e-m+fp/hard\libc_nano.a(libc_a-mprec.o)
                0x0800c9e4                __lshift
 .text.__mcmp   0x0800cac0       0x36 E:/Outpost Vault/Outpost Door/Outpost downloads/STMCubeIDE/Cube/STM32CubeIDE/plugins/com.st.stm32cube.ide.mcu.externaltools.gnu-tools-for-stm32.14.3.rel1.win32_1.0.100.202602081740/tools/bin/../lib/gcc/arm-none-eabi/14.3.1/../../../../arm-none-eabi/lib/thumb/v7e-m+fp/hard\libc_nano.a(libc_a-mprec.o)
                0x0800cac0                __mcmp
 *fill*         0x0800caf6        0x2 
 .text.__mdiff  0x0800caf8      0x130 E:/Outpost Vault/Outpost Door/Outpost downloads/STMCubeIDE/Cube/STM32CubeIDE/plugins/com.st.stm32cube.ide.mcu.externaltools.gnu-tools-for-stm32.14.3.rel1.win32_1.0.100.202602081740/tools/bin/../lib/gcc/arm-none-eabi/14.3.1/../../../../arm-none-eabi/lib/thumb/v7e-m+fp/hard\libc_nano.a(libc_a-mprec.o)
                0x0800caf8                __mdiff
 .text.__d2b    0x0800cc28       0xb0 E:/Outpost Vault/Outpost Door/Outpost downloads/STMCubeIDE/Cube/STM32CubeIDE/plugins/com.st.stm32cube.ide.mcu.externaltools.gnu-tools-for-stm32.14.3.rel1.win32_1.0.100.202602081740/tools/bin/../lib/gcc/arm-none-eabi/14.3.1/../../../../arm-none-eabi/lib/thumb/v7e-m+fp/hard\libc_nano.a(libc_a-mprec.o)
                0x0800cc28                __d2b
 .text.__ssputs_r
                0x0800ccd8       0xc0 E:/Outpost Vault/Outpost Door/Outpost downloads/STMCubeIDE/Cube/STM32CubeIDE/plugins/com.st.stm32cube.ide.mcu.externaltools.gnu-tools-for-stm32.14.3.rel1.win32_1.0.100.202602081740/tools/bin/../lib/gcc/arm-none-eabi/14.3.1/../../../../arm-none-eabi/lib/thumb/v7e-m+fp/hard\libc_nano.a(libc_a-nano-svfprintf.o)
                0x0800ccd8                __ssputs_r
 .text._svfprintf_r
                0x0800cd98      0x1f0 E:/Outpost Vault/Outpost Door/Outpost downloads/STMCubeIDE/Cube/STM32CubeIDE/plugins/com.st.stm32cube.ide.mcu.externaltools.gnu-tools-for-stm32.14.3.rel1.win32_1.0.100.202602081740/tools/bin/../lib/gcc/arm-none-eabi/14.3.1/../../../../arm-none-eabi/lib/thumb/v7e-m+fp/hard\libc_nano.a(libc_a-nano-svfprintf.o)
                0x0800cd98                _svfiprintf_r
                0x0800cd98                _svfprintf_r
 .text.__sflush_r
                0x0800cf88      0x104 E:/Outpost Vault/Outpost Door/Outpost downloads/STMCubeIDE/Cube/STM32CubeIDE/plugins/com.st.stm32cube.ide.mcu.externaltools.gnu-tools-for-stm32.14.3.rel1.win32_1.0.100.202602081740/tools/bin/../lib/gcc/arm-none-eabi/14.3.1/../../../../arm-none-eabi/lib/thumb/v7e-m+fp/hard\libc_nano.a(libc_a-fflush.o)
                0x0800cf88                __sflush_r
 .text._fflush_r
                0x0800d08c       0x50 E:/Outpost Vault/Outpost Door/Outpost downloads/STMCubeIDE/Cube/STM32CubeIDE/plugins/com.st.stm32cube.ide.mcu.externaltools.gnu-tools-for-stm32.14.3.rel1.win32_1.0.100.202602081740/tools/bin/../lib/gcc/arm-none-eabi/14.3.1/../../../../arm-none-eabi/lib/thumb/v7e-m+fp/hard\libc_nano.a(libc_a-fflush.o)
                0x0800d08c                _fflush_r
 .text.memmove  0x0800d0dc       0x32 E:/Outpost Vault/Outpost Door/Outpost downloads/STMCubeIDE/Cube/STM32CubeIDE/plugins/com.st.stm32cube.ide.mcu.externaltools.gnu-tools-for-stm32.14.3.rel1.win32_1.0.100.202602081740/tools/bin/../lib/gcc/arm-none-eabi/14.3.1/../../../../arm-none-eabi/lib/thumb/v7e-m+fp/hard\libc_nano.a(libc_a-memmove.o)
                0x0800d0dc                memmove
 *fill*         0x0800d10e        0x2 
 .text._sbrk_r  0x0800d110       0x20 E:/Outpost Vault/Outpost Door/Outpost downloads/STMCubeIDE/Cube/STM32CubeIDE/plugins/com.st.stm32cube.ide.mcu.externaltools.gnu-tools-for-stm32.14.3.rel1.win32_1.0.100.202602081740/tools/bin/../lib/gcc/arm-none-eabi/14.3.1/../../../../arm-none-eabi/lib/thumb/v7e-m+fp/hard\libc_nano.a(libc_a-sbrkr.o)
                0x0800d110                _sbrk_r
 .text.__assert_func
                0x0800d130       0x3c E:/Outpost Vault/Outpost Door/Outpost downloads/STMCubeIDE/Cube/STM32CubeIDE/plugins/com.st.stm32cube.ide.mcu.externaltools.gnu-tools-for-stm32.14.3.rel1.win32_1.0.100.202602081740/tools/bin/../lib/gcc/arm-none-eabi/14.3.1/../../../../arm-none-eabi/lib/thumb/v7e-m+fp/hard\libc_nano.a(libc_a-assert.o)
                0x0800d130                __assert_func
 .text._calloc_r
                0x0800d16c       0x28 E:/Outpost Vault/Outpost Door/Outpost downloads/STMCubeIDE/Cube/STM32CubeIDE/plugins/com.st.stm32cube.ide.mcu.externaltools.gnu-tools-for-stm32.14.3.rel1.win32_1.0.100.202602081740/tools/bin/../lib/gcc/arm-none-eabi/14.3.1/../../../../arm-none-eabi/lib/thumb/v7e-m+fp/hard\libc_nano.a(libc_a-callocr.o)
                0x0800d16c                _calloc_r
 .text.__ascii_mbtowc
                0x0800d194       0x24 E:/Outpost Vault/Outpost Door/Outpost downloads/STMCubeIDE/Cube/STM32CubeIDE/plugins/com.st.stm32cube.ide.mcu.externaltools.gnu-tools-for-stm32.14.3.rel1.win32_1.0.100.202602081740/tools/bin/../lib/gcc/arm-none-eabi/14.3.1/../../../../arm-none-eabi/lib/thumb/v7e-m+fp/hard\libc_nano.a(libc_a-mbtowc_r.o)
                0x0800d194                __ascii_mbtowc
 .text._realloc_r
                0x0800d1b8       0x5c E:/Outpost Vault/Outpost Door/Outpost downloads/STMCubeIDE/Cube/STM32CubeIDE/plugins/com.st.stm32cube.ide.mcu.externaltools.gnu-tools-for-stm32.14.3.rel1.win32_1.0.100.202602081740/tools/bin/../lib/gcc/arm-none-eabi/14.3.1/../../../../arm-none-eabi/lib/thumb/v7e-m+fp/hard\libc_nano.a(libc_a-reallocr.o)
                0x0800d1b8                _realloc_r
 .text.__ascii_wctomb
                0x0800d214       0x1a E:/Outpost Vault/Outpost Door/Outpost downloads/STMCubeIDE/Cube/STM32CubeIDE/plugins/com.st.stm32cube.ide.mcu.externaltools.gnu-tools-for-stm32.14.3.rel1.win32_1.0.100.202602081740/tools/bin/../lib/gcc/arm-none-eabi/14.3.1/../../../../arm-none-eabi/lib/thumb/v7e-m+fp/hard\libc_nano.a(libc_a-wctomb_r.o)
                0x0800d214                __ascii_wctomb
 *fill*         0x0800d22e        0x2 
 .text.fprintf  0x0800d230       0x24 E:/Outpost Vault/Outpost Door/Outpost downloads/STMCubeIDE/Cube/STM32CubeIDE/plugins/com.st.stm32cube.ide.mcu.externaltools.gnu-tools-for-stm32.14.3.rel1.win32_1.0.100.202602081740/tools/bin/../lib/gcc/arm-none-eabi/14.3.1/../../../../arm-none-eabi/lib/thumb/v7e-m+fp/hard\libc_nano.a(libc_a-fprintf.o)
                0x0800d230                fiprintf
                0x0800d230                fprintf
 .text.abort    0x0800d254        0xe E:/Outpost Vault/Outpost Door/Outpost downloads/STMCubeIDE/Cube/STM32CubeIDE/plugins/com.st.stm32cube.ide.mcu.externaltools.gnu-tools-for-stm32.14.3.rel1.win32_1.0.100.202602081740/tools/bin/../lib/gcc/arm-none-eabi/14.3.1/../../../../arm-none-eabi/lib/thumb/v7e-m+fp/hard\libc_nano.a(libc_a-abort.o)
                0x0800d254                abort
 .text._malloc_usable_size_r
                0x0800d262       0x10 E:/Outpost Vault/Outpost Door/Outpost downloads/STMCubeIDE/Cube/STM32CubeIDE/plugins/com.st.stm32cube.ide.mcu.externaltools.gnu-tools-for-stm32.14.3.rel1.win32_1.0.100.202602081740/tools/bin/../lib/gcc/arm-none-eabi/14.3.1/../../../../arm-none-eabi/lib/thumb/v7e-m+fp/hard\libc_nano.a(libc_a-msizer.o)
                0x0800d262                _malloc_usable_size_r
 .text.__sfputc_r
                0x0800d272       0x2e E:/Outpost Vault/Outpost Door/Outpost downloads/STMCubeIDE/Cube/STM32CubeIDE/plugins/com.st.stm32cube.ide.mcu.externaltools.gnu-tools-for-stm32.14.3.rel1.win32_1.0.100.202602081740/tools/bin/../lib/gcc/arm-none-eabi/14.3.1/../../../../arm-none-eabi/lib/thumb/v7e-m+fp/hard\libc_nano.a(libc_a-nano-vfprintf.o)
 .text.__sfputs_r
                0x0800d2a0       0x24 E:/Outpost Vault/Outpost Door/Outpost downloads/STMCubeIDE/Cube/STM32CubeIDE/plugins/com.st.stm32cube.ide.mcu.externaltools.gnu-tools-for-stm32.14.3.rel1.win32_1.0.100.202602081740/tools/bin/../lib/gcc/arm-none-eabi/14.3.1/../../../../arm-none-eabi/lib/thumb/v7e-m+fp/hard\libc_nano.a(libc_a-nano-vfprintf.o)
                0x0800d2a0                __sfputs_r
 .text._vfprintf_r
                0x0800d2c4      0x228 E:/Outpost Vault/Outpost Door/Outpost downloads/STMCubeIDE/Cube/STM32CubeIDE/plugins/com.st.stm32cube.ide.mcu.externaltools.gnu-tools-for-stm32.14.3.rel1.win32_1.0.100.202602081740/tools/bin/../lib/gcc/arm-none-eabi/14.3.1/../../../../arm-none-eabi/lib/thumb/v7e-m+fp/hard\libc_nano.a(libc_a-nano-vfprintf.o)
                0x0800d2c4                _vfprintf_r
                0x0800d2c4                _vfiprintf_r
 .text.__swbuf_r
                0x0800d4ec       0x7c E:/Outpost Vault/Outpost Door/Outpost downloads/STMCubeIDE/Cube/STM32CubeIDE/plugins/com.st.stm32cube.ide.mcu.externaltools.gnu-tools-for-stm32.14.3.rel1.win32_1.0.100.202602081740/tools/bin/../lib/gcc/arm-none-eabi/14.3.1/../../../../arm-none-eabi/lib/thumb/v7e-m+fp/hard\libc_nano.a(libc_a-wbuf.o)
                0x0800d4ec                __swbuf_r
 .text.__swsetup_r
                0x0800d568       0xa8 E:/Outpost Vault/Outpost Door/Outpost downloads/STMCubeIDE/Cube/STM32CubeIDE/plugins/com.st.stm32cube.ide.mcu.externaltools.gnu-tools-for-stm32.14.3.rel1.win32_1.0.100.202602081740/tools/bin/../lib/gcc/arm-none-eabi/14.3.1/../../../../arm-none-eabi/lib/thumb/v7e-m+fp/hard\libc_nano.a(libc_a-wsetup.o)
                0x0800d568                __swsetup_r
 .text._raise_r
                0x0800d610       0x50 E:/Outpost Vault/Outpost Door/Outpost downloads/STMCubeIDE/Cube/STM32CubeIDE/plugins/com.st.stm32cube.ide.mcu.externaltools.gnu-tools-for-stm32.14.3.rel1.win32_1.0.100.202602081740/tools/bin/../lib/gcc/arm-none-eabi/14.3.1/../../../../arm-none-eabi/lib/thumb/v7e-m+fp/hard\libc_nano.a(libc_a-signal.o)
                0x0800d610                _raise_r
 .text.raise    0x0800d660       0x10 E:/Outpost Vault/Outpost Door/Outpost downloads/STMCubeIDE/Cube/STM32CubeIDE/plugins/com.st.stm32cube.ide.mcu.externaltools.gnu-tools-for-stm32.14.3.rel1.win32_1.0.100.202602081740/tools/bin/../lib/gcc/arm-none-eabi/14.3.1/../../../../arm-none-eabi/lib/thumb/v7e-m+fp/hard\libc_nano.a(libc_a-signal.o)
                0x0800d660                raise
 .text._kill_r  0x0800d670       0x24 E:/Outpost Vault/Outpost Door/Outpost downloads/STMCubeIDE/Cube/STM32CubeIDE/plugins/com.st.stm32cube.ide.mcu.externaltools.gnu-tools-for-stm32.14.3.rel1.win32_1.0.100.202602081740/tools/bin/../lib/gcc/arm-none-eabi/14.3.1/../../../../arm-none-eabi/lib/thumb/v7e-m+fp/hard\libc_nano.a(libc_a-signalr.o)
                0x0800d670                _kill_r
 .text._getpid_r
                0x0800d694        0x4 E:/Outpost Vault/Outpost Door/Outpost downloads/STMCubeIDE/Cube/STM32CubeIDE/plugins/com.st.stm32cube.ide.mcu.externaltools.gnu-tools-for-stm32.14.3.rel1.win32_1.0.100.202602081740/tools/bin/../lib/gcc/arm-none-eabi/14.3.1/../../../../arm-none-eabi/lib/thumb/v7e-m+fp/hard\libc_nano.a(libc_a-signalr.o)
                0x0800d694                _getpid_r
 .text.__swhatbuf_r
                0x0800d698       0x48 E:/Outpost Vault/Outpost Door/Outpost downloads/STMCubeIDE/Cube/STM32CubeIDE/plugins/com.st.stm32cube.ide.mcu.externaltools.gnu-tools-for-stm32.14.3.rel1.win32_1.0.100.202602081740/tools/bin/../lib/gcc/arm-none-eabi/14.3.1/../../../../arm-none-eabi/lib/thumb/v7e-m+fp/hard\libc_nano.a(libc_a-makebuf.o)
                0x0800d698                __swhatbuf_r
 .text.__smakebuf_r
                0x0800d6e0       0x72 E:/Outpost Vault/Outpost Door/Outpost downloads/STMCubeIDE/Cube/STM32CubeIDE/plugins/com.st.stm32cube.ide.mcu.externaltools.gnu-tools-for-stm32.14.3.rel1.win32_1.0.100.202602081740/tools/bin/../lib/gcc/arm-none-eabi/14.3.1/../../../../arm-none-eabi/lib/thumb/v7e-m+fp/hard\libc_nano.a(libc_a-makebuf.o)
                0x0800d6e0                __smakebuf_r
 *fill*         0x0800d752        0x2 
 .text._fstat_r
                0x0800d754       0x24 E:/Outpost Vault/Outpost Door/Outpost downloads/STMCubeIDE/Cube/STM32CubeIDE/plugins/com.st.stm32cube.ide.mcu.externaltools.gnu-tools-for-stm32.14.3.rel1.win32_1.0.100.202602081740/tools/bin/../lib/gcc/arm-none-eabi/14.3.1/../../../../arm-none-eabi/lib/thumb/v7e-m+fp/hard\libc_nano.a(libc_a-fstatr.o)
                0x0800d754                _fstat_r
 .text._isatty_r
                0x0800d778       0x20 E:/Outpost Vault/Outpost Door/Outpost downloads/STMCubeIDE/Cube/STM32CubeIDE/plugins/com.st.stm32cube.ide.mcu.externaltools.gnu-tools-for-stm32.14.3.rel1.win32_1.0.100.202602081740/tools/bin/../lib/gcc/arm-none-eabi/14.3.1/../../../../arm-none-eabi/lib/thumb/v7e-m+fp/hard\libc_nano.a(libc_a-isattyr.o)
                0x0800d778                _isatty_r
 *(.glue_7)
 .glue_7        0x0800d798        0x0 linker stubs
 *(.glue_7t)
 .glue_7t       0x0800d798        0x0 linker stubs
 *(.eh_frame)
 .eh_frame      0x0800d798        0x0 E:/Outpost Vault/Outpost Door/Outpost downloads/STMCubeIDE/Cube/STM32CubeIDE/plugins/com.st.stm32cube.ide.mcu.externaltools.gnu-tools-for-stm32.14.3.rel1.win32_1.0.100.202602081740/tools/bin/../lib/gcc/arm-none-eabi/14.3.1/thumb/v7e-m+fp/hard/crtbegin.o
 *(.init)
 .init          0x0800d798        0x4 E:/Outpost Vault/Outpost Door/Outpost downloads/STMCubeIDE/Cube/STM32CubeIDE/plugins/com.st.stm32cube.ide.mcu.externaltools.gnu-tools-for-stm32.14.3.rel1.win32_1.0.100.202602081740/tools/bin/../lib/gcc/arm-none-eabi/14.3.1/thumb/v7e-m+fp/hard/crti.o
                0x0800d798                _init
 .init          0x0800d79c        0x8 E:/Outpost Vault/Outpost Door/Outpost downloads/STMCubeIDE/Cube/STM32CubeIDE/plugins/com.st.stm32cube.ide.mcu.externaltools.gnu-tools-for-stm32.14.3.rel1.win32_1.0.100.202602081740/tools/bin/../lib/gcc/arm-none-eabi/14.3.1/thumb/v7e-m+fp/hard/crtn.o
 *(.fini)
 .fini          0x0800d7a4        0x4 E:/Outpost Vault/Outpost Door/Outpost downloads/STMCubeIDE/Cube/STM32CubeIDE/plugins/com.st.stm32cube.ide.mcu.externaltools.gnu-tools-for-stm32.14.3.rel1.win32_1.0.100.202602081740/tools/bin/../lib/gcc/arm-none-eabi/14.3.1/thumb/v7e-m+fp/hard/crti.o
                0x0800d7a4                _fini
 .fini          0x0800d7a8        0x8 E:/Outpost Vault/Outpost Door/Outpost downloads/STMCubeIDE/Cube/STM32CubeIDE/plugins/com.st.stm32cube.ide.mcu.externaltools.gnu-tools-for-stm32.14.3.rel1.win32_1.0.100.202602081740/tools/bin/../lib/gcc/arm-none-eabi/14.3.1/thumb/v7e-m+fp/hard/crtn.o
                0x0800d7b0                        . = ALIGN (0x4)
                0x0800d7b0                        _etext = .

.vfp11_veneer   0x0800d7b0        0x0
 .vfp11_veneer  0x0800d7b0        0x0 linker stubs

.v4_bx          0x0800d7b0        0x0
 .v4_bx         0x0800d7b0        0x0 linker stubs

.iplt           0x0800d7b0        0x0
 .iplt          0x0800d7b0        0x0 E:/Outpost Vault/Outpost Door/Outpost downloads/STMCubeIDE/Cube/STM32CubeIDE/plugins/com.st.stm32cube.ide.mcu.externaltools.gnu-tools-for-stm32.14.3.rel1.win32_1.0.100.202602081740/tools/bin/../lib/gcc/arm-none-eabi/14.3.1/thumb/v7e-m+fp/hard/crtbegin.o

.rodata         0x0800d7b0      0x48c
                0x0800d7b0                        . = ALIGN (0x4)
 *(.rodata)
 .rodata        0x0800d7b0       0x56 ./Core/Src/main.o
 *fill*         0x0800d806        0x2 
 .rodata        0x0800d808        0x5 ./Middlewares/Third_Party/FreeRTOS/Source/tasks.o
 *fill*         0x0800d80d        0x3 
 .rodata        0x0800d810        0xd ./Middlewares/Third_Party/FreeRTOS/Source/timers.o
 *(.rodata*)
 *fill*         0x0800d81d        0x3 
 .rodata.Task1_attributes
                0x0800d820       0x24 ./Core/Src/main.o
                0x0800d820                Task1_attributes
 .rodata.Task2_attributes
                0x0800d844       0x24 ./Core/Src/main.o
                0x0800d844                Task2_attributes
 .rodata.Task3_attributes
                0x0800d868       0x24 ./Core/Src/main.o
                0x0800d868                Task3_attributes
 .rodata.FreqQueue_attributes
                0x0800d88c       0x18 ./Core/Src/main.o
                0x0800d88c                FreqQueue_attributes
 .rodata.AHBPrescTable
                0x0800d8a4       0x10 ./Core/Src/system_stm32f4xx.o
                0x0800d8a4                AHBPrescTable
 .rodata.APBPrescTable
                0x0800d8b4        0x8 ./Core/Src/system_stm32f4xx.o
                0x0800d8b4                APBPrescTable
 .rodata.flagBitshiftOffset.0
                0x0800d8bc        0x8 ./Drivers/STM32F4xx_HAL_Driver/Src/stm32f4xx_hal_dma.o
 .rodata._printf_float.str1.1
                0x0800d8c4      0x171 E:/Outpost Vault/Outpost Door/Outpost downloads/STMCubeIDE/Cube/STM32CubeIDE/plugins/com.st.stm32cube.ide.mcu.externaltools.gnu-tools-for-stm32.14.3.rel1.win32_1.0.100.202602081740/tools/bin/../lib/gcc/arm-none-eabi/14.3.1/../../../../arm-none-eabi/lib/thumb/v7e-m+fp/hard\libc_nano.a(libc_a-nano-vfprintf_float.o)
                                 0x12 (size before relaxing)
 .rodata._printf_i.str1.1
                0x0800da35       0x22 E:/Outpost Vault/Outpost Door/Outpost downloads/STMCubeIDE/Cube/STM32CubeIDE/plugins/com.st.stm32cube.ide.mcu.externaltools.gnu-tools-for-stm32.14.3.rel1.win32_1.0.100.202602081740/tools/bin/../lib/gcc/arm-none-eabi/14.3.1/../../../../arm-none-eabi/lib/thumb/v7e-m+fp/hard\libc_nano.a(libc_a-nano-vfprintf_i.o)
 .rodata._dtoa_r.str1.1
                0x0800da35       0x8f E:/Outpost Vault/Outpost Door/Outpost downloads/STMCubeIDE/Cube/STM32CubeIDE/plugins/com.st.stm32cube.ide.mcu.externaltools.gnu-tools-for-stm32.14.3.rel1.win32_1.0.100.202602081740/tools/bin/../lib/gcc/arm-none-eabi/14.3.1/../../../../arm-none-eabi/lib/thumb/v7e-m+fp/hard\libc_nano.a(libc_a-dtoa.o)
 .rodata._Balloc.str1.1
                0x0800da35       0x70 E:/Outpost Vault/Outpost Door/Outpost downloads/STMCubeIDE/Cube/STM32CubeIDE/plugins/com.st.stm32cube.ide.mcu.externaltools.gnu-tools-for-stm32.14.3.rel1.win32_1.0.100.202602081740/tools/bin/../lib/gcc/arm-none-eabi/14.3.1/../../../../arm-none-eabi/lib/thumb/v7e-m+fp/hard\libc_nano.a(libc_a-mprec.o)
 .rodata.__multadd.str1.1
                0x0800da35       0x11 E:/Outpost Vault/Outpost Door/Outpost downloads/STMCubeIDE/Cube/STM32CubeIDE/plugins/com.st.stm32cube.ide.mcu.externaltools.gnu-tools-for-stm32.14.3.rel1.win32_1.0.100.202602081740/tools/bin/../lib/gcc/arm-none-eabi/14.3.1/../../../../arm-none-eabi/lib/thumb/v7e-m+fp/hard\libc_nano.a(libc_a-mprec.o)
 *fill*         0x0800da35        0x3 
 .rodata.p05.0  0x0800da38        0xc E:/Outpost Vault/Outpost Door/Outpost downloads/STMCubeIDE/Cube/STM32CubeIDE/plugins/com.st.stm32cube.ide.mcu.externaltools.gnu-tools-for-stm32.14.3.rel1.win32_1.0.100.202602081740/tools/bin/../lib/gcc/arm-none-eabi/14.3.1/../../../../arm-none-eabi/lib/thumb/v7e-m+fp/hard\libc_nano.a(libc_a-mprec.o)
 *fill*         0x0800da44        0x4 
 .rodata.__mprec_bigtens
                0x0800da48       0x28 E:/Outpost Vault/Outpost Door/Outpost downloads/STMCubeIDE/Cube/STM32CubeIDE/plugins/com.st.stm32cube.ide.mcu.externaltools.gnu-tools-for-stm32.14.3.rel1.win32_1.0.100.202602081740/tools/bin/../lib/gcc/arm-none-eabi/14.3.1/../../../../arm-none-eabi/lib/thumb/v7e-m+fp/hard\libc_nano.a(libc_a-mprec.o)
                0x0800da48                __mprec_bigtens
 .rodata.__mprec_tens
                0x0800da70       0xc8 E:/Outpost Vault/Outpost Door/Outpost downloads/STMCubeIDE/Cube/STM32CubeIDE/plugins/com.st.stm32cube.ide.mcu.externaltools.gnu-tools-for-stm32.14.3.rel1.win32_1.0.100.202602081740/tools/bin/../lib/gcc/arm-none-eabi/14.3.1/../../../../arm-none-eabi/lib/thumb/v7e-m+fp/hard\libc_nano.a(libc_a-mprec.o)
                0x0800da70                __mprec_tens
 .rodata._svfprintf_r.str1.1
                0x0800db38       0x11 E:/Outpost Vault/Outpost Door/Outpost downloads/STMCubeIDE/Cube/STM32CubeIDE/plugins/com.st.stm32cube.ide.mcu.externaltools.gnu-tools-for-stm32.14.3.rel1.win32_1.0.100.202602081740/tools/bin/../lib/gcc/arm-none-eabi/14.3.1/../../../../arm-none-eabi/lib/thumb/v7e-m+fp/hard\libc_nano.a(libc_a-nano-svfprintf.o)
 .rodata._setlocale_r.str1.1
                0x0800db38        0x9 E:/Outpost Vault/Outpost Door/Outpost downloads/STMCubeIDE/Cube/STM32CubeIDE/plugins/com.st.stm32cube.ide.mcu.externaltools.gnu-tools-for-stm32.14.3.rel1.win32_1.0.100.202602081740/tools/bin/../lib/gcc/arm-none-eabi/14.3.1/../../../../arm-none-eabi/lib/thumb/v7e-m+fp/hard\libc_nano.a(libc_a-locale.o)
 .rodata.str1.1
                0x0800db38        0x2 E:/Outpost Vault/Outpost Door/Outpost downloads/STMCubeIDE/Cube/STM32CubeIDE/plugins/com.st.stm32cube.ide.mcu.externaltools.gnu-tools-for-stm32.14.3.rel1.win32_1.0.100.202602081740/tools/bin/../lib/gcc/arm-none-eabi/14.3.1/../../../../arm-none-eabi/lib/thumb/v7e-m+fp/hard\libc_nano.a(libc_a-locale.o)
 .rodata.__assert_func.str1.1