Archive member included to satisfy reference by file (symbol)

E:/Outpost Vault/Outpost Door/Outpost downloads/STMCubeIDE/Cube/STM32CubeIDE/plugins/com.st.stm32cube.ide.mcu.externaltools.gnu-tools-for-stm32.14.3.rel1.win32_1.0.100.202602081740/tools/bin/../lib/gcc/arm-none-eabi/14.3.1/../../../../arm-none-eabi/lib/thumb/v7e-m+fp/hard\libc_nano.a(libc_a-exit.o)
                              E:/Outpost Vault/Outpost Door/Outpost downloads/STMCubeIDE/Cube/STM32CubeIDE/plugins/com.st.stm32cube.ide.mcu.externaltools.gnu-tools-for-stm32.14.3.rel1.win32_1.0.100.202602081740/tools/bin/../lib/gcc/arm-none-eabi/14.3.1/../../../../arm-none-eabi/lib/thumb/v7e-m+fp/hard/crt0.o (exit)
E:/Outpost Vault/Outpost Door/Outpost downloads/STMCubeIDE/Cube/STM32CubeIDE/plugins/com.st.stm32cube.ide.mcu.externaltools.gnu-tools-for-stm32.14.3.rel1.win32_1.0.100.202602081740/tools/bin/../lib/gcc/arm-none-eabi/14.3.1/../../../../arm-none-eabi/lib/thumb/v7e-m+fp/hard\libc_nano.a(libc_a-findfp.o)
                              ./Middlewares/Third_Party/FreeRTOS/Source/tasks.o (__sf)
E:/Outpost Vault/Outpost Door/Outpost downloads/STMCubeIDE/Cube/STM32CubeIDE/plugins/com.st.stm32cube.ide.mcu.externaltools.gnu-tools-for-stm32.14.3.rel1.win32_1.0.100.202602081740/tools/bin/../lib/gcc/arm-none-eabi/14.3.1/../../../../arm-none-eabi/lib/thumb/v7e-m+fp/hard\libc_nano.a(libc_a-fwalk.o)
                              E:/Outpost Vault/Outpost Door/Outpost downloads/STMCubeIDE/Cube/STM32CubeIDE/plugins/com.st.stm32cube.ide.mcu.externaltools.gnu-tools-for-stm32.14.3.rel1.win32_1.0.100.202602081740/tools/bin/../lib/gcc/arm-none-eabi/14.3.1/../../../../arm-none-eabi/lib/thumb/v7e-m+fp/hard\libc_nano.a(libc_a-findfp.o) (_fwalk_sglue)
E:/Outpost Vault/Outpost Door/Outpost downloads/STMCubeIDE/Cube/STM32CubeIDE/plugins/com.st.stm32cube.ide.mcu.externaltools.gnu-tools-for-stm32.14.3.rel1.win32_1.0.100.202602081740/tools/bin/../lib/gcc/arm-none-eabi/14.3.1/../../../../arm-none-eabi/lib/thumb/v7e-m+fp/hard\libc_nano.a(libc_a-stdio.o)
                              E:/Outpost Vault/Outpost Door/Outpost downloads/STMCubeIDE/Cube/STM32CubeIDE/plugins/com.st.stm32cube.ide.mcu.externaltools.gnu-tools-for-stm32.14.3.rel1.win32_1.0.100.202602081740/tools/bin/../lib/gcc/arm-none-eabi/14.3.1/../../../../arm-none-eabi/lib/thumb/v7e-m+fp/hard\libc_nano.a(libc_a-findfp.o) (__sread)
E:/Outpost Vault/Outpost Door/Outpost downloads/STMCubeIDE/Cube/STM32CubeIDE/plugins/com.st.stm32cube.ide.mcu.externaltools.gnu-tools-for-stm32.14.3.rel1.win32_1.0.100.202602081740/tools/bin/../lib/gcc/arm-none-eabi/14.3.1/../../../../arm-none-eabi/lib/thumb/v7e-m+fp/hard\libc_nano.a(libc_a-memset.o)
                              E:/Outpost Vault/Outpost Door/Outpost downloads/STMCubeIDE/Cube/STM32CubeIDE/plugins/com.st.stm32cube.ide.mcu.externaltools.gnu-tools-for-stm32.14.3.rel1.win32_1.0.100.202602081740/tools/bin/../lib/gcc/arm-none-eabi/14.3.1/../../../../arm-none-eabi/lib/thumb/v7e-m+fp/hard/crt0.o (memset)
E:/Outpost Vault/Outpost Door/Outpost downloads/STMCubeIDE/Cube/STM32CubeIDE/plugins/com.st.stm32cube.ide.mcu.externaltools.gnu-tools-for-stm32.14.3.rel1.win32_1.0.100.202602081740/tools/bin/../lib/gcc/arm-none-eabi/14.3.1/../../../../arm-none-eabi/lib/thumb/v7e-m+fp/hard\libc_nano.a(libc_a-closer.o)
                              E:/Outpost Vault/Outpost Door/Outpost downloads/STMCubeIDE/Cube/STM32CubeIDE/plugins/com.st.stm32cube.ide.mcu.externaltools.gnu-tools-for-stm32.14.3.rel1.win32_1.0.100.202602081740/tools/bin/../lib/gcc/arm-none-eabi/14.3.1/../../../../arm-none-eabi/lib/thumb/v7e-m+fp/hard\libc_nano.a(libc_a-stdio.o) (_close_r)
E:/Outpost Vault/Outpost Door/Outpost downloads/STMCubeIDE/Cube/STM32CubeIDE/plugins/com.st.stm32cube.ide.mcu.externaltools.gnu-tools-for-stm32.14.3.rel1.win32_1.0.100.202602081740/tools/bin/../lib/gcc/arm-none-eabi/14.3.1/../../../../arm-none-eabi/lib/thumb/v7e-m+fp/hard\libc_nano.a(libc_a-reent.o)
                              ./Middlewares/Third_Party/FreeRTOS/Source/tasks.o (_reclaim_reent)
E:/Outpost Vault/Outpost Door/Outpost downloads/STMCubeIDE/Cube/STM32CubeIDE/plugins/com.st.stm32cube.ide.mcu.externaltools.gnu-tools-for-stm32.14.3.rel1.win32_1.0.100.202602081740/tools/bin/../lib/gcc/arm-none-eabi/14.3.1/../../../../arm-none-eabi/lib/thumb/v7e-m+fp/hard\libc_nano.a(libc_a-impure.o)
                              ./Middlewares/Third_Party/FreeRTOS/Source/tasks.o (_impure_ptr)
E:/Outpost Vault/Outpost Door/Outpost downloads/STMCubeIDE/Cube/STM32CubeIDE/plugins/com.st.stm32cube.ide.mcu.externaltools.gnu-tools-for-stm32.14.3.rel1.win32_1.0.100.202602081740/tools/bin/../lib/gcc/arm-none-eabi/14.3.1/../../../../arm-none-eabi/lib/thumb/v7e-m+fp/hard\libc_nano.a(libc_a-lseekr.o)
[...]
Memory Configuration

Name             Origin             Length             Attributes
RAM              0x20000000         0x00020000         xrw
FLASH            0x08000000         0x00080000         xr
*default*        0x00000000         0xffffffff

Linker script and memory map

LOAD E:/Outpost Vault/Outpost Door/Outpost downloads/STMCubeIDE/Cube/STM32CubeIDE/plugins/com.st.stm32cube.ide.mcu.externaltools.gnu-tools-for-stm32.14.3.rel1.win32_1.0.100.202602081740/tools/bin/../lib/gcc/arm-none-eabi/14.3.1/thumb/v7e-m+fp/hard/crti.o
LOAD E:/Outpost Vault/Outpost Door/Outpost downloads/STMCubeIDE/Cube/STM32CubeIDE/plugins/com.st.stm32cube.ide.mcu.externaltools.gnu-tools-for-stm32.14.3.rel1.win32_1.0.100.202602081740/tools/bin/../lib/gcc/arm-none-eabi/14.3.1/thumb/v7e-m+fp/hard/crtbegin.o
LOAD E:/Outpost Vault/Outpost Door/Outpost downloads/STMCubeIDE/Cube/STM32CubeIDE/plugins/com.st.stm32cube.ide.mcu.externaltools.gnu-tools-for-stm32.14.3.rel1.win32_1.0.100.202602081740/tools/bin/../lib/gcc/arm-none-eabi/14.3.1/../../../../arm-none-eabi/lib/thumb/v7e-m+fp/hard/crt0.o
LOAD ./Core/Src/freertos.o
LOAD ./Core/Src/main.o
LOAD ./Core/Src/stm32f4xx_hal_msp.o
LOAD ./Core/Src/stm32f4xx_hal_timebase_tim.o
LOAD ./Core/Src/stm32f4xx_it.o
LOAD ./Core/Src/syscalls.o
LOAD ./Core/Src/sysmem.o
LOAD ./Core/Src/system_stm32f4xx.o
LOAD ./Core/Startup/startup_stm32f446retx.o
LOAD ./Drivers/STM32F4xx_HAL_Driver/Src/stm32f4xx_hal.o
LOAD ./Drivers/STM32F4xx_HAL_Driver/Src/stm32f4xx_hal_cortex.o
LOAD ./Drivers/STM32F4xx_HAL_Driver/Src/stm32f4xx_hal_dac.o
LOAD ./Drivers/STM32F4xx_HAL_Driver/Src/stm32f4xx_hal_dac_ex.o
LOAD ./Drivers/STM32F4xx_HAL_Driver/Src/stm32f4xx_hal_dma.o
LOAD ./Drivers/STM32F4xx_HAL_Driver/Src/stm32f4xx_hal_dma_ex.o
LOAD ./Drivers/STM32F4xx_HAL_Driver/Src/stm32f4xx_hal_exti.o
LOAD ./Drivers/STM32F4xx_HAL_Driver/Src/stm32f4xx_hal_flash.o
LOAD ./Drivers/STM32F4xx_HAL_Driver/Src/stm32f4xx_hal_flash_ex.o
LOAD ./Drivers/STM32F4xx_HAL_Driver/Src/stm32f4xx_hal_flash_ramfunc.o
LOAD ./Drivers/STM32F4xx_HAL_Driver/Src/stm32f4xx_hal_gpio.o
LOAD ./Drivers/STM32F4xx_HAL_Driver/Src/stm32f4xx_hal_pwr.o
LOAD ./Drivers/STM32F4xx_HAL_Driver/Src/stm32f4xx_hal_pwr_ex.o
LOAD ./Drivers/STM32F4xx_HAL_Driver/Src/stm32f4xx_hal_rcc.o
LOAD ./Drivers/STM32F4xx_HAL_Driver/Src/stm32f4xx_hal_rcc_ex.o
LOAD ./Drivers/STM32F4xx_HAL_Driver/Src/stm32f4xx_hal_tim.o
LOAD ./Drivers/STM32F4xx_HAL_Driver/Src/stm32f4xx_hal_tim_ex.o
LOAD ./Drivers/STM32F4xx_HAL_Driver/Src/stm32f4xx_hal_uart.o
LOAD ./Middlewares/Third_Party/FreeRTOS/Source/CMSIS_RTOS_V2/cmsis_os2.o
LOAD ./Middlewares/Third_Party/FreeRTOS/Source/croutine.o
LOAD ./Middlewares/Third_Party/FreeRTOS/Source/event_groups.o
LOAD ./Middlewares/Third_Party/FreeRTOS/Source/list.o
LOAD ./Middlewares/Third_Party/FreeRTOS/Source/queue.o
LOAD ./Middlewares/Third_Party/FreeRTOS/Source/stream_buffer.o
LOAD ./Middlewares/Third_Party/FreeRTOS/Source/tasks.o
LOAD ./Middlewares/Third_Party/FreeRTOS/Source/timers.o
LOAD ./Middlewares/Third_Party/FreeRTOS/Source/portable/GCC/ARM_CM4F/port.o
LOAD ./Middlewares/Third_Party/FreeRTOS/Source/portable/MemMang/heap_4.o
START GROUP
LOAD E:/Outpost Vault/Outpost Door/Outpost downloads/STMCubeIDE/Cube/STM32CubeIDE/plugins/com.st.stm32cube.ide.mcu.externaltools.gnu-tools-for-stm32.14.3.rel1.win32_1.0.100.202602081740/tools/bin/../lib/gcc/arm-none-eabi/14.3.1/../../../../arm-none-eabi/lib/thumb/v7e-m+fp/hard\libc_nano.a
LOAD E:/Outpost Vault/Outpost Door/Outpost downloads/STMCubeIDE/Cube/STM32CubeIDE/plugins/com.st.stm32cube.ide.mcu.externaltools.gnu-tools-for-stm32.14.3.rel1.win32_1.0.100.202602081740/tools/bin/../lib/gcc/arm-none-eabi/14.3.1/../../../../arm-none-eabi/lib/thumb/v7e-m+fp/hard\libm.a
END GROUP
START GROUP
LOAD E:/Outpost Vault/Outpost Door/Outpost downloads/STMCubeIDE/Cube/STM32CubeIDE/plugins/com.st.stm32cube.ide.mcu.externaltools.gnu-tools-for-stm32.14.3.rel1.win32_1.0.100.202602081740/tools/bin/../lib/gcc/arm-none-eabi/14.3.1/thumb/v7e-m+fp/hard\libgcc.a
LOAD E:/Outpost Vault/Outpost Door/Outpost downloads/STMCubeIDE/Cube/STM32CubeIDE/plugins/com.st.stm32cube.ide.mcu.externaltools.gnu-tools-for-stm32.14.3.rel1.win32_1.0.100.202602081740/tools/bin/../lib/gcc/arm-none-eabi/14.3.1/../../../../arm-none-eabi/lib/thumb/v7e-m+fp/hard\libc_nano.a
END GROUP
START GROUP
LOAD E:/Outpost Vault/Outpost Door/Outpost downloads/STMCubeIDE/Cube/STM32CubeIDE/plugins/com.st.stm32cube.ide.mcu.externaltools.gnu-tools-for-stm32.14.3.rel1.win32_1.0.100.202602081740/tools/bin/../lib/gcc/arm-none-eabi/14.3.1/thumb/v7e-m+fp/hard\libgcc.a
LOAD E:/Outpost Vault/Outpost Door/Outpost downloads/STMCubeIDE/Cube/STM32CubeIDE/plugins/com.st.stm32cube.ide.mcu.externaltools.gnu-tools-for-stm32.14.3.rel1.win32_1.0.100.202602081740/tools/bin/../lib/gcc/arm-none-eabi/14.3.1/../../../../arm-none-eabi/lib/thumb/v7e-m+fp/hard\libc_nano.a
LOAD E:/Outpost Vault/Outpost Door/Outpost downloads/STMCubeIDE/Cube/STM32CubeIDE/plugins/com.st.stm32cube.ide.mcu.externaltools.gnu-tools-for-stm32.14.3.rel1.win32_1.0.100.202602081740/tools/bin/../lib/gcc/arm-none-eabi/14.3.1/../../../../arm-none-eabi/lib/thumb/v7e-m+fp/hard\libnosys.a
END GROUP
START GROUP
LOAD E:/Outpost Vault/Outpost Door/Outpost downloads/STMCubeIDE/Cube/STM32CubeIDE/plugins/com.st.stm32cube.ide.mcu.externaltools.gnu-tools-for-stm32.14.3.rel1.win32_1.0.100.202602081740/tools/bin/../lib/gcc/arm-none-eabi/14.3.1/thumb/v7e-m+fp/hard\libgcc.a
LOAD E:/Outpost Vault/Outpost Door/Outpost downloads/STMCubeIDE/Cube/STM32CubeIDE/plugins/com.st.stm32cube.ide.mcu.externaltools.gnu-tools-for-stm32.14.3.rel1.win32_1.0.100.202602081740/tools/bin/../lib/gcc/arm-none-eabi/14.3.1/../../../../arm-none-eabi/lib/thumb/v7e-m+fp/hard\libc_nano.a
LOAD E:/Outpost Vault/Outpost Door/Outpost downloads/STMCubeIDE/Cube/STM32CubeIDE/plugins/com.st.stm32cube.ide.mcu.externaltools.gnu-tools-for-stm32.14.3.rel1.win32_1.0.100.202602081740/tools/bin/../lib/gcc/arm-none-eabi/14.3.1/../../../../arm-none-eabi/lib/thumb/v7e-m+fp/hard\libnosys.a
END GROUP
LOAD E:/Outpost Vault/Outpost Door/Outpost downloads/STMCubeIDE/Cube/STM32CubeIDE/plugins/com.st.stm32cube.ide.mcu.externaltools.gnu-tools-for-stm32.14.3.rel1.win32_1.0.100.202602081740/tools/bin/../lib/gcc/arm-none-eabi/14.3.1/thumb/v7e-m+fp/hard/crtend.o
LOAD E:/Outpost Vault/Outpost Door/Outpost downloads/STMCubeIDE/Cube/STM32CubeIDE/plugins/com.st.stm32cube.ide.mcu.externaltools.gnu-tools-for-stm32.14.3.rel1.win32_1.0.100.202602081740/tools/bin/../lib/gcc/arm-none-eabi/14.3.1/thumb/v7e-m+fp/hard/crtn.o
                0x20020000                        _estack = (ORIGIN (RAM) + LENGTH (RAM))
                0x00000200                        _Min_Heap_Size = 0x200
                0x00000400                        _Min_Stack_Size = 0x400

.isr_vector     0x08000000      0x1c4
                0x08000000                        . = ALIGN (0x4)
 *(.isr_vector)
 .isr_vector    0x08000000      0x1c4 ./Core/Startup/startup_stm32f446retx.o
                0x08000000                g_pfnVectors
                0x080001c4                        . = ALIGN (0x4)

.text           0x080001d0     0x7400
                0x080001d0                        . = ALIGN (0x4)
 *(.text)
 .text          0x080001d0       0x40 E:/Outpost Vault/Outpost Door/Outpost downloads/STMCubeIDE/Cube/STM32CubeIDE/plugins/com.st.stm32cube.ide.mcu.externaltools.gnu-tools-for-stm32.14.3.rel1.win32_1.0.100.202602081740/tools/bin/../lib/gcc/arm-none-eabi/14.3.1/thumb/v7e-m+fp/hard/crtbegin.o
 .text          0x08000210       0x14 E:/Outpost Vault/Outpost Door/Outpost downloads/STMCubeIDE/Cube/STM32CubeIDE/plugins/com.st.stm32cube.ide.mcu.externaltools.gnu-tools-for-stm32.14.3.rel1.win32_1.0.100.202602081740/tools/bin/../lib/gcc/arm-none-eabi/14.3.1/../../../../arm-none-eabi/lib/thumb/v7e-m+fp/hard\libc_nano.a(libc_a-strcmp.o)
                0x08000210                strcmp
 .text          0x08000224       0x30 E:/Outpost Vault/Outpost Door/Outpost downloads/STMCubeIDE/Cube/STM32CubeIDE/plugins/com.st.stm32cube.ide.mcu.externaltools.gnu-tools-for-stm32.14.3.rel1.win32_1.0.100.202602081740/tools/bin/../lib/gcc/arm-none-eabi/14.3.1/thumb/v7e-m+fp/hard\libgcc.a(_aeabi_uldivmod.o)
                0x08000224                __aeabi_uldivmod
 .text          0x08000254      0x2f8 E:/Outpost Vault/Outpost Door/Outpost downloads/STMCubeIDE/Cube/STM32CubeIDE/plugins/com.st.stm32cube.ide.mcu.externaltools.gnu-tools-for-stm32.14.3.rel1.win32_1.0.100.202602081740/tools/bin/../lib/gcc/arm-none-eabi/14.3.1/thumb/v7e-m+fp/hard\libgcc.a(_udivmoddi4.o)
                0x08000254                __udivmoddi4
 .text          0x0800054c        0x4 E:/Outpost Vault/Outpost Door/Outpost downloads/STMCubeIDE/Cube/STM32CubeIDE/plugins/com.st.stm32cube.ide.mcu.externaltools.gnu-tools-for-stm32.14.3.rel1.win32_1.0.100.202602081740/tools/bin/../lib/gcc/arm-none-eabi/14.3.1/thumb/v7e-m+fp/hard\libgcc.a(_dvmd_tls.o)
                0x0800054c                __aeabi_idiv0
                0x0800054c                __aeabi_ldiv0
 *(.text*)
 .text.HAL_UARTEx_RxEventCallback
                0x08000550       0x48 ./Core/Src/main.o
                0x08000550                HAL_UARTEx_RxEventCallback
 .text.main     0x08000598       0xa4 ./Core/Src/main.o
                0x08000598                main
 .text.SystemClock_Config
                0x0800063c       0xdc ./Core/Src/main.o
                0x0800063c                SystemClock_Config
 .text.MX_DAC_Init
                0x08000718       0x54 ./Core/Src/main.o
 .text.MX_TIM2_Init
                0x0800076c       0x9c ./Core/Src/main.o
 .text.MX_USART2_UART_Init
                0x08000808       0x54 ./Core/Src/main.o
 .text.MX_DMA_Init
                0x0800085c       0x40 ./Core/Src/main.o
 .text.MX_GPIO_Init
                0x0800089c       0xb4 ./Core/Src/main.o
 .text.StartTask1
                0x08000950       0x60 ./Core/Src/main.o
                0x08000950                StartTask1
 .text.StartTask2
                0x080009b0       0x40 ./Core/Src/main.o
                0x080009b0                StartTask2
 .text.StartTask3
                0x080009f0       0x10 ./Core/Src/main.o
                0x080009f0                StartTask3
 .text.HAL_TIM_PeriodElapsedCallback
                0x08000a00       0x24 ./Core/Src/main.o
                0x08000a00                HAL_TIM_PeriodElapsedCallback
 .text.Error_Handler
                0x08000a24        0xc ./Core/Src/main.o
                0x08000a24                Error_Handler
 .text.HAL_MspInit
                0x08000a30       0x58 ./Core/Src/stm32f4xx_hal_msp.o
                0x08000a30                HAL_MspInit
 .text.HAL_DAC_MspInit
                0x08000a88      0x104 ./Core/Src/stm32f4xx_hal_msp.o
                0x08000a88                HAL_DAC_MspInit
 .text.HAL_TIM_Base_MspInit
                0x08000b8c       0x40 ./Core/Src/stm32f4xx_hal_msp.o
                0x08000b8c                HAL_TIM_Base_MspInit
 .text.HAL_UART_MspInit
                0x08000bcc       0xa0 ./Core/Src/stm32f4xx_hal_msp.o
                0x08000bcc                HAL_UART_MspInit
 .text.HAL_InitTick
                0x08000c6c       0xf8 ./Core/Src/stm32f4xx_hal_timebase_tim.o
                0x08000c6c                HAL_InitTick
 .text.NMI_Handler
                0x08000d64        0x8 ./Core/Src/stm32f4xx_it.o
                0x08000d64                NMI_Handler
 .text.HardFault_Handler
                0x08000d6c        0x8 ./Core/Src/stm32f4xx_it.o
                0x08000d6c                HardFault_Handler
 .text.MemManage_Handler
                0x08000d74        0x8 ./Core/Src/stm32f4xx_it.o
                0x08000d74                MemManage_Handler
 .text.BusFault_Handler
                0x08000d7c        0x8 ./Core/Src/stm32f4xx_it.o
                0x08000d7c                BusFault_Handler
 .text.UsageFault_Handler
                0x08000d84        0x8 ./Core/Src/stm32f4xx_it.o
                0x08000d84                UsageFault_Handler
 .text.DebugMon_Handler
                0x08000d8c        0xe ./Core/Src/stm32f4xx_it.o
                0x08000d8c                DebugMon_Handler
 *fill*         0x08000d9a        0x2 
 .text.DMA1_Stream5_IRQHandler
                0x08000d9c       0x14 ./Core/Src/stm32f4xx_it.o
                0x08000d9c                DMA1_Stream5_IRQHandler
 .text.USART2_IRQHandler
                0x08000db0       0x14 ./Core/Src/stm32f4xx_it.o
                0x08000db0                USART2_IRQHandler
 .text.TIM6_DAC_IRQHandler
                0x08000dc4       0x28 ./Core/Src/stm32f4xx_it.o
                0x08000dc4                TIM6_DAC_IRQHandler
 .text.SystemInit
                0x08000dec       0x24 ./Core/Src/system_stm32f4xx.o
                0x08000dec                SystemInit
 .text.Reset_Handler
                0x08000e10       0x50 ./Core/Startup/startup_stm32f446retx.o
                0x08000e10                Reset_Handler
 .text.Default_Handler
                0x08000e60        0x2 ./Core/Startup/startup_stm32f446retx.o
                0x08000e60                RTC_Alarm_IRQHandler
                0x08000e60                EXTI2_IRQHandler
                0x08000e60                TIM8_CC_IRQHandler
                0x08000e60                FMPI2C1_EV_IRQHandler
                0x08000e60                SPI4_IRQHandler
                0x08000e60                TIM1_CC_IRQHandler
                0x08000e60                DMA2_Stream5_IRQHandler
                0x08000e60                PVD_IRQHandler
                0x08000e60                SDIO_IRQHandler
                0x08000e60                TAMP_STAMP_IRQHandler
                0x08000e60                CAN2_RX1_IRQHandler
                0x08000e60                EXTI3_IRQHandler
                0x08000e60                TIM8_TRG_COM_TIM14_IRQHandler
                0x08000e60                TIM1_UP_TIM10_IRQHandler
                0x08000e60                TIM8_UP_TIM13_IRQHandler
                0x08000e60                I2C3_ER_IRQHandler
                0x08000e60                EXTI0_IRQHandler
                0x08000e60                I2C2_EV_IRQHandler
                0x08000e60                DMA1_Stream2_IRQHandler
                0x08000e60                CAN1_RX0_IRQHandler
                0x08000e60                FPU_IRQHandler
                0x08000e60                OTG_HS_WKUP_IRQHandler
                0x08000e60                CAN2_SCE_IRQHandler
                0x08000e60                DMA2_Stream2_IRQHandler
                0x08000e60                SPI1_IRQHandler
                0x08000e60                TIM1_BRK_TIM9_IRQHandler
                0x08000e60                DCMI_IRQHandler
                0x08000e60                CAN2_RX0_IRQHandler
                0x08000e60                DMA2_Stream3_IRQHandler
                0x08000e60                SAI2_IRQHandler
                0x08000e60                USART6_IRQHandler
                0x08000e60                USART3_IRQHandler
                0x08000e60                CAN1_RX1_IRQHandler
                0x08000e60                UART5_IRQHandler
                0x08000e60                DMA2_Stream0_IRQHandler
                0x08000e60                TIM4_IRQHandler
                0x08000e60                QUADSPI_IRQHandler
                0x08000e60                I2C1_EV_IRQHandler
                0x08000e60                DMA1_Stream6_IRQHandler
                0x08000e60                DMA1_Stream1_IRQHandler
                0x08000e60                UART4_IRQHandler
                0x08000e60                TIM3_IRQHandler
                0x08000e60                RCC_IRQHandler
                0x08000e60                TIM8_BRK_TIM12_IRQHandler
                0x08000e60                Default_Handler
                0x08000e60                CEC_IRQHandler
                0x08000e60                EXTI15_10_IRQHandler
                0x08000e60                ADC_IRQHandler
                0x08000e60                DMA1_Stream7_IRQHandler
                0x08000e60                TIM7_IRQHandler
                0x08000e60                CAN2_TX_IRQHandler
                0x08000e60                TIM5_IRQHandler
                0x08000e60                DMA2_Stream7_IRQHandler
                0x08000e60                I2C3_EV_IRQHandler
                0x08000e60                EXTI9_5_IRQHandler
                0x08000e60                RTC_WKUP_IRQHandler
                0x08000e60                SPDIF_RX_IRQHandler
                0x08000e60                SPI2_IRQHandler
                0x08000e60                OTG_HS_EP1_IN_IRQHandler
                0x08000e60                DMA1_Stream0_IRQHandler
                0x08000e60                CAN1_TX_IRQHandler
                0x08000e60                FMPI2C1_ER_IRQHandler
                0x08000e60                EXTI4_IRQHandler
                0x08000e60                OTG_HS_EP1_OUT_IRQHandler
                0x08000e60                WWDG_IRQHandler
                0x08000e60                TIM2_IRQHandler
                0x08000e60                OTG_FS_WKUP_IRQHandler
                0x08000e60                TIM1_TRG_COM_TIM11_IRQHandler
                0x08000e60                OTG_HS_IRQHandler
                0x08000e60                EXTI1_IRQHandler
                0x08000e60                I2C2_ER_IRQHandler
                0x08000e60                DMA2_Stream1_IRQHandler
                0x08000e60                CAN1_SCE_IRQHandler
                0x08000e60                FLASH_IRQHandler
                0x08000e60                DMA2_Stream4_IRQHandler
                0x08000e60                USART1_IRQHandler
                0x08000e60                OTG_FS_IRQHandler
                0x08000e60                SPI3_IRQHandler
                0x08000e60                DMA1_Stream4_IRQHandler
                0x08000e60                I2C1_ER_IRQHandler
                0x08000e60                FMC_IRQHandler
                0x08000e60                DMA2_Stream6_IRQHandler
                0x08000e60                SAI1_IRQHandler
                0x08000e60                DMA1_Stream3_IRQHandler
 *fill*         0x08000e62        0x2 
 .text.HAL_Init
                0x08000e64       0x44 ./Drivers/STM32F4xx_HAL_Driver/Src/stm32f4xx_hal.o
                0x08000e64                HAL_Init
 .text.HAL_IncTick
                0x08000ea8       0x28 ./Drivers/STM32F4xx_HAL_Driver/Src/stm32f4xx_hal.o
                0x08000ea8                HAL_IncTick
 .text.HAL_GetTick
                0x08000ed0       0x18 ./Drivers/STM32F4xx_HAL_Driver/Src/stm32f4xx_hal.o
                0x08000ed0                HAL_GetTick
 .text.__NVIC_SetPriorityGrouping
                0x08000ee8       0x48 ./Drivers/STM32F4xx_HAL_Driver/Src/stm32f4xx_hal_cortex.o
 .text.__NVIC_GetPriorityGrouping
                0x08000f30       0x1c ./Drivers/STM32F4xx_HAL_Driver/Src/stm32f4xx_hal_cortex.o
 .text.__NVIC_EnableIRQ
                0x08000f4c       0x3c ./Drivers/STM32F4xx_HAL_Driver/Src/stm32f4xx_hal_cortex.o
 .text.__NVIC_SetPriority
                0x08000f88       0x54 ./Drivers/STM32F4xx_HAL_Driver/Src/stm32f4xx_hal_cortex.o
 .text.NVIC_EncodePriority
                0x08000fdc       0x66 ./Drivers/STM32F4xx_HAL_Driver/Src/stm32f4xx_hal_cortex.o
 .text.HAL_NVIC_SetPriorityGrouping
                0x08001042       0x16 ./Drivers/STM32F4xx_HAL_Driver/Src/stm32f4xx_hal_cortex.o
                0x08001042                HAL_NVIC_SetPriorityGrouping
 .text.HAL_NVIC_SetPriority
                0x08001058       0x38 ./Drivers/STM32F4xx_HAL_Driver/Src/stm32f4xx_hal_cortex.o
                0x08001058                HAL_NVIC_SetPriority
 .text.HAL_NVIC_EnableIRQ
                0x08001090       0x1c ./Drivers/STM32F4xx_HAL_Driver/Src/stm32f4xx_hal_cortex.o
                0x08001090                HAL_NVIC_EnableIRQ
 .text.HAL_DAC_Init
                0x080010ac       0x44 ./Drivers/STM32F4xx_HAL_Driver/Src/stm32f4xx_hal_dac.o
                0x080010ac                HAL_DAC_Init
 .text.HAL_DAC_Start_DMA
                0x080010f0      0x180 ./Drivers/STM32F4xx_HAL_Driver/Src/stm32f4xx_hal_dac.o
                0x080010f0                HAL_DAC_Start_DMA
 .text.HAL_DAC_IRQHandler
                0x08001270       0xac ./Drivers/STM32F4xx_HAL_Driver/Src/stm32f4xx_hal_dac.o
                0x08001270                HAL_DAC_IRQHandler
 .text.HAL_DAC_SetValue
                0x0800131c       0x54 ./Drivers/STM32F4xx_HAL_Driver/Src/stm32f4xx_hal_dac.o
                0x0800131c                HAL_DAC_SetValue
 .text.HAL_DAC_ConvCpltCallbackCh1
                0x08001370       0x14 ./Drivers/STM32F4xx_HAL_Driver/Src/stm32f4xx_hal_dac.o
                0x08001370                HAL_DAC_ConvCpltCallbackCh1
 .text.HAL_DAC_ConvHalfCpltCallbackCh1
                0x08001384       0x14 ./Drivers/STM32F4xx_HAL_Driver/Src/stm32f4xx_hal_dac.o
                0x08001384                HAL_DAC_ConvHalfCpltCallbackCh1
 .text.HAL_DAC_ErrorCallbackCh1
                0x08001398       0x14 ./Drivers/STM32F4xx_HAL_Driver/Src/stm32f4xx_hal_dac.o
                0x08001398                HAL_DAC_ErrorCallbackCh1
 .text.HAL_DAC_DMAUnderrunCallbackCh1
                0x080013ac       0x14 ./Drivers/STM32F4xx_HAL_Driver/Src/stm32f4xx_hal_dac.o
                0x080013ac                HAL_DAC_DMAUnderrunCallbackCh1
 .text.HAL_DAC_ConfigChannel
                0x080013c0       0xb2 ./Drivers/STM32F4xx_HAL_Driver/Src/stm32f4xx_hal_dac.o
                0x080013c0                HAL_DAC_ConfigChannel
 .text.DAC_DMAConvCpltCh1
                0x08001472       0x22 ./Drivers/STM32F4xx_HAL_Driver/Src/stm32f4xx_hal_dac.o
                0x08001472                DAC_DMAConvCpltCh1
 .text.DAC_DMAHalfConvCpltCh1
                0x08001494       0x1c ./Drivers/STM32F4xx_HAL_Driver/Src/stm32f4xx_hal_dac.o
                0x08001494                DAC_DMAHalfConvCpltCh1
 .text.DAC_DMAErrorCh1
                0x080014b0       0x2e ./Drivers/STM32F4xx_HAL_Driver/Src/stm32f4xx_hal_dac.o
                0x080014b0                DAC_DMAErrorCh1
 .text.HAL_DACEx_ConvCpltCallbackCh2
                0x080014de       0x14 ./Drivers/STM32F4xx_HAL_Driver/Src/stm32f4xx_hal_dac_ex.o
                0x080014de                HAL_DACEx_ConvCpltCallbackCh2
 .text.HAL_DACEx_ConvHalfCpltCallbackCh2
                0x080014f2       0x14 ./Drivers/STM32F4xx_HAL_Driver/Src/stm32f4xx_hal_dac_ex.o
                0x080014f2                HAL_DACEx_ConvHalfCpltCallbackCh2
 .text.HAL_DACEx_ErrorCallbackCh2
                0x08001506       0x14 ./Drivers/STM32F4xx_HAL_Driver/Src/stm32f4xx_hal_dac_ex.o
                0x08001506                HAL_DACEx_ErrorCallbackCh2
 .text.HAL_DACEx_DMAUnderrunCallbackCh2
                0x0800151a       0x14 ./Drivers/STM32F4xx_HAL_Driver/Src/stm32f4xx_hal_dac_ex.o
                0x0800151a                HAL_DACEx_DMAUnderrunCallbackCh2
 .text.DAC_DMAConvCpltCh2
                0x0800152e       0x22 ./Drivers/STM32F4xx_HAL_Driver/Src/stm32f4xx_hal_dac_ex.o
                0x0800152e                DAC_DMAConvCpltCh2
 .text.DAC_DMAHalfConvCpltCh2
                0x08001550       0x1c ./Drivers/STM32F4xx_HAL_Driver/Src/stm32f4xx_hal_dac_ex.o
                0x08001550                DAC_DMAHalfConvCpltCh2
 .text.DAC_DMAErrorCh2
                0x0800156c       0x2e ./Drivers/STM32F4xx_HAL_Driver/Src/stm32f4xx_hal_dac_ex.o
                0x0800156c                DAC_DMAErrorCh2
 *fill*         0x0800159a        0x2 
 .text.HAL_DMA_Init
                0x0800159c      0x15c ./Drivers/STM32F4xx_HAL_Driver/Src/stm32f4xx_hal_dma.o
                0x0800159c                HAL_DMA_Init
 .text.HAL_DMA_Start_IT
                0x080016f8       0xb0 ./Drivers/STM32F4xx_HAL_Driver/Src/stm32f4xx_hal_dma.o
                0x080016f8                HAL_DMA_Start_IT
 .text.HAL_DMA_Abort
                0x080017a8       0xe0 ./Drivers/STM32F4xx_HAL_Driver/Src/stm32f4xx_hal_dma.o
                0x080017a8                HAL_DMA_Abort
 .text.HAL_DMA_Abort_IT
                0x08001888       0x44 ./Drivers/STM32F4xx_HAL_Driver/Src/stm32f4xx_hal_dma.o
                0x08001888                HAL_DMA_Abort_IT
 .text.HAL_DMA_IRQHandler
                0x080018cc      0x314 ./Drivers/STM32F4xx_HAL_Driver/Src/stm32f4xx_hal_dma.o
                0x080018cc                HAL_DMA_IRQHandler
 .text.DMA_SetConfig
                0x08001be0       0x5c ./Drivers/STM32F4xx_HAL_Driver/Src/stm32f4xx_hal_dma.o
 .text.DMA_CalcBaseAndBitshift
                0x08001c3c       0x6c ./Drivers/STM32F4xx_HAL_Driver/Src/stm32f4xx_hal_dma.o
 .text.DMA_CheckFifoParam
                0x08001ca8       0xf8 ./Drivers/STM32F4xx_HAL_Driver/Src/stm32f4xx_hal_dma.o
 .text.HAL_GPIO_Init
                0x08001da0      0x328 ./Drivers/STM32F4xx_HAL_Driver/Src/stm32f4xx_hal_gpio.o
                0x08001da0                HAL_GPIO_Init
 .text.HAL_RCC_ClockConfig
                0x080020c8      0x1cc ./Drivers/STM32F4xx_HAL_Driver/Src/stm32f4xx_hal_rcc.o
                0x080020c8                HAL_RCC_ClockConfig
 .text.HAL_RCC_GetHCLKFreq
                0x08002294       0x18 ./Drivers/STM32F4xx_HAL_Driver/Src/stm32f4xx_hal_rcc.o
                0x08002294                HAL_RCC_GetHCLKFreq
 .text.HAL_RCC_GetPCLK1Freq
                0x080022ac       0x28 ./Drivers/STM32F4xx_HAL_Driver/Src/stm32f4xx_hal_rcc.o
                0x080022ac                HAL_RCC_GetPCLK1Freq
 .text.HAL_RCC_GetPCLK2Freq
                0x080022d4       0x28 ./Drivers/STM32F4xx_HAL_Driver/Src/stm32f4xx_hal_rcc.o
                0x080022d4                HAL_RCC_GetPCLK2Freq
 .text.HAL_RCC_GetClockConfig
                0x080022fc       0x64 ./Drivers/STM32F4xx_HAL_Driver/Src/stm32f4xx_hal_rcc.o
                0x080022fc                HAL_RCC_GetClockConfig
 .text.HAL_RCC_GetSysClockFreq
                0x08002360      0x460 ./Drivers/STM32F4xx_HAL_Driver/Src/stm32f4xx_hal_rcc_ex.o
                0x08002360                HAL_RCC_GetSysClockFreq
 .text.HAL_RCC_OscConfig
                0x080027c0      0x53c ./Drivers/STM32F4xx_HAL_Driver/Src/stm32f4xx_hal_rcc_ex.o
                0x080027c0                HAL_RCC_OscConfig
 .text.HAL_TIM_Base_Init
                0x08002cfc       0x9e ./Drivers/STM32F4xx_HAL_Driver/Src/stm32f4xx_hal_tim.o
                0x08002cfc                HAL_TIM_Base_Init
 *fill*         0x08002d9a        0x2 
 .text.HAL_TIM_Base_Start
                0x08002d9c       0xd0 ./Drivers/STM32F4xx_HAL_Driver/Src/stm32f4xx_hal_tim.o
                0x08002d9c                HAL_TIM_Base_Start
 .text.HAL_TIM_Base_Start_IT
                0x08002e6c       0xe0 ./Drivers/STM32F4xx_HAL_Driver/Src/stm32f4xx_hal_tim.o
                0x08002e6c                HAL_TIM_Base_Start_IT
 .text.HAL_TIM_IRQHandler
                0x08002f4c      0x1e0 ./Drivers/STM32F4xx_HAL_Driver/Src/stm32f4xx_hal_tim.o
                0x08002f4c                HAL_TIM_IRQHandler
 .text.HAL_TIM_ConfigClockSource
                0x0800312c      0x18e ./Drivers/STM32F4xx_HAL_Driver/Src/stm32f4xx_hal_tim.o
                0x0800312c                HAL_TIM_ConfigClockSource
 .text.HAL_TIM_OC_DelayElapsedCallback
                0x080032ba       0x14 ./Drivers/STM32F4xx_HAL_Driver/Src/stm32f4xx_hal_tim.o
                0x080032ba                HAL_TIM_OC_DelayElapsedCallback
 .text.HAL_TIM_IC_CaptureCallback
                0x080032ce       0x14 ./Drivers/STM32F4xx_HAL_Driver/Src/stm32f4xx_hal_tim.o
                0x080032ce                HAL_TIM_IC_CaptureCallback
 .text.HAL_TIM_PWM_PulseFinishedCallback
                0x080032e2       0x14 ./Drivers/STM32F4xx_HAL_Driver/Src/stm32f4xx_hal_tim.o
                0x080032e2                HAL_TIM_PWM_PulseFinishedCallback
 .text.HAL_TIM_TriggerCallback
                0x080032f6       0x14 ./Drivers/STM32F4xx_HAL_Driver/Src/stm32f4xx_hal_tim.o
                0x080032f6                HAL_TIM_TriggerCallback
 *fill*         0x0800330a        0x2 
 .text.TIM_Base_SetConfig
                0x0800330c      0x14c ./Drivers/STM32F4xx_HAL_Driver/Src/stm32f4xx_hal_tim.o
                0x0800330c                TIM_Base_SetConfig
 .text.TIM_TI1_ConfigInputStage
                0x08003458       0x5e ./Drivers/STM32F4xx_HAL_Driver/Src/stm32f4xx_hal_tim.o
 .text.TIM_TI2_ConfigInputStage
                0x080034b6       0x60 ./Drivers/STM32F4xx_HAL_Driver/Src/stm32f4xx_hal_tim.o
 .text.TIM_ITRx_SetConfig
                0x08003516       0x36 ./Drivers/STM32F4xx_HAL_Driver/Src/stm32f4xx_hal_tim.o
 .text.TIM_ETR_SetConfig
                0x0800354c       0x40 ./Drivers/STM32F4xx_HAL_Driver/Src/stm32f4xx_hal_tim.o
                0x0800354c                TIM_ETR_SetConfig
 .text.HAL_TIMEx_MasterConfigSynchronization
                0x0800358c       0xf8 ./Drivers/STM32F4xx_HAL_Driver/Src/stm32f4xx_hal_tim_ex.o
                0x0800358c                HAL_TIMEx_MasterConfigSynchronization
 .text.HAL_TIMEx_CommutCallback
                0x08003684       0x14 ./Drivers/STM32F4xx_HAL_Driver/Src/stm32f4xx_hal_tim_ex.o
                0x08003684                HAL_TIMEx_CommutCallback
 .text.HAL_TIMEx_BreakCallback
                0x08003698       0x14 ./Drivers/STM32F4xx_HAL_Driver/Src/stm32f4xx_hal_tim_ex.o
                0x08003698                HAL_TIMEx_BreakCallback
 .text.HAL_UART_Init
                0x080036ac       0xa0 ./Drivers/STM32F4xx_HAL_Driver/Src/stm32f4xx_hal_uart.o
                0x080036ac                HAL_UART_Init
 .text.HAL_UART_Transmit
                0x0800374c      0x116 ./Drivers/STM32F4xx_HAL_Driver/Src/stm32f4xx_hal_uart.o
                0x0800374c                HAL_UART_Transmit
 .text.HAL_UARTEx_ReceiveToIdle_IT
                0x08003862       0xba ./Drivers/STM32F4xx_HAL_Driver/Src/stm32f4xx_hal_uart.o
                0x08003862                HAL_UARTEx_ReceiveToIdle_IT
 .text.HAL_UART_IRQHandler
                0x0800391c      0x554 ./Drivers/STM32F4xx_HAL_Driver/Src/stm32f4xx_hal_uart.o
                0x0800391c                HAL_UART_IRQHandler
 .text.HAL_UART_TxCpltCallback
                0x08003e70       0x14 ./Drivers/STM32F4xx_HAL_Driver/Src/stm32f4xx_hal_uart.o
                0x08003e70                HAL_UART_TxCpltCallback
 .text.HAL_UART_RxCpltCallback
                0x08003e84       0x14 ./Drivers/STM32F4xx_HAL_Driver/Src/stm32f4xx_hal_uart.o
                0x08003e84                HAL_UART_RxCpltCallback
 .text.HAL_UART_ErrorCallback
                0x08003e98       0x14 ./Drivers/STM32F4xx_HAL_Driver/Src/stm32f4xx_hal_uart.o
                0x08003e98                HAL_UART_ErrorCallback
 .text.UART_WaitOnFlagUntilTimeout
                0x08003eac       0xb2 ./Drivers/STM32F4xx_HAL_Driver/Src/stm32f4xx_hal_uart.o
 .text.UART_Start_Receive_IT
                0x08003f5e       0x74 ./Drivers/STM32F4xx_HAL_Driver/Src/stm32f4xx_hal_uart.o
                0x08003f5e                UART_Start_Receive_IT
 .text.UART_EndRxTransfer
                0x08003fd2       0xc6 ./Drivers/STM32F4xx_HAL_Driver/Src/stm32f4xx_hal_uart.o
 .text.UART_DMAAbortOnError
                0x08004098       0x22 ./Drivers/STM32F4xx_HAL_Driver/Src/stm32f4xx_hal_uart.o
 .text.UART_Transmit_IT
                0x080040ba       0xa0 ./Drivers/STM32F4xx_HAL_Driver/Src/stm32f4xx_hal_uart.o
 .text.UART_EndTransmit_IT
                0x0800415a       0x30 ./Drivers/STM32F4xx_HAL_Driver/Src/stm32f4xx_hal_uart.o
 .text.UART_Receive_IT
                0x0800418a      0x17c ./Drivers/STM32F4xx_HAL_Driver/Src/stm32f4xx_hal_uart.o
 *fill*         0x08004306        0x2 
 .text.UART_SetConfig
                0x08004308      0x4e8 ./Drivers/STM32F4xx_HAL_Driver/Src/stm32f4xx_hal_uart.o
 .text.__NVIC_SetPriority
                0x080047f0       0x54 ./Middlewares/Third_Party/FreeRTOS/Source/CMSIS_RTOS_V2/cmsis_os2.o
 .text.SysTick_Handler
                0x08004844       0x20 ./Middlewares/Third_Party/FreeRTOS/Source/CMSIS_RTOS_V2/cmsis_os2.o
                0x08004844                SysTick_Handler
 .text.SVC_Setup
                0x08004864       0x12 ./Middlewares/Third_Party/FreeRTOS/Source/CMSIS_RTOS_V2/cmsis_os2.o
 *fill*         0x08004876        0x2 
 .text.osKernelInitialize
                0x08004878       0x48 ./Middlewares/Third_Party/FreeRTOS/Source/CMSIS_RTOS_V2/cmsis_os2.o
                0x08004878                osKernelInitialize
 .text.osKernelStart
                0x080048c0       0x4c ./Middlewares/Third_Party/FreeRTOS/Source/CMSIS_RTOS_V2/cmsis_os2.o
                0x080048c0                osKernelStart
 .text.osThreadNew
                0x0800490c      0x124 ./Middlewares/Third_Party/FreeRTOS/Source/CMSIS_RTOS_V2/cmsis_os2.o
                0x0800490c                osThreadNew
 .text.osDelay  0x08004a30       0x36 ./Middlewares/Third_Party/FreeRTOS/Source/CMSIS_RTOS_V2/cmsis_os2.o
                0x08004a30                osDelay
 *fill*         0x08004a66        0x2 
 .text.vApplicationGetIdleTaskMemory
                0x08004a68       0x34 ./Middlewares/Third_Party/FreeRTOS/Source/CMSIS_RTOS_V2/cmsis_os2.o
                0x08004a68                vApplicationGetIdleTaskMemory
 .text.vApplicationGetTimerTaskMemory
                0x08004a9c       0x34 ./Middlewares/Third_Party/FreeRTOS/Source/CMSIS_RTOS_V2/cmsis_os2.o
                0x08004a9c                vApplicationGetTimerTaskMemory
 .text.vListInitialise
                0x08004ad0       0x40 ./Middlewares/Third_Party/FreeRTOS/Source/list.o
                0x08004ad0                vListInitialise
 .text.vListInitialiseItem
                0x08004b10       0x1a ./Middlewares/Third_Party/FreeRTOS/Source/list.o
                0x08004b10                vListInitialiseItem
 .text.vListInsertEnd
                0x08004b2a       0x48 ./Middlewares/Third_Party/FreeRTOS/Source/list.o
                0x08004b2a                vListInsertEnd
 .text.vListInsert
                0x08004b72       0x72 ./Middlewares/Third_Party/FreeRTOS/Source/list.o
                0x08004b72                vListInsert
 .text.uxListRemove
                0x08004be4       0x54 ./Middlewares/Third_Party/FreeRTOS/Source/list.o
                0x08004be4                uxListRemove
 .text.xQueueGenericReset
                0x08004c38       0xd4 ./Middlewares/Third_Party/FreeRTOS/Source/queue.o
                0x08004c38                xQueueGenericReset
 .text.xQueueGenericCreateStatic
                0x08004d0c       0xfa ./Middlewares/Third_Party/FreeRTOS/Source/queue.o
                0x08004d0c                xQueueGenericCreateStatic
 .text.prvInitialiseNewQueue
                0x08004e06       0x46 ./Middlewares/Third_Party/FreeRTOS/Source/queue.o
 .text.xQueueGenericSend
                0x08004e4c      0x204 ./Middlewares/Third_Party/FreeRTOS/Source/queue.o
                0x08004e4c                xQueueGenericSend
 .text.xQueueGenericSendFromISR
                0x08005050      0x13c ./Middlewares/Third_Party/FreeRTOS/Source/queue.o
                0x08005050                xQueueGenericSendFromISR
 .text.xQueueReceive
                0x0800518c      0x1c4 ./Middlewares/Third_Party/FreeRTOS/Source/queue.o
                0x0800518c                xQueueReceive
 .text.prvCopyDataToQueue
                0x08005350       0xd4 ./Middlewares/Third_Party/FreeRTOS/Source/queue.o
 .text.prvCopyDataFromQueue
                0x08005424       0x4c ./Middlewares/Third_Party/FreeRTOS/Source/queue.o
 .text.prvUnlockQueue
                0x08005470       0xa4 ./Middlewares/Third_Party/FreeRTOS/Source/queue.o
 .text.prvIsQueueEmpty
                0x08005514       0x2c ./Middlewares/Third_Party/FreeRTOS/Source/queue.o
 .text.prvIsQueueFull
                0x08005540       0x30 ./Middlewares/Third_Party/FreeRTOS/Source/queue.o
 .text.vQueueAddToRegistry
                0x08005570       0x54 ./Middlewares/Third_Party/FreeRTOS/Source/queue.o
                0x08005570                vQueueAddToRegistry
 .text.vQueueWaitForMessageRestricted
                0x080055c4       0x68 ./Middlewares/Third_Party/FreeRTOS/Source/queue.o
                0x080055c4                vQueueWaitForMessageRestricted
 .text.xTaskCreateStatic
                0x0800562c       0xc0 ./Middlewares/Third_Party/FreeRTOS/Source/tasks.o
                0x0800562c                xTaskCreateStatic
 .text.xTaskCreate
                0x080056ec       0x8a ./Middlewares/Third_Party/FreeRTOS/Source/tasks.o
                0x080056ec                xTaskCreate
 *fill*         0x08005776        0x2 
 .text.prvInitialiseNewTask
                0x08005778      0x150 ./Middlewares/Third_Party/FreeRTOS/Source/tasks.o
 .text.prvAddNewTaskToReadyList
                0x080058c8       0xe0 ./Middlewares/Third_Party/FreeRTOS/Source/tasks.o
 .text.vTaskDelay
                0x080059a8       0x6c ./Middlewares/Third_Party/FreeRTOS/Source/tasks.o
                0x080059a8                vTaskDelay
 .text.vTaskStartScheduler
                0x08005a14       0xe0 ./Middlewares/Third_Party/FreeRTOS/Source/tasks.o
                0x08005a14                vTaskStartScheduler
 .text.vTaskSuspendAll
                0x08005af4       0x1c ./Middlewares/Third_Party/FreeRTOS/Source/tasks.o
                0x08005af4                vTaskSuspendAll
 .text.xTaskResumeAll
                0x08005b10      0x13c ./Middlewares/Third_Party/FreeRTOS/Source/tasks.o
                0x08005b10                xTaskResumeAll
 .text.xTaskGetTickCount
                0x08005c4c       0x20 ./Middlewares/Third_Party/FreeRTOS/Source/tasks.o
                0x08005c4c                xTaskGetTickCount
 .text.xTaskIncrementTick
                0x08005c6c      0x174 ./Middlewares/Third_Party/FreeRTOS/Source/tasks.o
                0x08005c6c                xTaskIncrementTick
 .text.vTaskSwitchContext
                0x08005de0       0xcc ./Middlewares/Third_Party/FreeRTOS/Source/tasks.o
                0x08005de0                vTaskSwitchContext
 .text.vTaskPlaceOnEventList
                0x08005eac       0x4c ./Middlewares/Third_Party/FreeRTOS/Source/tasks.o
                0x08005eac                vTaskPlaceOnEventList
 .text.vTaskPlaceOnEventListRestricted
                0x08005ef8       0x58 ./Middlewares/Third_Party/FreeRTOS/Source/tasks.o
                0x08005ef8                vTaskPlaceOnEventListRestricted
 .text.xTaskRemoveFromEventList
                0x08005f50       0xc8 ./Middlewares/Third_Party/FreeRTOS/Source/tasks.o
                0x08005f50                xTaskRemoveFromEventList
 .text.vTaskInternalSetTimeOutState
                0x08006018       0x2c ./Middlewares/Third_Party/FreeRTOS/Source/tasks.o
                0x08006018                vTaskInternalSetTimeOutState
 .text.xTaskCheckForTimeOut
                0x08006044       0xc8 ./Middlewares/Third_Party/FreeRTOS/Source/tasks.o
                0x08006044                xTaskCheckForTimeOut
 .text.vTaskMissedYield
                0x0800610c       0x18 ./Middlewares/Third_Party/FreeRTOS/Source/tasks.o
                0x0800610c                vTaskMissedYield
 .text.prvIdleTask
                0x08006124       0x30 ./Middlewares/Third_Party/FreeRTOS/Source/tasks.o
 .text.prvInitialiseTaskLists
                0x08006154       0x80 ./Middlewares/Third_Party/FreeRTOS/Source/tasks.o
 .text.prvCheckTasksWaitingTermination
                0x080061d4       0x5c ./Middlewares/Third_Party/FreeRTOS/Source/tasks.o
 .text.prvDeleteTCB
                0x08006230       0x6a ./Middlewares/Third_Party/FreeRTOS/Source/tasks.o
 *fill*         0x0800629a        0x2 
 .text.prvResetNextTaskUnblockTime
                0x0800629c       0x40 ./Middlewares/Third_Party/FreeRTOS/Source/tasks.o
 .text.xTaskGetSchedulerState
                0x080062dc       0x3c ./Middlewares/Third_Party/FreeRTOS/Source/tasks.o
                0x080062dc                xTaskGetSchedulerState
 .text.xTaskPriorityDisinherit
                0x08006318       0xe0 ./Middlewares/Third_Party/FreeRTOS/Source/tasks.o
                0x08006318                xTaskPriorityDisinherit
 .text.prvAddCurrentTaskToDelayedList
                0x080063f8       0xa8 ./Middlewares/Third_Party/FreeRTOS/Source/tasks.o
 .text.xTimerCreateTimerTask
                0x080064a0       0x94 ./Middlewares/Third_Party/FreeRTOS/Source/timers.o
                0x080064a0                xTimerCreateTimerTask
 .text.xTimerGenericCommand
                0x08006534       0x9c ./Middlewares/Third_Party/FreeRTOS/Source/timers.o
                0x08006534                xTimerGenericCommand
 .text.prvProcessExpiredTimer
                0x080065d0       0x9c ./Middlewares/Third_Party/FreeRTOS/Source/timers.o
 .text.prvTimerTask
                0x0800666c       0x26 ./Middlewares/Third_Party/FreeRTOS/Source/timers.o
 *fill*         0x08006692        0x2 
 .text.prvProcessTimerOrBlockTask
                0x08006694       0x9c ./Middlewares/Third_Party/FreeRTOS/Source/timers.o
 .text.prvGetNextExpireTime
                0x08006730       0x48 ./Middlewares/Third_Party/FreeRTOS/Source/timers.o
 .text.prvSampleTimeNow
                0x08006778       0x40 ./Middlewares/Third_Party/FreeRTOS/Source/timers.o
 .text.prvInsertTimerInActiveList
                0x080067b8       0x84 ./Middlewares/Third_Party/FreeRTOS/Source/timers.o
 .text.prvProcessReceivedCommands
                0x0800683c      0x1cc ./Middlewares/Third_Party/FreeRTOS/Source/timers.o
 .text.prvSwitchTimerLists
                0x08006a08       0xcc ./Middlewares/Third_Party/FreeRTOS/Source/timers.o
 .text.prvCheckForValidListAndQueue
                0x08006ad4       0x80 ./Middlewares/Third_Party/FreeRTOS/Source/timers.o
 .text.pxPortInitialiseStack
                0x08006b54       0x68 ./Middlewares/Third_Party/FreeRTOS/Source/portable/GCC/ARM_CM4F/port.o
                0x08006b54                pxPortInitialiseStack
 .text.prvTaskExitError
                0x08006bbc       0x5c ./Middlewares/Third_Party/FreeRTOS/Source/portable/GCC/ARM_CM4F/port.o
 *fill*         0x08006c18        0x8 
 .text.SVC_Handler
                0x08006c20       0x28 ./Middlewares/Third_Party/FreeRTOS/Source/portable/GCC/ARM_CM4F/port.o
                0x08006c20                SVC_Handler
 .text.prvPortStartFirstTask
                0x08006c48       0x28 ./Middlewares/Third_Party/FreeRTOS/Source/portable/GCC/ARM_CM4F/port.o
 .text.xPortStartScheduler
                0x08006c70      0x148 ./Middlewares/Third_Party/FreeRTOS/Source/portable/GCC/ARM_CM4F/port.o
                0x08006c70                xPortStartScheduler
 .text.vPortEnterCritical
                0x08006db8       0x64 ./Middlewares/Third_Party/FreeRTOS/Source/portable/GCC/ARM_CM4F/port.o
                0x08006db8                vPortEnterCritical
 .text.vPortExitCritical
                0x08006e1c       0x54 ./Middlewares/Third_Party/FreeRTOS/Source/portable/GCC/ARM_CM4F/port.o
                0x08006e1c                vPortExitCritical
 .text.PendSV_Handler
                0x08006e70       0x68 ./Middlewares/Third_Party/FreeRTOS/Source/portable/GCC/ARM_CM4F/port.o
                0x08006e70                PendSV_Handler
 .text.xPortSysTickHandler
                0x08006ed8       0x44 ./Middlewares/Third_Party/FreeRTOS/Source/portable/GCC/ARM_CM4F/port.o
                0x08006ed8                xPortSysTickHandler
 .text.vPortSetupTimerInterrupt
                0x08006f1c       0x48 ./Middlewares/Third_Party/FreeRTOS/Source/portable/GCC/ARM_CM4F/port.o
                0x08006f1c                vPortSetupTimerInterrupt
 .text.vPortEnableVFP
                0x08006f64       0x14 ./Middlewares/Third_Party/FreeRTOS/Source/portable/GCC/ARM_CM4F/port.o
 .text.vPortValidateInterruptPriority
                0x08006f78       0x84 ./Middlewares/Third_Party/FreeRTOS/Source/portable/GCC/ARM_CM4F/port.o
                0x08006f78                vPortValidateInterruptPriority
 .text.pvPortMalloc
                0x08006ffc      0x19c ./Middlewares/Third_Party/FreeRTOS/Source/portable/MemMang/heap_4.o
                0x08006ffc                pvPortMalloc
 .text.vPortFree
                0x08007198       0xc8 ./Middlewares/Third_Party/FreeRTOS/Source/portable/MemMang/heap_4.o
                0x08007198                vPortFree
 .text.prvHeapInit
                0x08007260       0xc4 ./Middlewares/Third_Party/FreeRTOS/Source/portable/MemMang/heap_4.o
 .text.prvInsertBlockIntoFreeList
                0x08007324       0xb4 ./Middlewares/Third_Party/FreeRTOS/Source/portable/MemMang/heap_4.o
 .text.memset   0x080073d8       0x10 E:/Outpost Vault/Outpost Door/Outpost downloads/STMCubeIDE/Cube/STM32CubeIDE/plugins/com.st.stm32cube.ide.mcu.externaltools.gnu-tools-for-stm32.14.3.rel1.win32_1.0.100.202602081740/tools/bin/../lib/gcc/arm-none-eabi/14.3.1/../../../../arm-none-eabi/lib/thumb/v7e-m+fp/hard\libc_nano.a(libc_a-memset.o)
                0x080073d8                memset
 .text._reclaim_reent
                0x080073e8       0xbc E:/Outpost Vault/Outpost Door/Outpost downloads/STMCubeIDE/Cube/STM32CubeIDE/plugins/com.st.stm32cube.ide.mcu.externaltools.gnu-tools-for-stm32.14.3.rel1.win32_1.0.100.202602081740/tools/bin/../lib/gcc/arm-none-eabi/14.3.1/../../../../arm-none-eabi/lib/thumb/v7e-m+fp/hard\libc_nano.a(libc_a-reent.o)
                0x080073e8                _reclaim_reent
 .text.__libc_init_array
                0x080074a4       0x48 E:/Outpost Vault/Outpost Door/Outpost downloads/STMCubeIDE/Cube/STM32CubeIDE/plugins/com.st.stm32cube.ide.mcu.externaltools.gnu-tools-for-stm32.14.3.rel1.win32_1.0.100.202602081740/tools/bin/../lib/gcc/arm-none-eabi/14.3.1/../../../../arm-none-eabi/lib/thumb/v7e-m+fp/hard\libc_nano.a(libc_a-init.o)
                0x080074a4                __libc_init_array
 .text.__retarget_lock_acquire_recursive
                0x080074ec        0x2 E:/Outpost Vault/Outpost Door/Outpost downloads/STMCubeIDE/Cube/STM32CubeIDE/plugins/com.st.stm32cube.ide.mcu.externaltools.gnu-tools-for-stm32.14.3.rel1.win32_1.0.100.202602081740/tools/bin/../lib/gcc/arm-none-eabi/14.3.1/../../../../arm-none-eabi/lib/thumb/v7e-m+fp/hard\libc_nano.a(libc_a-lock.o)
                0x080074ec                __retarget_lock_acquire_recursive
 .text.__retarget_lock_release_recursive
                0x080074ee        0x2 E:/Outpost Vault/Outpost Door/Outpost downloads/STMCubeIDE/Cube/STM32CubeIDE/plugins/com.st.stm32cube.ide.mcu.externaltools.gnu-tools-for-stm32.14.3.rel1.win32_1.0.100.202602081740/tools/bin/../lib/gcc/arm-none-eabi/14.3.1/../../../../arm-none-eabi/lib/thumb/v7e-m+fp/hard\libc_nano.a(libc_a-lock.o)
                0x080074ee                __retarget_lock_release_recursive
 .text.memcpy   0x080074f0       0x1c E:/Outpost Vault/Outpost Door/Outpost downloads/STMCubeIDE/Cube/STM32CubeIDE/plugins/com.st.stm32cube.ide.mcu.externaltools.gnu-tools-for-stm32.14.3.rel1.win32_1.0.100.202602081740/tools/bin/../lib/gcc/arm-none-eabi/14.3.1/../../../../arm-none-eabi/lib/thumb/v7e-m+fp/hard\libc_nano.a(libc_a-memcpy-stub.o)
                0x080074f0                memcpy
 .text._free_r  0x0800750c       0x94 E:/Outpost Vault/Outpost Door/Outpost downloads/STMCubeIDE/Cube/STM32CubeIDE/plugins/com.st.stm32cube.ide.mcu.externaltools.gnu-tools-for-stm32.14.3.rel1.win32_1.0.100.202602081740/tools/bin/../lib/gcc/arm-none-eabi/14.3.1/../../../../arm-none-eabi/lib/thumb/v7e-m+fp/hard\libc_nano.a(libc_a-freer.o)
                0x0800750c                _free_r
 .text.__malloc_lock
                0x080075a0        0xc E:/Outpost Vault/Outpost Door/Outpost downloads/STMCubeIDE/Cube/STM32CubeIDE/plugins/com.st.stm32cube.ide.mcu.externaltools.gnu-tools-for-stm32.14.3.rel1.win32_1.0.100.202602081740/tools/bin/../lib/gcc/arm-none-eabi/14.3.1/../../../../arm-none-eabi/lib/thumb/v7e-m+fp/hard\libc_nano.a(libc_a-mlock.o)
                0x080075a0                __malloc_lock
 .text.__malloc_unlock
                0x080075ac        0xc E:/Outpost Vault/Outpost Door/Outpost downloads/STMCubeIDE/Cube/STM32CubeIDE/plugins/com.st.stm32cube.ide.mcu.externaltools.gnu-tools-for-stm32.14.3.rel1.win32_1.0.100.202602081740/tools/bin/../lib/gcc/arm-none-eabi/14.3.1/../../../../arm-none-eabi/lib/thumb/v7e-m+fp/hard\libc_nano.a(libc_a-mlock.o)
                0x080075ac                __malloc_unlock
 *(.glue_7)
 .glue_7        0x080075b8        0x0 linker stubs
 *(.glue_7t)
 .glue_7t       0x080075b8        0x0 linker stubs
 *(.eh_frame)
 .eh_frame      0x080075b8        0x0 E:/Outpost Vault/Outpost Door/Outpost downloads/STMCubeIDE/Cube/STM32CubeIDE/plugins/com.st.stm32cube.ide.mcu.externaltools.gnu-tools-for-stm32.14.3.rel1.win32_1.0.100.202602081740/tools/bin/../lib/gcc/arm-none-eabi/14.3.1/thumb/v7e-m+fp/hard/crtbegin.o
 *(.init)
 .init          0x080075b8        0x4 E:/Outpost Vault/Outpost Door/Outpost downloads/STMCubeIDE/Cube/STM32CubeIDE/plugins/com.st.stm32cube.ide.mcu.externaltools.gnu-tools-for-stm32.14.3.rel1.win32_1.0.100.202602081740/tools/bin/../lib/gcc/arm-none-eabi/14.3.1/thumb/v7e-m+fp/hard/crti.o
                0x080075b8                _init
 .init          0x080075bc        0x8 E:/Outpost Vault/Outpost Door/Outpost downloads/STMCubeIDE/Cube/STM32CubeIDE/plugins/com.st.stm32cube.ide.mcu.externaltools.gnu-tools-for-stm32.14.3.rel1.win32_1.0.100.202602081740/tools/bin/../lib/gcc/arm-none-eabi/14.3.1/thumb/v7e-m+fp/hard/crtn.o
 *(.fini)
 .fini          0x080075c4        0x4 E:/Outpost Vault/Outpost Door/Outpost downloads/STMCubeIDE/Cube/STM32CubeIDE/plugins/com.st.stm32cube.ide.mcu.externaltools.gnu-tools-for-stm32.14.3.rel1.win32_1.0.100.202602081740/tools/bin/../lib/gcc/arm-none-eabi/14.3.1/thumb/v7e-m+fp/hard/crti.o
                0x080075c4                _fini
 .fini          0x080075c8        0x8 E:/Outpost Vault/Outpost Door/Outpost downloads/STMCubeIDE/Cube/STM32CubeIDE/plugins/com.st.stm32cube.ide.mcu.externaltools.gnu-tools-for-stm32.14.3.rel1.win32_1.0.100.202602081740/tools/bin/../lib/gcc/arm-none-eabi/14.3.1/thumb/v7e-m+fp/hard/crtn.o
                0x080075d0                        . = ALIGN (0x4)
                0x080075d0                        _etext = .

.vfp11_veneer   0x080075d0        0x0
 .vfp11_veneer  0x080075d0        0x0 linker stubs

.v4_bx          0x080075d0        0x0
 .v4_bx         0x080075d0        0x0 linker stubs

.iplt           0x080075d0        0x0
 .iplt          0x080075d0        0x0 E:/Outpost Vault/Outpost Door/Outpost downloads/STMCubeIDE/Cube/STM32CubeIDE/plugins/com.st.stm32cube.ide.mcu.externaltools.gnu-tools-for-stm32.14.3.rel1.win32_1.0.100.202602081740/tools/bin/../lib/gcc/arm-none-eabi/14.3.1/thumb/v7e-m+fp/hard/crtbegin.o

.rodata         0x080075d0       0xd4
                0x080075d0                        . = ALIGN (0x4)
 *(.rodata)
 .rodata        0x080075d0       0x2e ./Core/Src/main.o
 *fill*         0x080075fe        0x2 
 .rodata        0x08007600        0x5 ./Middlewares/Third_Party/FreeRTOS/Source/tasks.o
 *fill*         0x08007605        0x3 
 .rodata        0x08007608        0xd ./Middlewares/Third_Party/FreeRTOS/Source/timers.o
 *(.rodata*)
 *fill*         0x08007615        0x3 
 .rodata.Task1_attributes
                0x08007618       0x24 ./Core/Src/main.o
                0x08007618                Task1_attributes
 .rodata.Task2_attributes
                0x0800763c       0x24 ./Core/Src/main.o
                0x0800763c                Task2_attributes
 .rodata.Task3_attributes
                0x08007660       0x24 ./Core/Src/main.o
                0x08007660                Task3_attributes
 .rodata.AHBPrescTable
                0x08007684       0x10 ./Core/Src/system_stm32f4xx.o
                0x08007684                AHBPrescTable
 .rodata.APBPrescTable
                0x08007694        0x8 ./Core/Src/system_stm32f4xx.o
                0x08007694                APBPrescTable
 .rodata.flagBitshiftOffset.0
                0x0800769c        0x8 ./Drivers/STM32F4xx_HAL_Driver/Src/stm32f4xx_hal_dma.o
                0x080076a4                        . = ALIGN (0x4)

.ARM.extab      0x080076a4        0x0
                0x080076a4                        . = ALIGN (0x4)
 *(.ARM.extab* .gnu.linkonce.armextab.*)
                0x080076a4                        . = ALIGN (0x4)

.ARM            0x080076a4        0x8
                0x080076a4                        . = ALIGN (0x4)
                0x080076a4                        __exidx_start = .
 *(.ARM.exidx*)
 .ARM.exidx     0x080076a4        0x8 E:/Outpost Vault/Outpost Door/Outpost downloads/STMCubeIDE/Cube/STM32CubeIDE/plugins/com.st.stm32cube.ide.mcu.externaltools.gnu-tools-for-stm32.14.3.rel1.win32_1.0.100.202602081740/tools/bin/../lib/gcc/arm-none-eabi/14.3.1/../../../../arm-none-eabi/lib/thumb/v7e-m+fp/hard\libc_nano.a(libc_a-strcmp.o)
 .ARM.exidx     0x080076ac        0x0 E:/Outpost Vault/Outpost Door/Outpost downloads/STMCubeIDE/Cube/STM32CubeIDE/plugins/com.st.stm32cube.ide.mcu.externaltools.gnu-tools-for-stm32.14.3.rel1.win32_1.0.100.202602081740/tools/bin/../lib/gcc/arm-none-eabi/14.3.1/thumb/v7e-m+fp/hard\libgcc.a(_udivmoddi4.o)
                                  0x8 (size before relaxing)
                0x080076ac                        __exidx_end = .
                0x080076ac                        . = ALIGN (0x4)

.preinit_array  0x080076ac        0x0
                0x080076ac                        . = ALIGN (0x4)
                0x080076ac                        PROVIDE (__preinit_array_start = .)
 *(.preinit_array*)
                0x080076ac                        PROVIDE (__preinit_array_end = .)
                0x080076ac                        . = ALIGN (0x4)

.init_array     0x080076ac        0x4
                0x080076ac                        . = ALIGN (0x4)
                0x080076ac                        PROVIDE (__init_array_start = .)
 *(SORT_BY_NAME(.init_array.*))
 *(.init_array*)
 .init_array    0x080076ac        0x4 E:/Outpost Vault/Outpost Door/Outpost downloads/STMCubeIDE/Cube/STM32CubeIDE/plugins/com.st.stm32cube.ide.mcu.externaltools.gnu-tools-for-stm32.14.3.rel1.win32_1.0.100.202602081740/tools/bin/../lib/gcc/arm-none-eabi/14.3.1/thumb/v7e-m+fp/hard/crtbegin.o
                0x080076b0                        PROVIDE (__init_array_end = .)
                0x080076b0                        . = ALIGN (0x4)

.fini_array     0x080076b0        0x4
                0x080076b0                        . = ALIGN (0x4)
                [!provide]                        PROVIDE (__fini_array_start = .)
 *(SORT_BY_NAME(.fini_array.*))
 *(.fini_array*)
 .fini_array    0x080076b0        0x4 E:/Outpost Vault/Outpost Door/Outpost downloads/STMCubeIDE/Cube/STM32CubeIDE/plugins/com.st.stm32cube.ide.mcu.externaltools.gnu-tools-for-stm32.14.3.rel1.win32_1.0.100.202602081740/tools/bin/../lib/gcc/arm-none-eabi/14.3.1/thumb/v7e-m+fp/hard/crtbegin.o
                [!provide]                        PROVIDE (__fini_array_end = .)
                0x080076b4                        . = ALIGN (0x4)
                0x080076b4                        _sidata = LOADADDR (.data)

.rel.dyn        0x080076b4        0x0
 .rel.iplt      0x080076b4        0x0 E:/Outpost Vault/Outpost Door/Outpost downloads/STMCubeIDE/Cube/STM32CubeIDE/plugins/com.st.stm32cube.ide.mcu.externaltools.gnu-tools-for-stm32.14.3.rel1.win32_1.0.100.202602081740/tools/bin/../lib/gcc/arm-none-eabi/14.3.1/thumb/v7e-m+fp/hard/crtbegin.o

.data           0x20000000       0xe4 load address 0x080076b4
                0x20000000                        . = ALIGN (0x4)
                0x20000000                        _sdata = .
 *(.data)
 *(.data*)
 .data.cmd      0x20000000        0x4 ./Core/Src/main.o
                0x20000000                cmd
 .data.saw      0x20000004       0x80 ./Core/Src/main.o
                0x20000004                saw
 .data.SystemCoreClock
                0x20000084        0x4 ./Core/Src/system_stm32f4xx.o
                0x20000084                SystemCoreClock
 .data.uwTickPrio
                0x20000088        0x4 ./Drivers/STM32F4xx_HAL_Driver/Src/stm32f4xx_hal.o
                0x20000088                uwTickPrio
 .data.uwTickFreq
                0x2000008c        0x1 ./Drivers/STM32F4xx_HAL_Driver/Src/stm32f4xx_hal.o
                0x2000008c                uwTickFreq
 *fill*         0x2000008d        0x3 
 .data.uxCriticalNesting
                0x20000090        0x4 ./Middlewares/Third_Party/FreeRTOS/Source/portable/GCC/ARM_CM4F/port.o
 .data._impure_ptr
                0x20000094        0x4 E:/Outpost Vault/Outpost Door/Outpost downloads/STMCubeIDE/Cube/STM32CubeIDE/plugins/com.st.stm32cube.ide.mcu.externaltools.gnu-tools-for-stm32.14.3.rel1.win32_1.0.100.202602081740/tools/bin/../lib/gcc/arm-none-eabi/14.3.1/../../../../arm-none-eabi/lib/thumb/v7e-m+fp/hard\libc_nano.a(libc_a-impure.o)
                0x20000094                _impure_ptr
 .data._impure_data
                0x20000098       0x4c E:/Outpost Vault/Outpost Door/Outpost downloads/STMCubeIDE/Cube/STM32CubeIDE/plugins/com.st.stm32cube.ide.mcu.externaltools.gnu-tools-for-stm32.14.3.rel1.win32_1.0.100.202602081740/tools/bin/../lib/gcc/arm-none-eabi/14.3.1/../../../../arm-none-eabi/lib/thumb/v7e-m+fp/hard\libc_nano.a(libc_a-impure.o)
                0x20000098                _impure_data
 *(.RamFunc)
 *(.RamFunc*)
                0x200000e4                        . = ALIGN (0x4)
                0x200000e4                        _edata = .

.igot.plt       0x200000e4        0x0 load address 0x08007798
 .igot.plt      0x200000e4        0x0 E:/Outpost Vault/Outpost Door/Outpost downloads/STMCubeIDE/Cube/STM32CubeIDE/plugins/com.st.stm32cube.ide.mcu.externaltools.gnu-tools-for-stm32.14.3.rel1.win32_1.0.100.202602081740/tools/bin/../lib/gcc/arm-none-eabi/14.3.1/thumb/v7e-m+fp/hard/crtbegin.o
                0x200000e4                        . = ALIGN (0x4)

.bss            0x200000e4     0x4ccc load address 0x08007798
                0x200000e4                        _sbss = .
                0x200000e4                        __bss_start__ = _sbss
 *(.bss)
 .bss           0x200000e4       0x1c E:/Outpost Vault/Outpost Door/Outpost downloads/STMCubeIDE/Cube/STM32CubeIDE/plugins/com.st.stm32cube.ide.mcu.externaltools.gnu-tools-for-stm32.14.3.rel1.win32_1.0.100.202602081740/tools/bin/../lib/gcc/arm-none-eabi/14.3.1/thumb/v7e-m+fp/hard/crtbegin.o
 *(.bss*)
 .bss.hdac      0x20000100       0x14 ./Core/Src/main.o
                0x20000100                hdac
 .bss.hdma_dac1
                0x20000114       0x60 ./Core/Src/main.o
                0x20000114                hdma_dac1
 .bss.htim2     0x20000174       0x48 ./Core/Src/main.o
                0x20000174                htim2
 .bss.huart2    0x200001bc       0x48 ./Core/Src/main.o
                0x200001bc                huart2
 .bss.Task1Handle
                0x20000204        0x4 ./Core/Src/main.o
                0x20000204                Task1Handle
 .bss.Task2Handle
                0x20000208        0x4 ./Core/Src/main.o
                0x20000208                Task2Handle
 .bss.Task3Handle
                0x2000020c        0x4 ./Core/Src/main.o
                0x2000020c                Task3Handle
 .bss.DATA      0x20000210       0x28 ./Core/Src/main.o
                0x20000210                DATA
 .bss.data_length
                0x20000238        0x2 ./Core/Src/main.o
                0x20000238                data_length
 .bss.uart_int_var
                0x2000023a        0x1 ./Core/Src/main.o
                0x2000023a                uart_int_var
 *fill*         0x2000023b        0x1 
 .bss.htim6     0x2000023c       0x48 ./Core/Src/stm32f4xx_hal_timebase_tim.o
                0x2000023c                htim6
 .bss.uwTick    0x20000284        0x4 ./Drivers/STM32F4xx_HAL_Driver/Src/stm32f4xx_hal.o
                0x20000284                uwTick
 .bss.KernelState
                0x20000288        0x4 ./Middlewares/Third_Party/FreeRTOS/Source/CMSIS_RTOS_V2/cmsis_os2.o
 .bss.Idle_TCB.3
                0x2000028c       0xa8 ./Middlewares/Third_Party/FreeRTOS/Source/CMSIS_RTOS_V2/cmsis_os2.o
 .bss.Idle_Stack.2
                0x20000334      0x200 ./Middlewares/Third_Party/FreeRTOS/Source/CMSIS_RTOS_V2/cmsis_os2.o
 .bss.Timer_TCB.1
                0x20000534       0xa8 ./Middlewares/Third_Party/FreeRTOS/Source/CMSIS_RTOS_V2/cmsis_os2.o
 .bss.Timer_Stack.0
                0x200005dc      0x400 ./Middlewares/Third_Party/FreeRTOS/Source/CMSIS_RTOS_V2/cmsis_os2.o
 .bss.xQueueRegistry
                0x200009dc       0x40 ./Middlewares/Third_Party/FreeRTOS/Source/queue.o
                0x200009dc                xQueueRegistry
 .bss.pxCurrentTCB
                0x20000a1c        0x4 ./Middlewares/Third_Party/FreeRTOS/Source/tasks.o
                0x20000a1c                pxCurrentTCB
 .bss.pxReadyTasksLists
                0x20000a20      0x460 ./Middlewares/Third_Party/FreeRTOS/Source/tasks.o
 .bss.xDelayedTaskList1
                0x20000e80       0x14 ./Middlewares/Third_Party/FreeRTOS/Source/tasks.o
 .bss.xDelayedTaskList2
                0x20000e94       0x14 ./Middlewares/Third_Party/FreeRTOS/Source/tasks.o
 .bss.pxDelayedTaskList
                0x20000ea8        0x4 ./Middlewares/Third_Party/FreeRTOS/Source/tasks.o
 .bss.pxOverflowDelayedTaskList
                0x20000eac        0x4 ./Middlewares/Third_Party/FreeRTOS/Source/tasks.o
 .bss.xPendingReadyList
                0x20000eb0       0x14 ./Middlewares/Third_Party/FreeRTOS/Source/tasks.o
 .bss.xTasksWaitingTermination
                0x20000ec4       0x14 ./Middlewares/Third_Party/FreeRTOS/Source/tasks.o
 .bss.uxDeletedTasksWaitingCleanUp
                0x20000ed8        0x4 ./Middlewares/Third_Party/FreeRTOS/Source/tasks.o
 .bss.xSuspendedTaskList
                0x20000edc       0x14 ./Middlewares/Third_Party/FreeRTOS/Source/tasks.o
 .bss.uxCurrentNumberOfTasks
                0x20000ef0        0x4 ./Middlewares/Third_Party/FreeRTOS/Source/tasks.o
 .bss.xTickCount
                0x20000ef4        0x4 ./Middlewares/Third_Party/FreeRTOS/Source/tasks.o
 .bss.uxTopReadyPriority
                0x20000ef8        0x4 ./Middlewares/Third_Party/FreeRTOS/Source/tasks.o
 .bss.xSchedulerRunning
                0x20000efc        0x4 ./Middlewares/Third_Party/FreeRTOS/Source/tasks.o
 .bss.xPendedTicks
                0x20000f00        0x4 ./Middlewares/Third_Party/FreeRTOS/Source/tasks.o
 .bss.xYieldPending
                0x20000f04        0x4 ./Middlewares/Third_Party/FreeRTOS/Source/tasks.o
 .bss.xNumOfOverflows
                0x20000f08        0x4 ./Middlewares/Third_Party/FreeRTOS/Source/tasks.o
 .bss.uxTaskNumber
                0x20000f0c        0x4 ./Middlewares/Third_Party/FreeRTOS/Source/tasks.o
 .bss.xNextTaskUnblockTime
                0x20000f10        0x4 ./Middlewares/Third_Party/FreeRTOS/Source/tasks.o
 .bss.xIdleTaskHandle
                0x20000f14        0x4 ./Middlewares/Third_Party/FreeRTOS/Source/tasks.o
 .bss.uxSchedulerSuspended
                0x20000f18        0x4 ./Middlewares/Third_Party/FreeRTOS/Source/tasks.o
 .bss.xActiveTimerList1
                0x20000f1c       0x14 ./Middlewares/Third_Party/FreeRTOS/Source/timers.o
 .bss.xActiveTimerList2
                0x20000f30       0x14 ./Middlewares/Third_Party/FreeRTOS/Source/timers.o
 .bss.pxCurrentTimerList
                0x20000f44        0x4 ./Middlewares/Third_Party/FreeRTOS/Source/timers.o
 .bss.pxOverflowTimerList
                0x20000f48        0x4 ./Middlewares/Third_Party/FreeRTOS/Source/timers.o
 .bss.xTimerQueue
                0x20000f4c        0x4 ./Middlewares/Third_Party/FreeRTOS/Source/timers.o
 .bss.xTimerTaskHandle
                0x20000f50        0x4 ./Middlewares/Third_Party/FreeRTOS/Source/timers.o
 .bss.xLastTime.2
                0x20000f54        0x4 ./Middlewares/Third_Party/FreeRTOS/Source/timers.o
 .bss.ucStaticTimerQueueStorage.1
                0x20000f58       0xa0 ./Middlewares/Third_Party/FreeRTOS/Source/timers.o
 .bss.xStaticTimerQueue.0
                0x20000ff8       0x50 ./Middlewares/Third_Party/FreeRTOS/Source/timers.o
 .bss.ucMaxSysCallPriority
                0x20001048        0x1 ./Middlewares/Third_Party/FreeRTOS/Source/portable/GCC/ARM_CM4F/port.o
 *fill*         0x20001049        0x3 
 .bss.ulMaxPRIGROUPValue
                0x2000104c        0x4 ./Middlewares/Third_Party/FreeRTOS/Source/portable/GCC/ARM_CM4F/port.o
 .bss.ucHeap    0x20001050     0x3c00 ./Middlewares/Third_Party/FreeRTOS/Source/portable/MemMang/heap_4.o
 .bss.xStart    0x20004c50        0x8 ./Middlewares/Third_Party/FreeRTOS/Source/portable/MemMang/heap_4.o
 .bss.pxEnd     0x20004c58        0x4 ./Middlewares/Third_Party/FreeRTOS/Source/portable/MemMang/heap_4.o
 .bss.xFreeBytesRemaining
                0x20004c5c        0x4 ./Middlewares/Third_Party/FreeRTOS/Source/portable/MemMang/heap_4.o
 .bss.xMinimumEverFreeBytesRemaining
                0x20004c60        0x4 ./Middlewares/Third_Party/FreeRTOS/Source/portable/MemMang/heap_4.o
 .bss.xNumberOfSuccessfulAllocations
                0x20004c64        0x4 ./Middlewares/Third_Party/FreeRTOS/Source/portable/MemMang/heap_4.o
 .bss.xNumberOfSuccessfulFrees
                0x20004c68        0x4 ./Middlewares/Third_Party/FreeRTOS/Source/portable/MemMang/heap_4.o
 .bss.xBlockAllocatedBit
                0x20004c6c        0x4 ./Middlewares/Third_Party/FreeRTOS/Source/portable/MemMang/heap_4.o
 .bss.__sf      0x20004c70      0x138 E:/Outpost Vault/Outpost Door/Outpost downloads/STMCubeIDE/Cube/STM32CubeIDE/plugins/com.st.stm32cube.ide.mcu.externaltools.gnu-tools-for-stm32.14.3.rel1.win32_1.0.100.202602081740/tools/bin/../lib/gcc/arm-none-eabi/14.3.1/../../../../arm-none-eabi/lib/thumb/v7e-m+fp/hard\libc_nano.a(libc_a-findfp.o)
                0x20004c70                __sf
 .bss.__lock___malloc_recursive_mutex
                0x20004da8        0x1 E:/Outpost Vault/Outpost Door/Outpost downloads/STMCubeIDE/Cube/STM32CubeIDE/plugins/com.st.stm32cube.ide.mcu.externaltools.gnu-tools-for-stm32.14.3.rel1.win32_1.0.100.202602081740/tools/bin/../lib/gcc/arm-none-eabi/14.3.1/../../../../arm-none-eabi/lib/thumb/v7e-m+fp/hard\libc_nano.a(libc_a-lock.o)
                0x20004da8                __lock___malloc_recursive_mutex
 *fill*         0x20004da9        0x3 
 .bss.__malloc_free_list
                0x20004dac        0x4 E:/Outpost Vault/Outpost Door/Outpost downloads/STMCubeIDE/Cube/STM32CubeIDE/plugins/com.st.stm32cube.ide.mcu.externaltools.gnu-tools-for-stm32.14.3.rel1.win32_1.0.100.202602081740/tools/bin/../lib/gcc/arm-none-eabi/14.3.1/../../../../arm-none-eabi/lib/thumb/v7e-m+fp/hard\libc_nano.a(libc_a-mallocr.o)
                0x20004dac                __malloc_free_list
 *(COMMON)
                0x20004db0                        . = ALIGN (0x4)
                0x20004db0                        _ebss = .
                0x20004db0                        __bss_end__ = _ebss

._user_heap_stack
                0x20004db0      0x600 load address 0x08007798
                0x20004db0                        . = ALIGN (0x8)
                [!provide]                        PROVIDE (end = .)
                0x20004db0                        PROVIDE (_end = .)
                0x20004fb0                        . = (. + _Min_Heap_Size)
 *fill*         0x20004db0      0x200 
                0x200053b0                        . = (. + _Min_Stack_Size)
 *fill*         0x20004fb0      0x400 
                0x200053b0                        . = ALIGN (0x8)

/DISCARD/
 libc.a(*)
 libm.a(*)
 libgcc.a(*)

.ARM.attributes
                0x00000000       0x30
 *(.ARM.attributes)
 .ARM.attributes
                0x00000000       0x22 E:/Outpost Vault/Outpost Door/Outpost downloads/STMCubeIDE/Cube/STM32CubeIDE/plugins/com.st.stm32cube.ide.mcu.externaltools.gnu-tools-for-stm32.14.3.rel1.win32_1.0.100.202602081740/tools/bin/../lib/gcc/arm-none-eabi/14.3.1/thumb/v7e-m+fp/hard/crti.o
 .ARM.attributes
                0x00000022       0x34 E:/Outpost Vault/Outpost Door/Outpost downloads/STMCubeIDE/Cube/STM32CubeIDE/plugins/com.st.stm32cube.ide.mcu.externaltools.gnu-tools-for-stm32.14.3.rel1.win32_1.0.100.202602081740/tools/bin/../lib/gcc/arm-none-eabi/14.3.1/thumb/v7e-m+fp/hard/crtbegin.o
 .ARM.attributes
                0x00000056       0x34 ./Core/Src/main.o
 .ARM.attributes
                0x0000008a       0x34 ./Core/Src/stm32f4xx_hal_msp.o
 .ARM.attributes
                0x000000be       0x34 ./Core/Src/stm32f4xx_hal_timebase_tim.o
 .ARM.attributes
                0x000000f2       0x34 ./Core/Src/stm32f4xx_it.o
 .ARM.attributes
                0x00000126       0x34 ./Core/Src/system_stm32f4xx.o
 .ARM.attributes
                0x0000015a       0x21 ./Core/Startup/startup_stm32f446retx.o
 .ARM.attributes
                0x0000017b       0x34 ./Drivers/STM32F4xx_HAL_Driver/Src/stm32f4xx_hal.o
 .ARM.attributes
                0x000001af       0x34 ./Drivers/STM32F4xx_HAL_Driver/Src/stm32f4xx_hal_cortex.o
 .ARM.attributes
                0x000001e3       0x34 ./Drivers/STM32F4xx_HAL_Driver/Src/stm32f4xx_hal_dac.o
 .ARM.attributes
                0x00000217       0x34 ./Drivers/STM32F4xx_HAL_Driver/Src/stm32f4xx_hal_dac_ex.o
 .ARM.attributes
                0x0000024b       0x34 ./Drivers/STM32F4xx_HAL_Driver/Src/stm32f4xx_hal_dma.o
 .ARM.attributes
                0x0000027f       0x34 ./Drivers/STM32F4xx_HAL_Driver/Src/stm32f4xx_hal_gpio.o
 .ARM.attributes
                0x000002b3       0x34 ./Drivers/STM32F4xx_HAL_Driver/Src/stm32f4xx_hal_rcc.o
 .ARM.attributes
                0x000002e7       0x34 ./Drivers/STM32F4xx_HAL_Driver/Src/stm32f4xx_hal_rcc_ex.o
 .ARM.attributes
                0x0000031b       0x34 ./Drivers/STM32F4xx_HAL_Driver/Src/stm32f4xx_hal_tim.o
 .ARM.attributes
                0x0000034f       0x34 ./Drivers/STM32F4xx_HAL_Driver/Src/stm32f4xx_hal_tim_ex.o
 .ARM.attributes
                0x00000383       0x34 ./Drivers/STM32F4xx_HAL_Driver/Src/stm32f4xx_hal_uart.o
 .ARM.attributes
                0x000003b7       0x34 ./Middlewares/Third_Party/FreeRTOS/Source/CMSIS_RTOS_V2/cmsis_os2.o
 .ARM.attributes
                0x000003eb       0x34 ./Middlewares/Third_Party/FreeRTOS/Source/list.o
 .ARM.attributes
                0x0000041f       0x34 ./Middlewares/Third_Party/FreeRTOS/Source/queue.o
 .ARM.attributes
                0x00000453       0x34 ./Middlewares/Third_Party/FreeRTOS/Source/tasks.o
 .ARM.attributes
                0x00000487       0x34 ./Middlewares/Third_Party/FreeRTOS/Source/timers.o
 .ARM.attributes
                0x000004bb       0x34 ./Middlewares/Third_Party/FreeRTOS/Source/portable/GCC/ARM_CM4F/port.o
 .ARM.attributes
                0x000004ef       0x34 ./Middlewares/Third_Party/FreeRTOS/Source/portable/MemMang/heap_4.o
 .ARM.attributes
                0x00000523       0x34 E:/Outpost Vault/Outpost Door/Outpost downloads/STMCubeIDE/Cube/STM32CubeIDE/plugins/com.st.stm32cube.ide.mcu.externaltools.gnu-tools-for-stm32.14.3.rel1.win32_1.0.100.202602081740/tools/bin/../lib/gcc/arm-none-eabi/14.3.1/../../../../arm-none-eabi/lib/thumb/v7e-m+fp/hard\libc_nano.a(libc_a-findfp.o)
 .ARM.attributes
                0x00000557       0x34 E:/Outpost Vault/Outpost Door/Outpost downloads/STMCubeIDE/Cube/STM32CubeIDE/plugins/com.st.stm32cube.ide.mcu.externaltools.gnu-tools-for-stm32.14.3.rel1.win32_1.0.100.202602081740/tools/bin/../lib/gcc/arm-none-eabi/14.3.1/../../../../arm-none-eabi/lib/thumb/v7e-m+fp/hard\libc_nano.a(libc_a-memset.o)
 .ARM.attributes
                0x0000058b       0x34 E:/Outpost Vault/Outpost Door/Outpost downloads/STMCubeIDE/Cube/STM32CubeIDE/plugins/com.st.stm32cube.ide.mcu.externaltools.gnu-tools-for-stm32.14.3.rel1.win32_1.0.100.202602081740/tools/bin/../lib/gcc/arm-none-eabi/14.3.1/../../../../arm-none-eabi/lib/thumb/v7e-m+fp/hard\libc_nano.a(libc_a-reent.o)
 .ARM.attributes
                0x000005bf       0x34 E:/Outpost Vault/Outpost Door/Outpost downloads/STMCubeIDE/Cube/STM32CubeIDE/plugins/com.st.stm32cube.ide.mcu.externaltools.gnu-tools-for-stm32.14.3.rel1.win32_1.0.100.202602081740/tools/bin/../lib/gcc/arm-none-eabi/14.3.1/../../../../arm-none-eabi/lib/thumb/v7e-m+fp/hard\libc_nano.a(libc_a-impure.o)
 .ARM.attributes
                0x000005f3       0x34 E:/Outpost Vault/Outpost Door/Outpost downloads/STMCubeIDE/Cube/STM32CubeIDE/plugins/com.st.stm32cube.ide.mcu.externaltools.gnu-tools-for-stm32.14.3.rel1.win32_1.0.100.202602081740/tools/bin/../lib/gcc/arm-none-eabi/14.3.1/../../../../arm-none-eabi/lib/thumb/v7e-m+fp/hard\libc_nano.a(libc_a-init.o)
 .ARM.attributes
                0x00000627       0x34 E:/Outpost Vault/Outpost Door/Outpost downloads/STMCubeIDE/Cube/STM32CubeIDE/plugins/com.st.stm32cube.ide.mcu.externaltools.gnu-tools-for-stm32.14.3.rel1.win32_1.0.100.202602081740/tools/bin/../lib/gcc/arm-none-eabi/14.3.1/../../../../arm-none-eabi/lib/thumb/v7e-m+fp/hard\libc_nano.a(libc_a-lock.o)
 .ARM.attributes
                0x0000065b       0x20 E:/Outpost Vault/Outpost Door/Outpost downloads/STMCubeIDE/Cube/STM32CubeIDE/plugins/com.st.stm32cube.ide.mcu.externaltools.gnu-tools-for-stm32.14.3.rel1.win32_1.0.100.202602081740/tools/bin/../lib/gcc/arm-none-eabi/14.3.1/../../../../arm-none-eabi/lib/thumb/v7e-m+fp/hard\libc_nano.a(libc_a-strcmp.o)
 .ARM.attributes
                0x0000067b       0x34 E:/Outpost Vault/Outpost Door/Outpost downloads/STMCubeIDE/Cube/STM32CubeIDE/plugins/com.st.stm32cube.ide.mcu.externaltools.gnu-tools-for-stm32.14.3.rel1.win32_1.0.100.202602081740/tools/bin/../lib/gcc/arm-none-eabi/14.3.1/../../../../arm-none-eabi/lib/thumb/v7e-m+fp/hard\libc_nano.a(libc_a-memcpy-stub.o)
 .ARM.attributes
                0x000006af       0x34 E:/Outpost Vault/Outpost Door/Outpost downloads/STMCubeIDE/Cube/STM32CubeIDE/plugins/com.st.stm32cube.ide.mcu.externaltools.gnu-tools-for-stm32.14.3.rel1.win32_1.0.100.202602081740/tools/bin/../lib/gcc/arm-none-eabi/14.3.1/../../../../arm-none-eabi/lib/thumb/v7e-m+fp/hard\libc_nano.a(libc_a-freer.o)
 .ARM.attributes
                0x000006e3       0x34 E:/Outpost Vault/Outpost Door/Outpost downloads/STMCubeIDE/Cube/STM32CubeIDE/plugins/com.st.stm32cube.ide.mcu.externaltools.gnu-tools-for-stm32.14.3.rel1.win32_1.0.100.202602081740/tools/bin/../lib/gcc/arm-none-eabi/14.3.1/../../../../arm-none-eabi/lib/thumb/v7e-m+fp/hard\libc_nano.a(libc_a-mallocr.o)
 .ARM.attributes
                0x00000717       0x34 E:/Outpost Vault/Outpost Door/Outpost downloads/STMCubeIDE/Cube/STM32CubeIDE/plugins/com.st.stm32cube.ide.mcu.externaltools.gnu-tools-for-stm32.14.3.rel1.win32_1.0.100.202602081740/tools/bin/../lib/gcc/arm-none-eabi/14.3.1/../../../../arm-none-eabi/lib/thumb/v7e-m+fp/hard\libc_nano.a(libc_a-mlock.o)
 .ARM.attributes
                0x0000074b       0x22 E:/Outpost Vault/Outpost Door/Outpost downloads/STMCubeIDE/Cube/STM32CubeIDE/plugins/com.st.stm32cube.ide.mcu.externaltools.gnu-tools-for-stm32.14.3.rel1.win32_1.0.100.202602081740/tools/bin/../lib/gcc/arm-none-eabi/14.3.1/thumb/v7e-m+fp/hard\libgcc.a(_aeabi_uldivmod.o)
 .ARM.attributes
                0x0000076d       0x34 E:/Outpost Vault/Outpost Door/Outpost downloads/STMCubeIDE/Cube/STM32CubeIDE/plugins/com.st.stm32cube.ide.mcu.externaltools.gnu-tools-for-stm32.14.3.rel1.win32_1.0.100.202602081740/tools/bin/../lib/gcc/arm-none-eabi/14.3.1/thumb/v7e-m+fp/hard\libgcc.a(_udivmoddi4.o)
 .ARM.attributes
                0x000007a1       0x22 E:/Outpost Vault/Outpost Door/Outpost downloads/STMCubeIDE/Cube/STM32CubeIDE/plugins/com.st.stm32cube.ide.mcu.externaltools.gnu-tools-for-stm32.14.3.rel1.win32_1.0.100.202602081740/tools/bin/../lib/gcc/arm-none-eabi/14.3.1/thumb/v7e-m+fp/hard\libgcc.a(_dvmd_tls.o)
 .ARM.attributes
                0x000007c3       0x22 E:/Outpost Vault/Outpost Door/Outpost downloads/STMCubeIDE/Cube/STM32CubeIDE/plugins/com.st.stm32cube.ide.mcu.externaltools.gnu-tools-for-stm32.14.3.rel1.win32_1.0.100.202602081740/tools/bin/../lib/gcc/arm-none-eabi/14.3.1/thumb/v7e-m+fp/hard/crtn.o
OUTPUT(stm_rx_and_tx.elf elf32-littlearm)
LOAD linker stubs
LOAD E:/Outpost Vault/Outpost Door/Outpost downloads/STMCubeIDE/Cube/STM32CubeIDE/plugins/com.st.stm32cube.ide.mcu.externaltools.gnu-tools-for-stm32.14.3.rel1.win32_1.0.100.202602081740/tools/bin/../lib/gcc/arm-none-eabi/14.3.1/../../../../arm-none-eabi/lib/thumb/v7e-m+fp/hard\libc.a
LOAD E:/Outpost Vault/Outpost Door/Outpost downloads/STMCubeIDE/Cube/STM32CubeIDE/plugins/com.st.stm32cube.ide.mcu.externaltools.gnu-tools-for-stm32.14.3.rel1.win32_1.0.100.202602081740/tools/bin/../lib/gcc/arm-none-eabi/14.3.1/../../../../arm-none-eabi/lib/thumb/v7e-m+fp/hard\libm.a
LOAD E:/Outpost Vault/Outpost Door/Outpost downloads/STMCubeIDE/Cube/STM32CubeIDE/plugins/com.st.stm32cube.ide.mcu.externaltools.gnu-tools-for-stm32.14.3.rel1.win32_1.0.100.202602081740/tools/bin/../lib/gcc/arm-none-eabi/14.3.1/thumb/v7e-m+fp/hard\libgcc.a

.debug_info     0x00000000    0x1af2b
 .debug_info    0x00000000     0x1a9c ./Core/Src/main.o
 .debug_info    0x00001a9c     0x11f4 ./Core/Src/stm32f4xx_hal_msp.o
 .debug_info    0x00002c90      0xc44 ./Core/Src/stm32f4xx_hal_timebase_tim.o
 .debug_info    0x000038d4      0xb1d ./Core/Src/stm32f4xx_it.o
 .debug_info    0x000043f1      0x54a ./Core/Src/system_stm32f4xx.o
 .debug_info    0x0000493b       0x30 ./Core/Startup/startup_stm32f446retx.o
 .debug_info    0x0000496b      0x99a ./Drivers/STM32F4xx_HAL_Driver/Src/stm32f4xx_hal.o
 .debug_info    0x00005305      0xdaa ./Drivers/STM32F4xx_HAL_Driver/Src/stm32f4xx_hal_cortex.o
 .debug_info    0x000060af      0xa01 ./Drivers/STM32F4xx_HAL_Driver/Src/stm32f4xx_hal_dac.o
 .debug_info    0x00006ab0      0x750 ./Drivers/STM32F4xx_HAL_Driver/Src/stm32f4xx_hal_dac_ex.o
 .debug_info    0x00007200      0x8e7 ./Drivers/STM32F4xx_HAL_Driver/Src/stm32f4xx_hal_dma.o
 .debug_info    0x00007ae7      0x70b ./Drivers/STM32F4xx_HAL_Driver/Src/stm32f4xx_hal_gpio.o
 .debug_info    0x000081f2      0x8ff ./Drivers/STM32F4xx_HAL_Driver/Src/stm32f4xx_hal_rcc.o
 .debug_info    0x00008af1      0x960 ./Drivers/STM32F4xx_HAL_Driver/Src/stm32f4xx_hal_rcc_ex.o
 .debug_info    0x00009451     0x299d ./Drivers/STM32F4xx_HAL_Driver/Src/stm32f4xx_hal_tim.o
 .debug_info    0x0000bdee     0x14db ./Drivers/STM32F4xx_HAL_Driver/Src/stm32f4xx_hal_tim_ex.o
 .debug_info    0x0000d2c9     0x2f4f ./Drivers/STM32F4xx_HAL_Driver/Src/stm32f4xx_hal_uart.o
 .debug_info    0x00010218     0x4127 ./Middlewares/Third_Party/FreeRTOS/Source/CMSIS_RTOS_V2/cmsis_os2.o
 .debug_info    0x0001433f      0x2af ./Middlewares/Third_Party/FreeRTOS/Source/list.o
 .debug_info    0x000145ee     0x1b79 ./Middlewares/Third_Party/FreeRTOS/Source/queue.o
 .debug_info    0x00016167     0x28c1 ./Middlewares/Third_Party/FreeRTOS/Source/tasks.o
 .debug_info    0x00018a28     0x1b50 ./Middlewares/Third_Party/FreeRTOS/Source/timers.o
 .debug_info    0x0001a578      0x4de ./Middlewares/Third_Party/FreeRTOS/Source/portable/GCC/ARM_CM4F/port.o
 .debug_info    0x0001aa56      0x4d5 ./Middlewares/Third_Party/FreeRTOS/Source/portable/MemMang/heap_4.o

.debug_abbrev   0x00000000     0x3a44
 .debug_abbrev  0x00000000      0x32f ./Core/Src/main.o
 .debug_abbrev  0x0000032f      0x266 ./Core/Src/stm32f4xx_hal_msp.o
 .debug_abbrev  0x00000595      0x1f4 ./Core/Src/stm32f4xx_hal_timebase_tim.o
 .debug_abbrev  0x00000789      0x188 ./Core/Src/stm32f4xx_it.o
 .debug_abbrev  0x00000911      0x11a ./Core/Src/system_stm32f4xx.o
 .debug_abbrev  0x00000a2b       0x24 ./Core/Startup/startup_stm32f446retx.o
 .debug_abbrev  0x00000a4f      0x214 ./Drivers/STM32F4xx_HAL_Driver/Src/stm32f4xx_hal.o
 .debug_abbrev  0x00000c63      0x31d ./Drivers/STM32F4xx_HAL_Driver/Src/stm32f4xx_hal_cortex.o
 .debug_abbrev  0x00000f80      0x1fa ./Drivers/STM32F4xx_HAL_Driver/Src/stm32f4xx_hal_dac.o
 .debug_abbrev  0x0000117a      0x1ef ./Drivers/STM32F4xx_HAL_Driver/Src/stm32f4xx_hal_dac_ex.o
 .debug_abbrev  0x00001369      0x264 ./Drivers/STM32F4xx_HAL_Driver/Src/stm32f4xx_hal_dma.o
 .debug_abbrev  0x000015cd      0x1d4 ./Drivers/STM32F4xx_HAL_Driver/Src/stm32f4xx_hal_gpio.o
 .debug_abbrev  0x000017a1      0x2b7 ./Drivers/STM32F4xx_HAL_Driver/Src/stm32f4xx_hal_rcc.o
 .debug_abbrev  0x00001a58      0x211 ./Drivers/STM32F4xx_HAL_Driver/Src/stm32f4xx_hal_rcc_ex.o
 .debug_abbrev  0x00001c69      0x278 ./Drivers/STM32F4xx_HAL_Driver/Src/stm32f4xx_hal_tim.o
 .debug_abbrev  0x00001ee1      0x283 ./Drivers/STM32F4xx_HAL_Driver/Src/stm32f4xx_hal_tim_ex.o
 .debug_abbrev  0x00002164      0x30e ./Drivers/STM32F4xx_HAL_Driver/Src/stm32f4xx_hal_uart.o
 .debug_abbrev  0x00002472      0x548 ./Middlewares/Third_Party/FreeRTOS/Source/CMSIS_RTOS_V2/cmsis_os2.o
 .debug_abbrev  0x000029ba       0xf5 ./Middlewares/Third_Party/FreeRTOS/Source/list.o
 .debug_abbrev  0x00002aaf      0x3b6 ./Middlewares/Third_Party/FreeRTOS/Source/queue.o
 .debug_abbrev  0x00002e65      0x3fe ./Middlewares/Third_Party/FreeRTOS/Source/tasks.o
 .debug_abbrev  0x00003263      0x368 ./Middlewares/Third_Party/FreeRTOS/Source/timers.o
 .debug_abbrev  0x000035cb      0x25c ./Middlewares/Third_Party/FreeRTOS/Source/portable/GCC/ARM_CM4F/port.o
 .debug_abbrev  0x00003827      0x21d ./Middlewares/Third_Party/FreeRTOS/Source/portable/MemMang/heap_4.o

.debug_aranges  0x00000000     0x1650
 .debug_aranges
                0x00000000       0x80 ./Core/Src/main.o
 .debug_aranges
                0x00000080       0x50 ./Core/Src/stm32f4xx_hal_msp.o
 .debug_aranges
                0x000000d0       0x30 ./Core/Src/stm32f4xx_hal_timebase_tim.o
 .debug_aranges
                0x00000100       0x60 ./Core/Src/stm32f4xx_it.o
 .debug_aranges
                0x00000160       0x28 ./Core/Src/system_stm32f4xx.o
 .debug_aranges
                0x00000188       0x28 ./Core/Startup/startup_stm32f446retx.o
 .debug_aranges
                0x000001b0       0xf0 ./Drivers/STM32F4xx_HAL_Driver/Src/stm32f4xx_hal.o
 .debug_aranges
                0x000002a0      0x130 ./Drivers/STM32F4xx_HAL_Driver/Src/stm32f4xx_hal_cortex.o
 .debug_aranges
                0x000003d0       0xc0 ./Drivers/STM32F4xx_HAL_Driver/Src/stm32f4xx_hal_dac.o
 .debug_aranges
                0x00000490       0x80 ./Drivers/STM32F4xx_HAL_Driver/Src/stm32f4xx_hal_dac_ex.o
 .debug_aranges
                0x00000510       0x90 ./Drivers/STM32F4xx_HAL_Driver/Src/stm32f4xx_hal_dma.o
 .debug_aranges
                0x000005a0       0x58 ./Drivers/STM32F4xx_HAL_Driver/Src/stm32f4xx_hal_gpio.o
 .debug_aranges
                0x000005f8       0x88 ./Drivers/STM32F4xx_HAL_Driver/Src/stm32f4xx_hal_rcc.o
 .debug_aranges
                0x00000680       0x78 ./Drivers/STM32F4xx_HAL_Driver/Src/stm32f4xx_hal_rcc_ex.o
 .debug_aranges
                0x000006f8      0x3d0 ./Drivers/STM32F4xx_HAL_Driver/Src/stm32f4xx_hal_tim.o
 .debug_aranges
                0x00000ac8      0x168 ./Drivers/STM32F4xx_HAL_Driver/Src/stm32f4xx_hal_tim_ex.o
 .debug_aranges
                0x00000c30      0x208 ./Drivers/STM32F4xx_HAL_Driver/Src/stm32f4xx_hal_uart.o
 .debug_aranges
                0x00000e38      0x2b0 ./Middlewares/Third_Party/FreeRTOS/Source/CMSIS_RTOS_V2/cmsis_os2.o
 .debug_aranges
                0x000010e8       0x40 ./Middlewares/Third_Party/FreeRTOS/Source/list.o
 .debug_aranges
                0x00001128      0x158 ./Middlewares/Third_Party/FreeRTOS/Source/queue.o
 .debug_aranges
                0x00001280      0x208 ./Middlewares/Third_Party/FreeRTOS/Source/tasks.o
 .debug_aranges
                0x00001488       0xf0 ./Middlewares/Third_Party/FreeRTOS/Source/timers.o
 .debug_aranges
                0x00001578       0x80 ./Middlewares/Third_Party/FreeRTOS/Source/portable/GCC/ARM_CM4F/port.o
 .debug_aranges
                0x000015f8       0x58 ./Middlewares/Third_Party/FreeRTOS/Source/portable/MemMang/heap_4.o

.debug_rnglists
                0x00000000     0x1154
 .debug_rnglists
                0x00000000       0x5f ./Core/Src/main.o
 .debug_rnglists
                0x0000005f       0x39 ./Core/Src/stm32f4xx_hal_msp.o
 .debug_rnglists
                0x00000098       0x20 ./Core/Src/stm32f4xx_hal_timebase_tim.o
 .debug_rnglists
                0x000000b8       0x43 ./Core/Src/stm32f4xx_it.o
 .debug_rnglists
                0x000000fb       0x1a ./Core/Src/system_stm32f4xx.o
 .debug_rnglists
                0x00000115       0x19 ./Core/Startup/startup_stm32f446retx.o
 .debug_rnglists
                0x0000012e       0xaf ./Drivers/STM32F4xx_HAL_Driver/Src/stm32f4xx_hal.o
 .debug_rnglists
                0x000001dd       0xe0 ./Drivers/STM32F4xx_HAL_Driver/Src/stm32f4xx_hal_cortex.o
 .debug_rnglists
                0x000002bd       0x90 ./Drivers/STM32F4xx_HAL_Driver/Src/stm32f4xx_hal_dac.o
 .debug_rnglists
                0x0000034d       0x5c ./Drivers/STM32F4xx_HAL_Driver/Src/stm32f4xx_hal_dac_ex.o
 .debug_rnglists
                0x000003a9       0x70 ./Drivers/STM32F4xx_HAL_Driver/Src/stm32f4xx_hal_dma.o
 .debug_rnglists
                0x00000419       0x3f ./Drivers/STM32F4xx_HAL_Driver/Src/stm32f4xx_hal_gpio.o
 .debug_rnglists
                0x00000458       0x66 ./Drivers/STM32F4xx_HAL_Driver/Src/stm32f4xx_hal_rcc.o
 .debug_rnglists
                0x000004be       0x5e ./Drivers/STM32F4xx_HAL_Driver/Src/stm32f4xx_hal_rcc_ex.o
 .debug_rnglists
                0x0000051c      0x31a ./Drivers/STM32F4xx_HAL_Driver/Src/stm32f4xx_hal_tim.o
 .debug_rnglists
                0x00000836      0x125 ./Drivers/STM32F4xx_HAL_Driver/Src/stm32f4xx_hal_tim_ex.o
 .debug_rnglists
                0x0000095b      0x1bc ./Drivers/STM32F4xx_HAL_Driver/Src/stm32f4xx_hal_uart.o
 .debug_rnglists
                0x00000b17      0x212 ./Middlewares/Third_Party/FreeRTOS/Source/CMSIS_RTOS_V2/cmsis_os2.o
 .debug_rnglists
                0x00000d29       0x2b ./Middlewares/Third_Party/FreeRTOS/Source/list.o
 .debug_rnglists
                0x00000d54      0x109 ./Middlewares/Third_Party/FreeRTOS/Source/queue.o
 .debug_rnglists
                0x00000e5d      0x1a0 ./Middlewares/Third_Party/FreeRTOS/Source/tasks.o
 .debug_rnglists
                0x00000ffd       0xb8 ./Middlewares/Third_Party/FreeRTOS/Source/timers.o
 .debug_rnglists
                0x000010b5       0x5d ./Middlewares/Third_Party/FreeRTOS/Source/portable/GCC/ARM_CM4F/port.o
 .debug_rnglists
                0x00001112       0x42 ./Middlewares/Third_Party/FreeRTOS/Source/portable/MemMang/heap_4.o

.debug_macro    0x00000000     0x3882
 .debug_macro   0x00000000      0x36d ./Core/Src/main.o
 .debug_macro   0x0000036d       0x5c ./Core/Src/main.o
 .debug_macro   0x000003c9      0x16f ./Core/Src/main.o
 .debug_macro   0x00000538       0x66 ./Core/Src/main.o
 .debug_macro   0x0000059e       0x74 ./Core/Src/main.o
 .debug_macro   0x00000612       0xdd ./Core/Src/main.o
 .debug_macro   0x000006ef       0x16 ./Core/Src/main.o
 .debug_macro   0x00000705       0x20 ./Core/Src/main.o
 .debug_macro   0x00000725      0x1f1 ./Core/Src/stm32f4xx_hal_msp.o
 .debug_macro   0x00000916      0x1e2 ./Core/Src/stm32f4xx_hal_timebase_tim.o
 .debug_macro   0x00000af8      0x1fb ./Core/Src/stm32f4xx_it.o
 .debug_macro   0x00000cf3      0x1e2 ./Core/Src/system_stm32f4xx.o
 .debug_macro   0x00000ed5      0x242 ./Drivers/STM32F4xx_HAL_Driver/Src/stm32f4xx_hal.o
 .debug_macro   0x00001117      0x1e2 ./Drivers/STM32F4xx_HAL_Driver/Src/stm32f4xx_hal_cortex.o
 .debug_macro   0x000012f9      0x1e3 ./Drivers/STM32F4xx_HAL_Driver/Src/stm32f4xx_hal_dac.o
 .debug_macro   0x000014dc      0x1e2 ./Drivers/STM32F4xx_HAL_Driver/Src/stm32f4xx_hal_dac_ex.o
 .debug_macro   0x000016be      0x1e8 ./Drivers/STM32F4xx_HAL_Driver/Src/stm32f4xx_hal_dma.o
 .debug_macro   0x000018a6      0x1e8 ./Drivers/STM32F4xx_HAL_Driver/Src/stm32f4xx_hal_gpio.o
 .debug_macro   0x00001a8e      0x206 ./Drivers/STM32F4xx_HAL_Driver/Src/stm32f4xx_hal_rcc.o
 .debug_macro   0x00001c94      0x1e2 ./Drivers/STM32F4xx_HAL_Driver/Src/stm32f4xx_hal_rcc_ex.o
 .debug_macro   0x00001e76      0x1e3 ./Drivers/STM32F4xx_HAL_Driver/Src/stm32f4xx_hal_tim.o
 .debug_macro   0x00002059      0x1e2 ./Drivers/STM32F4xx_HAL_Driver/Src/stm32f4xx_hal_tim_ex.o
 .debug_macro   0x0000223b      0x1e3 ./Drivers/STM32F4xx_HAL_Driver/Src/stm32f4xx_hal_uart.o
 .debug_macro   0x0000241e      0x3eb ./Middlewares/Third_Party/FreeRTOS/Source/CMSIS_RTOS_V2/cmsis_os2.o
 .debug_macro   0x00002809       0x10 ./Middlewares/Third_Party/FreeRTOS/Source/CMSIS_RTOS_V2/cmsis_os2.o
 .debug_macro   0x00002819       0x10 ./Middlewares/Third_Party/FreeRTOS/Source/CMSIS_RTOS_V2/cmsis_os2.o
 .debug_macro   0x00002829       0xf5 ./Middlewares/Third_Party/FreeRTOS/Source/CMSIS_RTOS_V2/cmsis_os2.o
 .debug_macro   0x0000291e       0x16 ./Middlewares/Third_Party/FreeRTOS/Source/CMSIS_RTOS_V2/cmsis_os2.o
 .debug_macro   0x00002934       0x91 ./Middlewares/Third_Party/FreeRTOS/Source/CMSIS_RTOS_V2/cmsis_os2.o
 .debug_macro   0x000029c5       0x8d ./Middlewares/Third_Party/FreeRTOS/Source/CMSIS_RTOS_V2/cmsis_os2.o
 .debug_macro   0x00002a52       0x9a ./Middlewares/Third_Party/FreeRTOS/Source/CMSIS_RTOS_V2/cmsis_os2.o
 .debug_macro   0x00002aec       0x22 ./Middlewares/Third_Party/FreeRTOS/Source/CMSIS_RTOS_V2/cmsis_os2.o
 .debug_macro   0x00002b0e      0x199 ./Middlewares/Third_Party/FreeRTOS/Source/list.o
 .debug_macro   0x00002ca7      0x228 ./Middlewares/Third_Party/FreeRTOS/Source/queue.o
 .debug_macro   0x00002ecf       0x87 ./Middlewares/Third_Party/FreeRTOS/Source/queue.o
 .debug_macro   0x00002f56      0x291 ./Middlewares/Third_Party/FreeRTOS/Source/tasks.o
 .debug_macro   0x000031e7       0x10 ./Middlewares/Third_Party/FreeRTOS/Source/tasks.o
 .debug_macro   0x000031f7      0x1ee ./Middlewares/Third_Party/FreeRTOS/Source/timers.o
 .debug_macro   0x000033e5       0x97 ./Middlewares/Third_Party/FreeRTOS/Source/timers.o
 .debug_macro   0x0000347c      0x246 ./Middlewares/Third_Party/FreeRTOS/Source/portable/GCC/ARM_CM4F/port.o
 .debug_macro   0x000036c2      0x1c0 ./Middlewares/Third_Party/FreeRTOS/Source/portable/MemMang/heap_4.o

.debug_line     0x00000000    0x195ed
 .debug_line    0x00000000      0xcf0 ./Core/Src/main.o
 .debug_line    0x00000cf0      0x885 ./Core/Src/stm32f4xx_hal_msp.o
 .debug_line    0x00001575      0x805 ./Core/Src/stm32f4xx_hal_timebase_tim.o
 .debug_line    0x00001d7a      0x849 ./Core/Src/stm32f4xx_it.o
 .debug_line    0x000025c3      0x7fd ./Core/Src/system_stm32f4xx.o
 .debug_line    0x00002dc0       0x7a ./Core/Startup/startup_stm32f446retx.o
 .debug_line    0x00002e3a      0xa7c ./Drivers/STM32F4xx_HAL_Driver/Src/stm32f4xx_hal.o
 .debug_line    0x000038b6      0xd49 ./Drivers/STM32F4xx_HAL_Driver/Src/stm32f4xx_hal_cortex.o
 .debug_line    0x000045ff      0xb8b ./Drivers/STM32F4xx_HAL_Driver/Src/stm32f4xx_hal_dac.o
 .debug_line    0x0000518a      0x98f ./Drivers/STM32F4xx_HAL_Driver/Src/stm32f4xx_hal_dac_ex.o
 .debug_line    0x00005b19      0xfe5 ./Drivers/STM32F4xx_HAL_Driver/Src/stm32f4xx_hal_dma.o
 .debug_line    0x00006afe      0xbba ./Drivers/STM32F4xx_HAL_Driver/Src/stm32f4xx_hal_gpio.o
 .debug_line    0x000076b8      0xe94 ./Drivers/STM32F4xx_HAL_Driver/Src/stm32f4xx_hal_rcc.o
 .debug_line    0x0000854c     0x1545 ./Drivers/STM32F4xx_HAL_Driver/Src/stm32f4xx_hal_rcc_ex.o
 .debug_line    0x00009a91     0x37f4 ./Drivers/STM32F4xx_HAL_Driver/Src/stm32f4xx_hal_tim.o
 .debug_line    0x0000d285     0x19d9 ./Drivers/STM32F4xx_HAL_Driver/Src/stm32f4xx_hal_tim_ex.o
 .debug_line    0x0000ec5e     0x25c1 ./Drivers/STM32F4xx_HAL_Driver/Src/stm32f4xx_hal_uart.o
 .debug_line    0x0001121f     0x258f ./Middlewares/Third_Party/FreeRTOS/Source/CMSIS_RTOS_V2/cmsis_os2.o
 .debug_line    0x000137ae      0x7cf ./Middlewares/Third_Party/FreeRTOS/Source/list.o
 .debug_line    0x00013f7d     0x1763 ./Middlewares/Third_Party/FreeRTOS/Source/queue.o
 .debug_line    0x000156e0     0x1d6a ./Middlewares/Third_Party/FreeRTOS/Source/tasks.o
 .debug_line    0x0001744a      0xe3d ./Middlewares/Third_Party/FreeRTOS/Source/timers.o
 .debug_line    0x00018287      0x980 ./Middlewares/Third_Party/FreeRTOS/Source/portable/GCC/ARM_CM4F/port.o
 .debug_line    0x00018c07      0x9e6 ./Middlewares/Third_Party/FreeRTOS/Source/portable/MemMang/heap_4.o

.debug_str      0x00000000    0xdcbe8
 .debug_str     0x00000000    0xdcbe8 ./Core/Src/main.o
                              0xd401f (size before relaxing)
 .debug_str     0x000dcbe8    0xcbc42 ./Core/Src/stm32f4xx_hal_msp.o
 .debug_str     0x000dcbe8    0xcb7f2 ./Core/Src/stm32f4xx_hal_timebase_tim.o
 .debug_str     0x000dcbe8    0xcb539 ./Core/Src/stm32f4xx_it.o
 .debug_str     0x000dcbe8    0xcacba ./Core/Src/system_stm32f4xx.o
 .debug_str     0x000dcbe8       0xa5 ./Core/Startup/startup_stm32f446retx.o
 .debug_str     0x000dcbe8    0xcb87f ./Drivers/STM32F4xx_HAL_Driver/Src/stm32f4xx_hal.o
 .debug_str     0x000dcbe8    0xcb5d6 ./Drivers/STM32F4xx_HAL_Driver/Src/stm32f4xx_hal_cortex.o
 .debug_str     0x000dcbe8    0xcb117 ./Drivers/STM32F4xx_HAL_Driver/Src/stm32f4xx_hal_dac.o
 .debug_str     0x000dcbe8    0xcaff2 ./Drivers/STM32F4xx_HAL_Driver/Src/stm32f4xx_hal_dac_ex.o
 .debug_str     0x000dcbe8    0xcb0af ./Drivers/STM32F4xx_HAL_Driver/Src/stm32f4xx_hal_dma.o
 .debug_str     0x000dcbe8    0xcae35 ./Drivers/STM32F4xx_HAL_Driver/Src/stm32f4xx_hal_gpio.o
 .debug_str     0x000dcbe8    0xcb0f3 ./Drivers/STM32F4xx_HAL_Driver/Src/stm32f4xx_hal_rcc.o
 .debug_str     0x000dcbe8    0xcb126 ./Drivers/STM32F4xx_HAL_Driver/Src/stm32f4xx_hal_rcc_ex.o
 .debug_str     0x000dcbe8    0xcc01f ./Drivers/STM32F4xx_HAL_Driver/Src/stm32f4xx_hal_tim.o
 .debug_str     0x000dcbe8    0xcb82b ./Drivers/STM32F4xx_HAL_Driver/Src/stm32f4xx_hal_tim_ex.o
 .debug_str     0x000dcbe8    0xcb6aa ./Drivers/STM32F4xx_HAL_Driver/Src/stm32f4xx_hal_uart.o
 .debug_str     0x000dcbe8    0xd5c5b ./Middlewares/Third_Party/FreeRTOS/Source/CMSIS_RTOS_V2/cmsis_os2.o
 .debug_str     0x000dcbe8     0xabde ./Middlewares/Third_Party/FreeRTOS/Source/list.o
 .debug_str     0x000dcbe8     0xc71e ./Middlewares/Third_Party/FreeRTOS/Source/queue.o
 .debug_str     0x000dcbe8     0xd523 ./Middlewares/Third_Party/FreeRTOS/Source/tasks.o
 .debug_str     0x000dcbe8     0xcf6f ./Middlewares/Third_Party/FreeRTOS/Source/timers.o
 .debug_str     0x000dcbe8     0xb91c ./Middlewares/Third_Party/FreeRTOS/Source/portable/GCC/ARM_CM4F/port.o
 .debug_str     0x000dcbe8     0xb520 ./Middlewares/Third_Party/FreeRTOS/Source/portable/MemMang/heap_4.o

.comment        0x00000000       0x43
 .comment       0x00000000       0x43 ./Core/Src/main.o
                                 0x44 (size before relaxing)
 .comment       0x00000043       0x44 ./Core/Src/stm32f4xx_hal_msp.o
 .comment       0x00000043       0x44 ./Core/Src/stm32f4xx_hal_timebase_tim.o
 .comment       0x00000043       0x44 ./Core/Src/stm32f4xx_it.o
 .comment       0x00000043       0x44 ./Core/Src/system_stm32f4xx.o
 .comment       0x00000043       0x44 ./Drivers/STM32F4xx_HAL_Driver/Src/stm32f4xx_hal.o
 .comment       0x00000043       0x44 ./Drivers/STM32F4xx_HAL_Driver/Src/stm32f4xx_hal_cortex.o
 .comment       0x00000043       0x44 ./Drivers/STM32F4xx_HAL_Driver/Src/stm32f4xx_hal_dac.o