../Core/Src/main.c:106:6:serial_message_print	1
../Core/Src/main.c:113:6:read_data	1
../Core/Src/main.c:131:6:print_data	1
../Core/Src/main.c:145:5:main	1
../Core/Src/main.c:240:6:SystemClock_Config	3
../Core/Src/main.c:288:13:MX_DAC_Init	3
../Core/Src/main.c:328:13:MX_I2C1_Init	2
../Core/Src/main.c:362:13:MX_TIM2_Init	4
../Core/Src/main.c:407:13:MX_USART2_UART_Init	2
../Core/Src/main.c:438:13:MX_DMA_Init	1
../Core/Src/main.c:456:13:MX_GPIO_Init	1
../Core/Src/main.c:491:6:StartTask1	2
../Core/Src/main.c:558:6:StartTask2	1
../Core/Src/main.c:576:6:StartTask3	1
../Core/Src/main.c:595:6:HAL_TIM_PeriodElapsedCallback	2
../Core/Src/main.c:613:6:Error_Handler	1
