../Core/Src/main.c:104:6:serial_message_print	16	static
../Core/Src/main.c:111:6:read_accel_data	56	static
../Core/Src/main.c:129:6:read_gyro_data	56	static
../Core/Src/main.c:146:6:print_data	40	static
../Core/Src/main.c:160:5:main	8	static
../Core/Src/main.c:255:6:SystemClock_Config	88	static
../Core/Src/main.c:303:13:MX_DAC_Init	16	static
../Core/Src/main.c:343:13:MX_I2C1_Init	8	static
../Core/Src/main.c:377:13:MX_TIM2_Init	32	static
../Core/Src/main.c:422:13:MX_USART2_UART_Init	8	static
../Core/Src/main.c:453:13:MX_DMA_Init	16	static
../Core/Src/main.c:471:13:MX_GPIO_Init	48	static
../Core/Src/main.c:506:6:StartTask1	80	static
../Core/Src/main.c:580:6:StartTask2	16	static
../Core/Src/main.c:598:6:StartTask3	16	static
../Core/Src/main.c:617:6:HAL_TIM_PeriodElapsedCallback	16	static
../Core/Src/main.c:635:6:Error_Handler	4	static,ignoring_inline_asm
