../Core/Src/main.c:106:6:serial_message_print	1
../Core/Src/main.c:113:6:read_data	1
../Core/Src/main.c:132:5:main	1
../Core/Src/main.c:227:6:SystemClock_Config	3
../Core/Src/main.c:275:13:MX_DAC_Init	3
../Core/Src/main.c:315:13:MX_I2C1_Init	2
../Core/Src/main.c:349:13:MX_TIM2_Init	4
../Core/Src/main.c:394:13:MX_USART2_UART_Init	2
../Core/Src/main.c:425:13:MX_DMA_Init	1
../Core/Src/main.c:443:13:MX_GPIO_Init	1
../Core/Src/main.c:478:6:StartTask1	2
../Core/Src/main.c:549:6:StartTask2	1
../Core/Src/main.c:567:6:StartTask3	1
../Core/Src/main.c:586:6:HAL_TIM_PeriodElapsedCallback	2
../Core/Src/main.c:604:6:Error_Handler	1
